Archive member included to satisfy reference by file (symbol)

/home/janne/ebsdk/ebfw/obj/lx164/ether.a(arp.o)
                              /home/janne/ebsdk/ebfw/obj/lx164/cmd.o (arp_show)
/home/janne/ebsdk/ebfw/obj/lx164/ether.a(edevice.o)
                              /home/janne/ebsdk/ebfw/obj/lx164/cmd.o (ether_device_print_stats)
/home/janne/ebsdk/ebfw/obj/lx164/ether.a(ethernet.o)
                              /home/janne/ebsdk/ebfw/obj/lx164/ether.a(arp.o) (ethernet_register_protocol)
/home/janne/ebsdk/ebfw/obj/lx164/ether.a(ip.o)
                              /home/janne/ebsdk/ebfw/obj/lx164/ether.a(arp.o) (own_ip_addr_unknown_address)
/home/janne/ebsdk/ebfw/obj/lx164/ether.a(net_buff.o)
                              /home/janne/ebsdk/ebfw/obj/lx164/main.o (etherbuffers)
/home/janne/ebsdk/ebfw/obj/lx164/ether.a(netboot.o)
                              /home/janne/ebsdk/ebfw/obj/lx164/cmd.o (netboot)
/home/janne/ebsdk/ebfw/obj/lx164/ether.a(netman.o)
                              /home/janne/ebsdk/ebfw/obj/lx164/cmd.o (netman_set_monitor_device)
/home/janne/ebsdk/ebfw/obj/lx164/ether.a(tftp.o)
                              /home/janne/ebsdk/ebfw/obj/lx164/ether.a(netboot.o) (tftp_load)
/home/janne/ebsdk/ebfw/obj/lx164/ether.a(udp.o)
                              /home/janne/ebsdk/ebfw/obj/lx164/ether.a(netman.o) (udp_init)
/home/janne/ebsdk/ebfw/obj/lx164/ether.a(DEC21040.o)
                              /home/janne/ebsdk/ebfw/obj/lx164/ether.a(netman.o) (DECchip_21040_device_register)
/home/janne/ebsdk/ebfw/obj/lx164/ether.a(am79c960.o)
                              /home/janne/ebsdk/ebfw/obj/lx164/ether.a(netman.o) (am79c960_device_register)
/home/janne/ebsdk/ebfw/obj/lx164/ether.a(bootp.o)
                              /home/janne/ebsdk/ebfw/obj/lx164/ether.a(netboot.o) (bootp_boot)
/home/janne/ebsdk/ebfw/obj/lx164/ladebug.a(kernel.o)
                              /home/janne/ebsdk/ebfw/obj/lx164/cmd.o (kinstall_breakpoints)
/home/janne/ebsdk/ebfw/obj/lx164/ladebug.a(readloop.o)
                              /home/janne/ebsdk/ebfw/obj/lx164/ladebug.a(kernel.o) (read_packets)
/home/janne/ebsdk/ebfw/obj/lx164/ladebug.a(kutil.o)
                              /home/janne/ebsdk/ebfw/obj/lx164/ladebug.a(kernel.o) (kutilinitbreaks)
/home/janne/ebsdk/ebfw/obj/lx164/ladebug.a(bptable.o)
                              /home/janne/ebsdk/ebfw/obj/lx164/ladebug.a(kernel.o) (bptinitialize)
/home/janne/ebsdk/ebfw/obj/lx164/ladebug.a(pkthandl.o)
                              /home/janne/ebsdk/ebfw/obj/lx164/ladebug.a(readloop.o) (ProcessPacket)
/home/janne/ebsdk/ebfw/obj/lx164/ladebug.a(pktutil.o)
                              /home/janne/ebsdk/ebfw/obj/lx164/ladebug.a(pkthandl.o) (ReadNetShort)
/home/janne/ebsdk/ebfw/library/unix/release/biosem.a(target.o)
                              /home/janne/ebsdk/ebfw/obj/lx164/io_port.o (SetupBiosGraphics)
/home/janne/ebsdk/ebfw/library/unix/release/biosem.a(control.o)
                              /home/janne/ebsdk/ebfw/library/unix/release/biosem.a(target.o) (ECInit)
/home/janne/ebsdk/ebfw/library/unix/release/biosem.a(hw.o)
                              /home/janne/ebsdk/ebfw/library/unix/release/biosem.a(control.o) (EHWGetMemLong)
/home/janne/ebsdk/ebfw/library/unix/release/biosem.a(iface.o)
                              /home/janne/ebsdk/ebfw/library/unix/release/biosem.a(control.o) (create_cpu)
/home/janne/ebsdk/ebfw/library/unix/release/biosem.a(cpp.o)
                              /home/janne/ebsdk/ebfw/library/unix/release/biosem.a(iface.o) (__nw__XUl)
/home/janne/ebsdk/ebfw/library/unix/release/biosem.a(bios.o)
                              /home/janne/ebsdk/ebfw/library/unix/release/biosem.a(hw.o) (EBBiosDataArea)
/home/janne/ebsdk/ebfw/library/unix/release/biosem.a(oper_cpp.o)
                              /home/janne/ebsdk/ebfw/library/unix/release/biosem.a(iface.o) (__vtbl_13MemoryOperand)
/home/janne/ebsdk/ebfw/library/unix/release/biosem.a(cpu.o)
                              /home/janne/ebsdk/ebfw/library/unix/release/biosem.a(iface.o) (__ct__3CpuXv)
/home/janne/ebsdk/ebfw/library/unix/release/biosem.a(instr.o)
                              /home/janne/ebsdk/ebfw/library/unix/release/biosem.a(cpu.o) (parse__16Arch_instructionXR3Cpu)
/home/janne/ebsdk/ebfw/library/unix/release/biosem.a(x86tbl.o)
                              /home/janne/ebsdk/ebfw/library/unix/release/biosem.a(instr.o) (operand_selector)
/home/janne/ebsdk/ebfw/obj/lx164/lib.a(asmstuff.o)
                              /home/janne/ebsdk/ebfw/obj/lx164/cmd.o (mb)
/home/janne/ebsdk/ebfw/obj/lx164/lib.a(lx164_io.o)
                              /home/janne/ebsdk/ebfw/obj/lx164/lx164mck.o (in_ioc_csr)
/home/janne/ebsdk/ebfw/obj/lx164/lib.a(lx164mem.o)
                              /home/janne/ebsdk/ebfw/obj/lx164/main.o (memdetect)
/home/janne/ebsdk/ebfw/obj/lx164/lib.a(iobusini.o)
                              /home/janne/ebsdk/ebfw/obj/lx164/main.o (IOBusInit)
[...]
Memory Configuration

Name             Origin             Length             Attributes
*default*        0x0000000000000000 0xffffffffffffffff

Linker script and memory map

Address of section .text-segment set to 0x10000
                [!provide]                        PROVIDE (__executable_start = SEGMENT_START ("text-segment", 0x120000000))
                0x0000000000010000                . = SEGMENT_START ("text-segment", 0x120000000)

.init           0x0000000000010000      0x110
 *(SORT_NONE(.init))
 .init          0x0000000000010000      0x110 /home/janne/ebsdk/ebfw/obj/lx164/crt0.o
                0x0000000000010000                __start

.text           0x0000000000010110    0x4b660
 *(.text.unlikely .text.*_unlikely .text.unlikely.*)
 *(.text.exit .text.exit.*)
 *(.text.startup .text.startup.*)
 .text.startup  0x0000000000010110      0x514 /home/janne/ebsdk/ebfw/obj/lx164/main.o
                0x0000000000010110                main
 *(.text.hot .text.hot.*)
 *(SORT_BY_NAME(.text.sorted.*))
 *(.text .stub .text.* .gnu.linkonce.t.*)
 .text          0x0000000000010624        0x0 /home/janne/ebsdk/ebfw/obj/lx164/crt0.o
 .text          0x0000000000010624      0x20c /home/janne/ebsdk/ebfw/obj/lx164/main.o
                0x0000000000010624                CommandExec
                0x00000000000106a8                Waitforever
                0x0000000000010708                SRM_hack_WakeUp
                0x000000000001073c                SRM_hack_Waitforever
                0x0000000000010818                EstablishInitData
 .text          0x0000000000010830      0xca4 /home/janne/ebsdk/ebfw/obj/lx164/dis.o
                0x0000000000010afc                dis
 .text          0x00000000000114d4      0xb28 /home/janne/ebsdk/ebfw/obj/lx164/ffexec.o
                0x00000000000114d4                ExecuteProgram
                0x00000000000115b0                PrintMem
                0x0000000000011850                CompareMem
                0x0000000000011a1c                ChangeMem
                0x0000000000011bc8                FillMem
                0x0000000000011bf4                PrintVersion
                0x0000000000011d84                jToPal
                0x0000000000011f3c                get_bootadr
                0x0000000000011fcc                halt_code_string
 .text          0x0000000000011ffc     0x2afc /home/janne/ebsdk/ebfw/obj/lx164/cmd.o
                0x0000000000014964                Lookup
 .text          0x0000000000014af8     0x1034 /home/janne/ebsdk/ebfw/obj/lx164/console.o
                0x0000000000014c70                get_command
                0x0000000000015a44                kbdcontinue
                0x0000000000015ac4                CheckForChar
 .text          0x0000000000015b2c      0x49c /home/janne/ebsdk/ebfw/obj/lx164/uart.o
                0x0000000000015b2c                UartInitLine
                0x0000000000015d14                UartCharAv
                0x0000000000015d48                UartGetChar
                0x0000000000015d78                UartGetNextChar
                0x0000000000015e28                UartPutChar
                0x0000000000015ec4                UartFlushReadBuffer
                0x0000000000015f1c                putcLpt
 .text          0x0000000000015fc8      0x15c /home/janne/ebsdk/ebfw/obj/lx164/sromport.o
                0x0000000000015fc8                SromCharav
                0x0000000000015fd0                SromGetChar
                0x0000000000016014                SromPutChar
                0x0000000000016078                SromPortInit
 .text          0x0000000000016124     0x10ac /home/janne/ebsdk/ebfw/obj/lx164/io_port.o
                0x0000000000016124                PutChar
                0x00000000000161e8                PortsPutChar
                0x0000000000016290                PortsGetChar
                0x0000000000016494                UngetChar
                0x00000000000164cc                CharAv
                0x0000000000016564                RawGetChar
                0x00000000000165ec                GetChar
                0x0000000000016690                FlushChar
                0x000000000001670c                PortsFlushChar
                0x0000000000016784                InitCommPorts
                0x0000000000016880                console_video_init
                0x0000000000016a3c                console_port_init
                0x0000000000016c74                PortIDToString
                0x0000000000016cac                StringToPortID
                0x0000000000016d50                InitTty
                0x0000000000016de0                ctty
                0x0000000000016f4c                tip
 .text          0x00000000000171d0      0x568 /home/janne/ebsdk/ebfw/obj/lx164/file.o
                0x00000000000171d0                LoadAFile
                0x0000000000017310                FileWriteRange
                0x000000000001742c                FileDirectory
                0x0000000000017544                FileCopy
 .text          0x0000000000017738      0x454 /home/janne/ebsdk/ebfw/obj/lx164/malloc.o
                0x0000000000017738                free
                0x00000000000177fc                init_storage_pool
                0x00000000000178ec                malloc
                0x0000000000017a18                realloc
                0x0000000000017ab8                malloc_summary
 .text          0x0000000000017b8c      0x670 /home/janne/ebsdk/ebfw/obj/lx164/rtc.o
                0x0000000000017cdc                time
                0x0000000000017e14                printDate
                0x0000000000017e70                InitRTC
                0x0000000000017ff8                setDate
 .text          0x00000000000181fc      0x320 /home/janne/ebsdk/ebfw/obj/lx164/mouse.o
                0x00000000000181fc                IsMousePresent
 .text          0x000000000001851c      0x5e4 /home/janne/ebsdk/ebfw/obj/lx164/xmodem.o
                0x0000000000018674                XReceive
 .text          0x0000000000018b00      0x6f4 /home/janne/ebsdk/ebfw/obj/lx164/lx164mck.o
                0x0000000000018b00                DumpLogout
                0x0000000000018ca8                DumpShortLogout
                0x0000000000018d38                ParseLogout
                0x0000000000019058                SetMcheckSystem
 *fill*         0x00000000000191f4        0xc 0000fe2f1f04ff47
 .text          0x0000000000019200       0x30 /home/janne/ebsdk/ebfw/obj/lx164/ladbxusr.o
                0x0000000000019200                ladbx_poll
 .text          0x0000000000019230       0x78 /home/janne/ebsdk/ebfw/obj/lx164/dpml.o
                0x0000000000019230                __dpml_exception
                0x000000000001926c                __dpml_capture_context
 .text          0x00000000000192a8      0x918 /home/janne/ebsdk/ebfw/obj/lx164/ether.a(arp.o)
                0x0000000000019648                arp_init
                0x00000000000196e0                arp_set_device_addr
                0x000000000001971c                arp_resolve
                0x0000000000019a10                arp_init_module
                0x0000000000019a48                arp_show
 .text          0x0000000000019bc0      0x56c /home/janne/ebsdk/ebfw/obj/lx164/ether.a(edevice.o)
                0x0000000000019bc0                ether_device_init
                0x0000000000019c30                ether_device_read
                0x0000000000019cc0                ether_device_write
                0x0000000000019d34                ether_device_print_stats
                0x0000000000019da0                ether_device_preg
                0x0000000000019e0c                ether_device_clear_interrupts
                0x0000000000019e78                ether_device_get_hw_address
                0x0000000000019ee8                ether_device_stop
                0x0000000000019f54                ether_device_register
                0x000000000001a004                ether_device_init_module
                0x000000000001a02c                ether_device_show
 .text          0x000000000001a12c      0x794 /home/janne/ebsdk/ebfw/obj/lx164/ether.a(ethernet.o)
                0x000000000001a12c                ethernet_register_protocol
                0x000000000001a268                ethernet_input
                0x000000000001a384                ethernet_process_one_packet
                0x000000000001a408                ethernet_write
                0x000000000001a510                ethernet_data_offset
                0x000000000001a518                ethernet_printpacket
                0x000000000001a808                ethernet_printaddress
                0x000000000001a878                ntoh
 .text          0x000000000001a8c0      0x6f4 /home/janne/ebsdk/ebfw/obj/lx164/ether.a(ip.o)
                0x000000000001ab28                ip_init
                0x000000000001abcc                ip_set_device_addr
                0x000000000001ac40                ip_register_protocol
                0x000000000001acf4                ip_write
                0x000000000001aef4                ip_data_offset
                0x000000000001af24                ip_get_device_address
                0x000000000001af70                ip_printaddress
 .text          0x000000000001afb4       0x38 /home/janne/ebsdk/ebfw/obj/lx164/ether.a(net_buff.o)
                0x000000000001afb4                net_buffer_init_module
                0x000000000001afd0                net_buffer_alloc
 .text          0x000000000001afec      0x264 /home/janne/ebsdk/ebfw/obj/lx164/ether.a(netboot.o)
                0x000000000001afec                netboot
 .text          0x000000000001b250      0x2e8 /home/janne/ebsdk/ebfw/obj/lx164/ether.a(netman.o)
                0x000000000001b250                netman_set_monitor_device
                0x000000000001b280                netman_setup
                0x000000000001b3a0                netman_start_monitor_device
                0x000000000001b438                netman_stop_monitor_device
                0x000000000001b488                netman_stop_all_devices
                0x000000000001b514                netman_monitor_device_started
 .text          0x000000000001b538      0xa90 /home/janne/ebsdk/ebfw/obj/lx164/ether.a(tftp.o)
                0x000000000001bc1c                tftp_load
                0x000000000001bf90                tftp_init_module
 .text          0x000000000001bfc8      0x808 /home/janne/ebsdk/ebfw/obj/lx164/ether.a(udp.o)
                0x000000000001c398                udp_init
                0x000000000001c430                udp_register_well_known_port
                0x000000000001c444                udp_create_port
                0x000000000001c49c                udp_delete_port
                0x000000000001c550                udp_write
                0x000000000001c7a0                udp_data_offset
 .text          0x000000000001c7d0     0x312c /home/janne/ebsdk/ebfw/obj/lx164/ether.a(DEC21040.o)
                0x000000000001f1ec                DECchip_21040_device_register
                0x000000000001f440                DECchip_21040_device_init_module
 .text          0x000000000001f8fc     0x1934 /home/janne/ebsdk/ebfw/obj/lx164/ether.a(am79c960.o)
                0x0000000000020e6c                am79c960_device_register
                0x0000000000021028                am79c960_device_init_module
 .text          0x0000000000021230      0x554 /home/janne/ebsdk/ebfw/obj/lx164/ether.a(bootp.o)
                0x00000000000213c8                bootp_boot
                0x000000000002174c                bootp_init_module
 .text          0x0000000000021784     0x1238 /home/janne/ebsdk/ebfw/obj/lx164/ladebug.a(kernel.o)
                0x0000000000021784                kinitpalentry
                0x00000000000217b0                kinstall_breakpoints
                0x00000000000218a8                kprint_breakpoints
                0x0000000000021940                restore_breakpoint_instrs
                0x0000000000021b14                ktrap
                0x0000000000021ee0                kload_implemented
                0x0000000000021ee8                kload
                0x0000000000021ef0                kconnect_implemented
                0x0000000000021ef8                kconnect
                0x0000000000021f00                kkill_possible
                0x0000000000021f08                kkill
                0x0000000000021f0c                kdetach_possible
                0x0000000000021f14                kdetach
                0x0000000000021f18                kpid
                0x0000000000021f20                kreenter
                0x000000000002201c                kstop
                0x0000000000022098                kpoll
                0x00000000000220ac                kaddressok
                0x00000000000220b8                kcexamine
                0x00000000000220c0                kcdeposit
                0x00000000000221a4                kbreak
                0x0000000000022204                kremovebreak
                0x0000000000022244                kremoveallbreak
                0x00000000000222b0                kpc
                0x00000000000222c8                ksetpc
                0x00000000000222e0                kregister
                0x00000000000224c4                kgo
                0x0000000000022584                knext
                0x00000000000225d0                kstep
                0x000000000002261c                ksetreg
                0x0000000000022638                kenableserver
                0x00000000000226d4                kstart
                0x0000000000022740                kinitdebugger
                0x00000000000227d8                printReg
                0x0000000000022994                changeReg
 .text          0x00000000000229bc      0x648 /home/janne/ebsdk/ebfw/obj/lx164/ladebug.a(readloop.o)
                0x0000000000022a80                read_packets
                0x0000000000022ae0                data_received
                0x0000000000022b80                this_client_is_connected
                0x0000000000022cd8                a_client_is_connected
                0x0000000000022cec                set_connected
                0x0000000000022da8                disconnect_client
                0x0000000000022e1c                enable_ladbx_msg
                0x0000000000022f3c                app_poll
                0x0000000000022fcc                ladbx_server_init_module
 *fill*         0x0000000000023004        0xc 0000fe2f1f04ff47
 .text          0x0000000000023010      0x870 /home/janne/ebsdk/ebfw/obj/lx164/ladebug.a(kutil.o)
                0x0000000000023820                kutilinitbreaks
 .text          0x0000000000023880      0x308 /home/janne/ebsdk/ebfw/obj/lx164/ladebug.a(bptable.o)
                0x0000000000023880                bptinitialize
                0x00000000000238b0                bptmodify
                0x0000000000023914                bptinsert
                0x00000000000239c8                bptremove
                0x0000000000023a58                bptgetn
                0x0000000000023ab8                bptgeta
                0x0000000000023b20                bptisbreakat
                0x0000000000023b70                bptfull
 .text          0x0000000000023b88      0x9bc /home/janne/ebsdk/ebfw/obj/lx164/ladebug.a(pkthandl.o)
                0x0000000000023b88                ProcessPacket
 .text          0x0000000000024544      0x104 /home/janne/ebsdk/ebfw/obj/lx164/ladebug.a(pktutil.o)
                0x0000000000024544                ReadNetShort
                0x0000000000024558                ReadNetInt
                0x0000000000024584                WriteNetShort
                0x0000000000024594                WriteNetInt
                0x00000000000245b4                ReadLocalInt
                0x00000000000245d0                ReadLocalLong
                0x00000000000245e8                WriteLocalInt
                0x0000000000024608                WriteLocalLong
 *fill*         0x0000000000024648        0x8 0000fe2f1f04ff47
 .text          0x0000000000024650      0xd10 /home/janne/ebsdk/ebfw/library/unix/release/biosem.a(target.o)
                0x0000000000024650                ETAGetMemByte
                0x00000000000246a0                ETAGetMemWord
                0x00000000000246f0                ETAGetMemLong
                0x0000000000024740                ETAGetIoByte
                0x0000000000024790                ETAGetIoWord
                0x00000000000247e0                ETAGetIoLong
                0x0000000000024830                ETAPutMemByte
                0x0000000000024870                ETAPutMemWord
                0x00000000000248b0                ETAPutMemLong
                0x00000000000248f0                ETAPutIoByte
                0x0000000000024930                ETAPutIoWord
                0x0000000000024970                ETAPutIoLong
                0x00000000000249b0                ETAGetMemByteSpecial
                0x0000000000024a00                ETAGetMemWordSpecial
                0x0000000000024a50                ETAGetMemLongSpecial
                0x0000000000024aa0                ETAInit
                0x0000000000024ab0                ETADisplayString
                0x0000000000024b00                ETAGetPciConfigByte
                0x0000000000024b60                ETAGetPciConfigWord
                0x0000000000024bc0                ETAGetPciConfigLong
                0x0000000000024c20                ETAPutPciConfigByte
                0x0000000000024c80                ETAPutPciConfigWord
                0x0000000000024ce0                ETAPutPciConfigLong
                0x0000000000024d40                ETAGetTime
                0x0000000000024eb0                ETAGetKeyboardInput
                0x0000000000024ee0                ETACheckKeyboardInput
                0x0000000000024f10                ETAAllocateRam
                0x0000000000024f50                ETAFreeRam
                0x0000000000024f90                ETAAllocatePermanentRam
                0x0000000000024fd0                ETAFreePermanentRam
                0x0000000000025010                SetupBiosGraphics
                0x00000000000251d0                StartBiosEmulator
 .text          0x0000000000025360      0x760 /home/janne/ebsdk/ebfw/library/unix/release/biosem.a(control.o)
                0x0000000000025360                ECInit
                0x0000000000025500                ECHwInt
                0x0000000000025520                ECFarCall
                0x00000000000256f0                ECSwInt
                0x00000000000258b0                ECSetVector
                0x0000000000025900                ECGetVector
                0x0000000000025990                ECRegAXPFunc
                0x0000000000025a60                ECReleaseAXPFunc
                0x0000000000025a90                ECGetAXPFunc
 .text          0x0000000000025ac0     0x2bb0 /home/janne/ebsdk/ebfw/library/unix/release/biosem.a(hw.o)
                0x0000000000025ac0                EHWGetMemByte
                0x0000000000025c40                EHWGetMemWord
                0x0000000000025e50                EHWGetMemLong
                0x00000000000260b0                EHWGetIoByte
                0x00000000000261e0                EHWGetIoWord
                0x0000000000026390                EHWGetIoLong
                0x00000000000265a0                EHWPutMemByte
                0x0000000000026720                EHWPutMemWord
                0x0000000000026910                EHWPutMemLong
                0x0000000000026b40                EHWPutIoByte
                0x0000000000026c60                EHWPutIoWord
                0x0000000000026df0                EHWPutIoLong
                0x0000000000026fc0                EHWIsAddressIntel
                0x0000000000027010                EHWInit
                0x0000000000027550                EHWInitHash
                0x0000000000027600                EHWSearchForRegion
                0x0000000000027680                EHWLocateRegion
                0x0000000000027700                EHWLocateIoRegion
                0x0000000000027790                EHWAddMemRegion
                0x0000000000027d00                EHWDoPeriodicWork
                0x0000000000027d70                EHWUpdateTimer
                0x0000000000028030                EHWGetTargetAddress
                0x0000000000028090                EHWDiagPortAccess
                0x00000000000281f0                EHWPciMechanism1
 .text          0x0000000000028670     0x31f0 /home/janne/ebsdk/ebfw/library/unix/release/biosem.a(iface.o)
                0x000000000002b3e0                FatalError__XPCc
                0x000000000002b400                create_cpu
                0x000000000002b460                get_cpu_state_ptr
                0x000000000002b4c0                delete_cpu
                0x000000000002b5c0                cpu_init
                0x000000000002b600                sw_interrupt
                0x000000000002b640                far_call
                0x000000000002b690                near_call
                0x000000000002b6d0                far_jump
                0x000000000002b720                near_jump
                0x000000000002b760                far_ret
                0x000000000002b7a0                near_ret
                0x000000000002b7e0                iret
                0x000000000002b820                dump_cpu
 .text          0x000000000002b860       0xa0 /home/janne/ebsdk/ebfw/library/unix/release/biosem.a(cpp.o)
                0x000000000002b860                __nw__XUl
                0x000000000002b8b0                __dl__XPv
                0x000000000002b8f0                atexit
 .text          0x000000000002b900     0x2a00 /home/janne/ebsdk/ebfw/library/unix/release/biosem.a(bios.o)
                0x000000000002b900                EBInit
                0x000000000002c020                EBLocateExtensionRoms
                0x000000000002c8f0                EBInitExtensionRoms
                0x000000000002ca00                EBDisplayIdBanner
                0x000000000002cb30                EBAXPTrapAddress
                0x000000000002cb50                EBIllegalVector
                0x000000000002cb70                EBUnhookedHwVector
                0x000000000002cb90                EBTimerIsr
                0x000000000002cbb0                RamChecksum
                0x000000000002cc00                RomChecksum
                0x000000000002cc90                EBStrCat
                0x000000000002cd20                EBStrCpy
                0x000000000002cd90                EBStrLen
                0x000000000002cde0                EBInt5
                0x000000000002ce00                EBInt10
                0x000000000002ce90                EBInt11
                0x000000000002ceb0                EBInt12
                0x000000000002cf00                EBInt13
                0x000000000002d000                EBInt14
                0x000000000002d060                EBInt15
                0x000000000002d1f0                EBInt17
                0x000000000002d240                EBInt19
                0x000000000002d260                EBInt1A
                0x000000000002d3c0                EBInt1APci
                0x000000000002de30                EBSetStackZf
                0x000000000002ded0                EBClearStackZf
                0x000000000002df70                EBSetStackCf
                0x000000000002e010                EBClearStackCf
                0x000000000002e0b0                EBFindFreeBiosSpace
 .text          0x000000000002e300     0x3080 /home/janne/ebsdk/ebfw/library/unix/release/biosem.a(oper_cpp.o)
                0x0000000000030fb0                sprint__C13MemoryOperandXPc
 .text          0x0000000000031380     0xe240 /home/janne/ebsdk/ebfw/library/unix/release/biosem.a(cpu.o)
                0x0000000000034ab0                __ct__3CpuXv
                0x00000000000356a0                memory_address__3CpuXUiUi
                0x00000000000356d0                get_next_istream_double__3CpuXv
                0x0000000000035760                get_next_istream_word__3CpuXv
                0x00000000000357f0                get_next_istream_byte__3CpuXv
                0x0000000000035880                get_next_istream_ubyte__3CpuXv
                0x0000000000035910                dump_regs__3CpuXv
                0x0000000000035a60                set_eflags_from_mask__3CpuXUii
                0x0000000000035b30                make_mask_from_eflags__3CpuXv
                0x0000000000035c00                set_cr0__3CpuXUi
                0x0000000000035c50                reset__3CpuXv
                0x0000000000035de0                execute__3CpuXv
                0x0000000000036300                execute_instruction__3CpuXR16Arch_instruction
                0x000000000003dd80                pop_double__3CpuXv
                0x000000000003dff0                pop_word__3CpuXv
                0x000000000003e260                push_double__3CpuXi
                0x000000000003e4a0                push_word__3CpuXi
                0x000000000003e640                IoReadPort__Xi10FIELD_SIZE
                0x000000000003e720                IoWritePort__Xii10FIELD_SIZE
                0x000000000003e7e0                init__3CpuXv
                0x000000000003e8c0                sw_interrupt__3CpuXi
                0x000000000003eb20                far_call__3CpuXsi
                0x000000000003ecc0                near_call__3CpuXi
                0x000000000003ee10                far_jump__3CpuXsi
                0x000000000003ef90                near_jump__3CpuXi
                0x000000000003f0e0                near_ret__3CpuXi
                0x000000000003f260                far_ret__3CpuXi
                0x000000000003f420                iret__3CpuXv
 .text          0x000000000003f5c0     0x5500 /home/janne/ebsdk/ebfw/library/unix/release/biosem.a(instr.o)
                0x0000000000042d90                parse__16Arch_instructionXR3Cpu
                0x0000000000044060                sprint__C16Arch_instructionXPc
                0x00000000000442e0                print__C16Arch_instructionXv
                0x0000000000044320                init__16Arch_instructionXv
                0x00000000000443d0                initialize_operand_register__16Arch_instructionXR3CpuRC23Arch_operand_descriptor
                0x00000000000444b0                initialize_operand_constant__16Arch_instructionXR3CpuRC23Arch_operand_descriptori
                0x0000000000044550                initialize_operand_constant__16Arch_instructionXR3CpuRC23Arch_operand_descriptorii
                0x0000000000044600                initialize_operand_constant__16Arch_instructionXR3CpuRC23Arch_operand_descriptorPCv
                0x00000000000446a0                initialize_operand_memory__16Arch_instructionXR3CpuRC23Arch_operand_descriptor4Kind4Kindi4Kindi4Kind
 .text          0x0000000000044ac0      0x330 /home/janne/ebsdk/ebfw/obj/lx164/lib.a(asmstuff.o)
                0x0000000000044ac0                __main
                0x0000000000044ad0                mb
                0x0000000000044ae0                imb
                0x0000000000044af0                rpcc
                0x0000000000044b00                getsp
                0x0000000000044b10                cServe
                0x0000000000044b20                wrfen
                0x0000000000044b30                swppal
                0x0000000000044b40                halt
                0x0000000000044b50                wait_cycles
                0x0000000000044b80                swpipl
                0x0000000000044b90                wrmces
                0x0000000000044ba0                rdmces
                0x0000000000044bb0                CleanBCache
                0x0000000000044bd0                UnalignedReadB
                0x0000000000044be0                UnalignedReadW
                0x0000000000044c00                UnalignedReadL
                0x0000000000044c20                UnalignedReadQ
                0x0000000000044c40                UnalignedWriteB
                0x0000000000044c70                UnalignedWriteW
                0x0000000000044cb0                UnalignedWriteL
                0x0000000000044ce0                UnalignedWriteQ
                0x0000000000044d10                UnalignedReadFloat
                0x0000000000044d40                UnalignedReadDouble
                0x0000000000044d70                UnalignedWriteFloat
                0x0000000000044db0                UnalignedWriteDouble
 .text          0x0000000000044df0      0xcbc /home/janne/ebsdk/ebfw/obj/lx164/lib.a(lx164_io.o)
                0x0000000000044df0                out_ioc_csr
                0x0000000000044e30                in_ioc_csr
                0x0000000000044e4c                out_ioc_pci
                0x0000000000044e8c                outportb
                0x0000000000044ee4                outportw
                0x0000000000044f40                outportl
                0x0000000000044f94                outcfgb
                0x0000000000045078                outcfgw
                0x0000000000045160                outcfgl
                0x000000000004523c                inportb
                0x0000000000045270                inportw
                0x00000000000452a8                inportl
                0x00000000000452d4                incfgb
                0x000000000004539c                incfgw
                0x0000000000045468                incfgl
                0x0000000000045528                outmemb
                0x0000000000045588                outmemw
                0x00000000000455e8                outmeml
                0x000000000004563c                indmemb
                0x0000000000045664                indmemw
                0x000000000004568c                indmeml
                0x00000000000456a8                outdmemb
                0x0000000000045700                outdmemw
                0x0000000000045798                outdmeml
                0x00000000000457dc                inmemb
                0x0000000000045810                inmemw
                0x0000000000045848                inmeml
                0x0000000000045874                SetHAE
                0x00000000000458c4                inIack
                0x00000000000458d4                PCIBusInit
                0x0000000000045968                ISABusInit
                0x0000000000045a3c                outLed
                0x0000000000045a58                IOPCIClearNODEV
 .text          0x0000000000045aac      0x2f0 /home/janne/ebsdk/ebfw/obj/lx164/lib.a(lx164mem.o)
                0x0000000000045af8                in_mem_mcr
                0x0000000000045b10                in_mem_gcr
                0x0000000000045b28                memdetect
                0x0000000000045c14                wr_bcache
 .text          0x0000000000045d9c       0x60 /home/janne/ebsdk/ebfw/obj/lx164/lib.a(iobusini.o)
                0x0000000000045d9c                IOBusInit
 .text          0x0000000000045dfc      0x29c /home/janne/ebsdk/ebfw/obj/lx164/lib.a(beep.o)
                0x0000000000045dfc                tone
                0x0000000000045ed4                Beep
                0x0000000000045f94                BeepCode
 .text          0x0000000000046098      0x208 /home/janne/ebsdk/ebfw/obj/lx164/lib.a(time.o)
                0x0000000000046098                gettime
                0x00000000000460c8                localtime
                0x00000000000461a4                usleep
                0x00000000000461e0                msleep
                0x0000000000046244                sleep
 .text          0x00000000000462a0      0x38c /home/janne/ebsdk/ebfw/obj/lx164/lib.a(initdata.o)
                0x00000000000462a0                initdata
                0x000000000004648c                DumpSysData
 .text          0x000000000004662c      0x200 /home/janne/ebsdk/ebfw/obj/lx164/lib.a(fsboot.o)
                0x000000000004662c                fsboot
 .text          0x000000000004682c      0x7a4 /home/janne/ebsdk/ebfw/obj/lx164/lib.a(fileio.o)
                0x00000000000468f0                fgetc
                0x0000000000046980                fungetc
                0x00000000000469c0                fread
                0x0000000000046a30                fputc
                0x0000000000046adc                fwrite
                0x0000000000046b4c                fclose
                0x0000000000046ba0                feof
                0x0000000000046ba8                perror
                0x0000000000046cd8                fdir
                0x0000000000046d2c                fload
                0x0000000000046d74                fdr
                0x0000000000046dd0                MapLogicalToPhysicalDevice
                0x0000000000046e3c                fopen
                0x0000000000046f3c                fcd
 .text          0x0000000000046fd0     0x2a68 /home/janne/ebsdk/ebfw/obj/lx164/lib.a(fatdrv.o)
                0x000000000004886c                AllocateFloppyDrive
                0x0000000000048938                Shutdown
                0x0000000000049714                ReadWriteRawSector
                0x000000000004980c                ReadWriteSectors
 .text          0x0000000000049a38      0x150 /home/janne/ebsdk/ebfw/obj/lx164/lib.a(ident.o)
                0x0000000000049a38                ident
 .text          0x0000000000049b88      0x12c /home/janne/ebsdk/ebfw/obj/lx164/lib.a(int.o)
                0x0000000000049b88                intr_enable
 .text          0x0000000000049cb4      0xac4 /home/janne/ebsdk/ebfw/obj/lx164/lib.a(kbd.o)
                0x0000000000049f48                kbd_init
                0x000000000004a318                kbd_charav
                0x000000000004a738                kbd_getc
 .text          0x000000000004a778      0x9b4 /home/janne/ebsdk/ebfw/obj/lx164/lib.a(memtest.o)
                0x000000000004ac88                memtest
 .text          0x000000000004b12c      0x148 /home/janne/ebsdk/ebfw/obj/lx164/lib.a(pr.o)
                0x000000000004b12c                PQ
                0x000000000004b164                PL
                0x000000000004b19c                PW
                0x000000000004b1d4                PB
                0x000000000004b20c                PutSpace
                0x000000000004b240                PutCR
 .text          0x000000000004b274     0x1100 /home/janne/ebsdk/ebfw/obj/lx164/lib.a(printf.o)
                0x000000000004c18c                printf
                0x000000000004c238                sprintf
                0x000000000004c2c8                vprintf
                0x000000000004c2f4                fprintf
 .text          0x000000000004c374       0x7c /home/janne/ebsdk/ebfw/obj/lx164/lib.a(puts.o)
                0x000000000004c374                puts
 .text          0x000000000004c3f0      0x24c /home/janne/ebsdk/ebfw/obj/lx164/lib.a(strtoul.o)
                0x000000000004c3f0                strtoul64
                0x000000000004c5c0                strtoul
                0x000000000004c5d4                strtol
                0x000000000004c5e8                atoi
                0x000000000004c620                atol
 .text          0x000000000004c63c     0x1088 /home/janne/ebsdk/ebfw/obj/lx164/lib.a(rom.o)
                0x000000000004cd28                read_rom
                0x000000000004d330                list_rom_headers
                0x000000000004d648                romimage_size
 .text          0x000000000004d6c4      0x9c0 /home/janne/ebsdk/ebfw/obj/lx164/lib.a(romhead.o)
                0x000000000004d6c4                fwid_match
                0x000000000004d804                fwid_dump
                0x000000000004d8e0                ostype_match_i
                0x000000000004d914                fwid_match_i
                0x000000000004d978                ostype_match
                0x000000000004db08                ostype_dump
                0x000000000004dbe8                compute_romh_chksum
                0x000000000004dc30                dumpHeader
                0x000000000004df8c                HasRomSignature
                0x000000000004dfe4                IsHeaderValid
 .text          0x000000000004e084      0x34c /home/janne/ebsdk/ebfw/obj/lx164/lib.a(search.o)
                0x000000000004e084                ParseVal
                0x000000000004e1bc                search
 .text          0x000000000004e3d0     0x11d8 /home/janne/ebsdk/ebfw/obj/lx164/lib.a(vga.o)
                0x000000000004e3d0                wrDacReg
                0x000000000004e40c                wrTitanReg
                0x000000000004e448                wrDubicReg
                0x000000000004e484                rdTitanReg
                0x000000000004e4bc                SetVgaEn
                0x000000000004e6f8                locate_matrox
                0x000000000004e804                vgalcgen
                0x000000000004ebdc                vgaerase
                0x000000000004ec54                vgasetup
                0x000000000004ec90                vgasetloc
                0x000000000004ed44                vgainit
                0x000000000004f374                vgaputc
 .text          0x000000000004f5a8        0x0 /home/janne/ebsdk/ebfw/obj/lx164/lib.a(vgafont.o)
 .text          0x000000000004f5a8        0x0 /home/janne/ebsdk/ebfw/obj/lx164/lib.a(xlate.o)
 .text          0x000000000004f5a8     0x17cc /home/janne/ebsdk/ebfw/obj/lx164/lib.a(pci.o)
                0x000000000004f5a8                PCISetDeviceConfig
                0x000000000004f85c                PCIQueryDevice
                0x000000000004f970                PCI_allocate_bus
                0x000000000004f9c4                PCIAllocateSpace
                0x000000000004fce0                PCIScanBus
                0x00000000000500e4                PCIInit
                0x00000000000501a4                PCIDeviceFind
                0x00000000000501dc                PCIDeviceFindNext
                0x0000000000050210                PCIShowDevice
                0x00000000000506b8                PCIShowBus
                0x0000000000050798                PCIShow
                0x00000000000507e4                PCIValidAddress
                0x0000000000050800                PCIMapAddress
                0x0000000000050824                PCIDevicePresent
                0x000000000005088c                PCIDumpDevice
                0x0000000000050a08                PCIGetNumberOfBusses
                0x0000000000050a20                InPciCfgB
                0x0000000000050aac                InPciCfgW
                0x0000000000050b3c                InPciCfgL
                0x0000000000050bc4                OutPciCfgB
                0x0000000000050c54                OutPciCfgW
                0x0000000000050ce4                OutPciCfgL
 .text          0x0000000000050d74      0xc98 /home/janne/ebsdk/ebfw/obj/lx164/lib.a(mflash.o)
                0x0000000000051400                flash_main
 .text          0x0000000000051a0c      0x444 /home/janne/ebsdk/ebfw/obj/lx164/lib.a(28f008sa.o)
                0x0000000000051da0                I28F008SA_Initialize
 .text          0x0000000000051e50      0x6e4 /home/janne/ebsdk/ebfw/obj/lx164/lib.a(29f040.o)
                0x0000000000052304                Am29F040_Initialize
                0x000000000005241c                Am29F080_Initialize
 .text          0x0000000000052534     0x16f0 /home/janne/ebsdk/ebfw/obj/lx164/lib.a(tga.o)
                0x0000000000052534                FwInitializeDigitalTGA
                0x0000000000053630                FwOutputCharacter
                0x0000000000053958                tgaputc
                0x0000000000053b48                tgaerasedisplay
                0x0000000000053bd0                tgasetup
 .text          0x0000000000053c24      0x118 /home/janne/ebsdk/ebfw/obj/lx164/lib.a(string.o)
                0x0000000000053c24                memcpy
                0x0000000000053c50                memcmp
                0x0000000000053ca0                memset
                0x0000000000053cc4                memchr
                0x0000000000053cf8                strlen
                0x0000000000053d18                bzero
 .text          0x0000000000053d3c      0x2a4 /home/janne/ebsdk/ebfw/obj/lx164/lib.a(ctype.o)
                0x0000000000053d3c                isalnum
                0x0000000000053d6c                isalpha
                0x0000000000053da0                isascii
                0x0000000000053dd4                iscntrl
                0x0000000000053e08                isdigit
                0x0000000000053e3c                isgraph
                0x0000000000053e70                islower
                0x0000000000053ea4                isprint
                0x0000000000053ed8                ispunct
                0x0000000000053f0c                isspace
                0x0000000000053f40                isupper
                0x0000000000053f74                isxdigit
                0x0000000000053fa8                tolower
                0x0000000000053fc4                toupper
 .text          0x0000000000053fe0      0x26c /home/janne/ebsdk/ebfw/obj/lx164/lib.a(ftype.o)
                0x0000000000053fe0                isfinite
                0x0000000000054004                isfinitef
                0x0000000000054024                isnan
                0x0000000000054068                isnanf
                0x00000000000540a0                ftype
                0x000000000005418c                ftypef
 .text          0x000000000005424c      0x118 /home/janne/ebsdk/ebfw/obj/lx164/lib.a(rand.o)
                0x000000000005424c                random
                0x000000000005431c                srandom
                0x0000000000054338                rand
                0x000000000005434c                srand
 .text          0x0000000000054364      0x75c /home/janne/ebsdk/ebfw/obj/lx164/lib.a(smc.o)
                0x000000000005448c                SMCEnablePARP
                0x00000000000545ac                SMCInit
 .text          0x0000000000054ac0       0x34 /home/janne/ebsdk/ebfw/obj/lx164/lib.a(sum.o)
                0x0000000000054ac0                ChecksumMem
 .text          0x0000000000054af4      0x584 /home/janne/ebsdk/ebfw/obj/lx164/lib.a(mcheck.o)
                0x0000000000054af4                SetMcheck
                0x0000000000054cc0                SCB_vector_string
                0x0000000000054d2c                UnexpectedInterruptHandler
                0x0000000000054f80                ConfigStateID
 .text          0x0000000000055078       0x90 /home/janne/ebsdk/ebfw/obj/lx164/lib.a(isa_dma.o)
                0x0000000000055078                EnableIsaDmaChannel
 .text          0x0000000000055108     0x1a74 /home/janne/ebsdk/ebfw/obj/lx164/lib.a(memt.o)
                0x0000000000055108                bw_int_ld
                0x0000000000055200                bw_int_store
                0x0000000000055278                bw_int_copyi
                0x0000000000055340                bw_double_ld
                0x00000000000554b8                bw_double_store
                0x0000000000055508                bw_double_copyi
                0x00000000000555d0                bw_double_copy
                0x00000000000556b0                bw_int_copy
                0x0000000000055790                bw_memset
                0x00000000000557fc                bw_memchr
                0x0000000000055868                bw_memcmp
                0x0000000000055928                bw_memcpy
                0x00000000000559e8                measure_clock_
                0x0000000000055a14                cpu_time_
                0x0000000000055b48                start_timing
                0x0000000000055b5c                end_timing
                0x0000000000055b70                allocate_memory
                0x0000000000055b90                bash
                0x0000000000055d18                bash_loop
                0x0000000000055d50                store_bash_loop
                0x0000000000055d80                store_bash
                0x0000000000055f58                usage
                0x0000000000056008                arg_to_int
                0x0000000000056114                bw_driver
                0x0000000000056378                mt
 .text          0x0000000000056b7c      0xb60 /home/janne/ebsdk/ebfw/obj/lx164/lib.a(floppy.o)
                0x0000000000056e08                SpinDownFloppyDrive
                0x0000000000056e4c                InitializeFloppyDrive
                0x0000000000057424                ReadLogicalSector
                0x00000000000574b8                WriteLogicalSector
                0x000000000005754c                init_pic
 .text          0x00000000000576dc      0xed0 /home/janne/ebsdk/ebfw/obj/lx164/lib.a(scanf.o)
                0x0000000000057d00                CharIsInClass
                0x0000000000057dc4                AfterCharClass
                0x00000000000583c8                scanf
                0x0000000000058480                sscanf
                0x000000000005851c                fscanf
 .text          0x00000000000585ac      0x39c /home/janne/ebsdk/ebfw/obj/lx164/lib.a(atof.o)
                0x0000000000058634                atof
 .text          0x0000000000058948      0x1e4 /home/janne/ebsdk/ebfw/obj/lx164/lib.a(halp.o)
                0x0000000000058948                WRITE_PORT_UCHAR
                0x0000000000058978                WRITE_REGISTER_UCHAR
                0x00000000000589e4                READ_REGISTER_UCHAR
                0x0000000000058a54                WRITE_REGISTER_ULONG
                0x0000000000058ac0                READ_REGISTER_ULONG
 .text          0x0000000000058b2c      0x394 /home/janne/ebsdk/ebfw/obj/lx164/lib.a(flash.o)
                0x0000000000058bb4                ReadFlashUCHAR
                0x0000000000058c00                WriteFlashUCHAR
                0x0000000000058ca0                WriteFlashByte
                0x0000000000058d50                EraseFlashBlock
                0x0000000000058df0                FindFlashDevice
 .text          0x0000000000058ec0       0x4c /home/janne/ebsdk/ebfw/obj/lx164/lib.a(exit.o)
                0x0000000000058ec0                exit
                0x0000000000058ef4                abort
 *fill*         0x0000000000058f0c        0x4 0000fe2f1f04ff47
 .text          0x0000000000058f10       0xb0 /home/janne/ebsdk/ebfw/obj/lx164/lib.a(setjmp.o)
                0x0000000000058f10                setjmp
                0x0000000000058f60                longjmp
 .text          0x0000000000058fc0       0xb0 /home/janne/ebsdk/ebfw/obj/lx164/stubs.a(cxx.o)
                0x0000000000058fc0                _purecall
                0x0000000000058fc8                __cxx_dispatch
                0x0000000000059000                __cxx_gem_dispatch
                0x0000000000059038                __pure_virtual
 .text          0x0000000000059070        0x8 /home/janne/ebsdk/ebfw/obj/lx164/stubs.a(fflush.o)
                0x0000000000059070                fflush
 .text          0x0000000000059078        0x0 /home/janne/ebsdk/ebfw/obj/lx164/stubs.a(stdlib.o)
 .text          0x0000000000059078        0x4 /home/janne/ebsdk/ebfw/obj/lx164/stubs.a(sflash.o)
                0x0000000000059078                FlashWriteEnable
 .text          0x000000000005907c        0x0 /home/janne/ebsdk/ebfw/obj/lx164/dbmver.o
 *fill*         0x000000000005907c        0x4 0000fe2f1f04ff47
 .text          0x0000000000059080      0x220 /usr/alpha-linux-gnu/lib/libc.a(memmove.o)
                0x0000000000059080                memmove
 .text          0x00000000000592a0       0x70 /usr/alpha-linux-gnu/lib/libc.a(strcat.o)
                0x00000000000592a0                strcat
 .text          0x0000000000059310       0xb0 /usr/alpha-linux-gnu/lib/libc.a(strchr.o)
                0x0000000000059310                index
                0x0000000000059310                strchr
 .text          0x00000000000593c0      0x160 /usr/alpha-linux-gnu/lib/libc.a(strcmp.o)
                0x00000000000593c0                strcmp
 .text          0x0000000000059520       0x20 /usr/alpha-linux-gnu/lib/libc.a(strcpy.o)
                0x0000000000059520                strcpy
 .text          0x0000000000059540       0xb0 /usr/alpha-linux-gnu/lib/libc.a(strncat.o)
                0x0000000000059540                strncat
 .text          0x00000000000595f0      0x300 /usr/alpha-linux-gnu/lib/libc.a(strncmp.o)
                0x00000000000595f0                strncmp
 .text          0x00000000000598f0       0xa0 /usr/alpha-linux-gnu/lib/libc.a(strncpy.o)
                0x00000000000598f0                strncpy
 .text          0x0000000000059990       0xd0 /usr/alpha-linux-gnu/lib/libc.a(strrchr.o)
                0x0000000000059990                strrchr
                0x0000000000059990                rindex
 .text          0x0000000000059a60      0x8d0 /usr/alpha-linux-gnu/lib/libc.a(strstr.o)
                0x0000000000059f90                strstr
 .text          0x000000000005a330      0x590 /usr/alpha-linux-gnu/lib/libc.a(wordcopy.o)
                0x000000000005a330                _wordcopy_fwd_aligned
                0x000000000005a4d0                _wordcopy_fwd_dest_aligned
                0x000000000005a610                _wordcopy_bwd_aligned
                0x000000000005a790                _wordcopy_bwd_dest_aligned
 .text          0x000000000005a8c0      0x1f0 /usr/alpha-linux-gnu/lib/libc.a(stxcpy.o)
                0x000000000005a928                __stxcpy
 .text          0x000000000005aab0      0x278 /usr/alpha-linux-gnu/lib/libc.a(stxncpy.o)
                0x000000000005ab30                __stxncpy
 *fill*         0x000000000005ad28        0x8 0000fe2f1f04ff47
 .text          0x000000000005ad30       0x90 /usr/alpha-linux-gnu/lib/libc.a(divl.o)
                0x000000000005ad30                __divl
 .text          0x000000000005adc0       0x90 /usr/alpha-linux-gnu/lib/libc.a(divlu.o)
                0x000000000005adc0                __divlu
 .text          0x000000000005ae50      0x200 /usr/alpha-linux-gnu/lib/libc.a(divq.o)
                0x000000000005ae50                __divq
 .text          0x000000000005b050      0x1b0 /usr/alpha-linux-gnu/lib/libc.a(divqu.o)
                0x000000000005b050                __divqu
 .text          0x000000000005b200       0x90 /usr/alpha-linux-gnu/lib/libc.a(reml.o)
                0x000000000005b200                __reml
 .text          0x000000000005b290       0x90 /usr/alpha-linux-gnu/lib/libc.a(remlu.o)
                0x000000000005b290                __remlu
 .text          0x000000000005b320      0x1f0 /usr/alpha-linux-gnu/lib/libc.a(remq.o)
                0x000000000005b320                __remq
 .text          0x000000000005b510      0x200 /usr/alpha-linux-gnu/lib/libc.a(remqu.o)
                0x000000000005b510                __remqu
 .text          0x000000000005b710       0x60 /usr/alpha-linux-gnu/lib/libc.a(strnlen.o)
                0x000000000005b710                __strnlen
                0x000000000005b710                strnlen
 *(.gnu.warning)

.fini           0x000000000005b770        0x4
 *(SORT_NONE(.fini))
 .fini          0x000000000005b770        0x4 /home/janne/ebsdk/ebfw/obj/lx164/crt0.o
                0x000000000005b770                _exit
                [!provide]                        PROVIDE (__etext = .)
                [!provide]                        PROVIDE (_etext = .)
                [!provide]                        PROVIDE (etext = .)

.rodata         0x000000000005b780     0xc6d8
 *(.rodata .rodata.* .gnu.linkonce.r.*)
 .rodata.str1.1
                0x000000000005b780     0x6d72 /home/janne/ebsdk/ebfw/obj/lx164/main.o
                                        0x237 (size before relaxing)
 .rodata.str1.1
                0x00000000000624f2      0xf90 /home/janne/ebsdk/ebfw/obj/lx164/dis.o
 *fill*         0x00000000000624f2        0x6 
 .rodata        0x00000000000624f8     0x20f0 /home/janne/ebsdk/ebfw/obj/lx164/dis.o
 .rodata.str1.1
                0x00000000000645e8      0x1a1 /home/janne/ebsdk/ebfw/obj/lx164/ffexec.o
 .rodata        0x00000000000645e8       0x40 /home/janne/ebsdk/ebfw/obj/lx164/ffexec.o
 .rodata.str1.1
                0x0000000000064628     0x20b3 /home/janne/ebsdk/ebfw/obj/lx164/cmd.o
 .rodata        0x0000000000064628        0xc /home/janne/ebsdk/ebfw/obj/lx164/cmd.o
 .rodata.str1.1
                0x0000000000064634       0x78 /home/janne/ebsdk/ebfw/obj/lx164/console.o
 .rodata        0x0000000000064634       0xc4 /home/janne/ebsdk/ebfw/obj/lx164/console.o
 .rodata        0x00000000000646f8       0x10 /home/janne/ebsdk/ebfw/obj/lx164/uart.o
                0x00000000000646f8                UartPortBaseTable
 .rodata.str1.1
                0x0000000000064708       0x59 /home/janne/ebsdk/ebfw/obj/lx164/sromport.o
 .rodata        0x0000000000064708       0x24 /home/janne/ebsdk/ebfw/obj/lx164/io_port.o
 .rodata.str1.1
                0x000000000006472c      0x1c3 /home/janne/ebsdk/ebfw/obj/lx164/io_port.o
 .rodata.str1.1
                0x000000000006472c      0x1fc /home/janne/ebsdk/ebfw/obj/lx164/file.o
 .rodata.str1.1
                0x000000000006472c       0x68 /home/janne/ebsdk/ebfw/obj/lx164/malloc.o
 .rodata.str1.1
                0x000000000006472c       0x52 /home/janne/ebsdk/ebfw/obj/lx164/rtc.o
 .rodata.str1.1
                0x000000000006472c       0x7c /home/janne/ebsdk/ebfw/obj/lx164/xmodem.o
 .rodata.str1.1
                0x000000000006472c      0x320 /home/janne/ebsdk/ebfw/obj/lx164/lx164mck.o
 *fill*         0x000000000006472c        0x4 
 .rodata.cst8   0x0000000000064730       0x48 /home/janne/ebsdk/ebfw/obj/lx164/lx164mck.o
                                          0x8 (size before relaxing)
 .rodata.str1.1
                0x0000000000064778       0x3a /home/janne/ebsdk/ebfw/obj/lx164/dpml.o
 .rodata.str1.1
                0x0000000000064778       0x6c /home/janne/ebsdk/ebfw/obj/lx164/ether.a(arp.o)
 .rodata.str1.1
                0x0000000000064778      0x29a /home/janne/ebsdk/ebfw/obj/lx164/ether.a(edevice.o)
 .rodata.str1.1
                0x0000000000064778       0x69 /home/janne/ebsdk/ebfw/obj/lx164/ether.a(ethernet.o)
 .rodata.str1.1
                0x0000000000064778        0xc /home/janne/ebsdk/ebfw/obj/lx164/ether.a(ip.o)
 .rodata.str1.1
                0x0000000000064778       0x8e /home/janne/ebsdk/ebfw/obj/lx164/ether.a(netboot.o)
 .rodata.str1.1
                0x0000000000064778        0x2 /home/janne/ebsdk/ebfw/obj/lx164/ether.a(netman.o)
 .rodata.str1.1
                0x0000000000064778      0x116 /home/janne/ebsdk/ebfw/obj/lx164/ether.a(tftp.o)
 .rodata        0x0000000000064778       0x68 /home/janne/ebsdk/ebfw/obj/lx164/ether.a(DEC21040.o)
 .rodata.str1.1
                0x00000000000647e0      0x77d /home/janne/ebsdk/ebfw/obj/lx164/ether.a(DEC21040.o)
 .rodata.str1.1
                0x00000000000647e0      0x4c7 /home/janne/ebsdk/ebfw/obj/lx164/ether.a(am79c960.o)
 .rodata        0x00000000000647e0       0xb8 /home/janne/ebsdk/ebfw/obj/lx164/ether.a(am79c960.o)
 .rodata.str1.1
                0x0000000000064898       0x66 /home/janne/ebsdk/ebfw/obj/lx164/ether.a(bootp.o)
 .rodata.str1.1
                0x0000000000064898      0x36a /home/janne/ebsdk/ebfw/obj/lx164/ladebug.a(kernel.o)
 .rodata        0x0000000000064898       0x3c /home/janne/ebsdk/ebfw/obj/lx164/ladebug.a(kernel.o)
 .rodata.str1.1
                0x00000000000648d4       0xbc /home/janne/ebsdk/ebfw/obj/lx164/ladebug.a(readloop.o)
 .rodata.str1.1
                0x00000000000648d4       0x5e /home/janne/ebsdk/ebfw/obj/lx164/ladebug.a(pkthandl.o)
 .rodata        0x00000000000648d4       0x20 /home/janne/ebsdk/ebfw/obj/lx164/ladebug.a(pkthandl.o)
 .rodata.cst8   0x00000000000648f4       0x18 /home/janne/ebsdk/ebfw/obj/lx164/lib.a(lx164_io.o)
 .rodata.str1.1
                0x00000000000648f4       0x56 /home/janne/ebsdk/ebfw/obj/lx164/lib.a(lx164mem.o)
 .rodata.str1.1
                0x00000000000648f4       0xc8 /home/janne/ebsdk/ebfw/obj/lx164/lib.a(initdata.o)
 .rodata.str1.1
                0x00000000000648f4       0x5f /home/janne/ebsdk/ebfw/obj/lx164/lib.a(fsboot.o)
 *fill*         0x00000000000648f4        0x4 
 .rodata        0x00000000000648f8       0xa8 /home/janne/ebsdk/ebfw/obj/lx164/lib.a(fsboot.o)
 .rodata.str1.1
                0x00000000000649a0       0xd9 /home/janne/ebsdk/ebfw/obj/lx164/lib.a(fileio.o)
 .rodata        0x00000000000649a0       0x28 /home/janne/ebsdk/ebfw/obj/lx164/lib.a(fileio.o)
 .rodata.str1.1
                0x00000000000649c8      0x349 /home/janne/ebsdk/ebfw/obj/lx164/lib.a(fatdrv.o)
 .rodata.str1.1
                0x00000000000649c8       0x60 /home/janne/ebsdk/ebfw/obj/lx164/lib.a(ident.o)
 .rodata.str1.1
                0x00000000000649c8       0x24 /home/janne/ebsdk/ebfw/obj/lx164/lib.a(int.o)
 .rodata.str1.1
                0x00000000000649c8       0x22 /home/janne/ebsdk/ebfw/obj/lx164/lib.a(kbd.o)
 .rodata        0x00000000000649c8       0xbc /home/janne/ebsdk/ebfw/obj/lx164/lib.a(kbd.o)
 .rodata.str1.1
                0x0000000000064a84      0x208 /home/janne/ebsdk/ebfw/obj/lx164/lib.a(memtest.o)
 *fill*         0x0000000000064a84        0x4 
 .rodata        0x0000000000064a88     0x1008 /home/janne/ebsdk/ebfw/obj/lx164/lib.a(memtest.o)
 .rodata.cst8   0x0000000000065a90       0x18 /home/janne/ebsdk/ebfw/obj/lx164/lib.a(memtest.o)
 .rodata.str1.1
                0x0000000000065a90       0x1b /home/janne/ebsdk/ebfw/obj/lx164/lib.a(pr.o)
 .rodata.str1.1
                0x0000000000065a90       0x73 /home/janne/ebsdk/ebfw/obj/lx164/lib.a(printf.o)
 .rodata        0x0000000000065a90       0xac /home/janne/ebsdk/ebfw/obj/lx164/lib.a(printf.o)
 .rodata.cst4   0x0000000000065b3c       0x20 /home/janne/ebsdk/ebfw/obj/lx164/lib.a(printf.o)
                                         0x10 (size before relaxing)
 .rodata.str1.1
                0x0000000000065b5c      0x290 /home/janne/ebsdk/ebfw/obj/lx164/lib.a(rom.o)
 .rodata.str1.1
                0x0000000000065b5c      0x384 /home/janne/ebsdk/ebfw/obj/lx164/lib.a(romhead.o)
 .rodata.str1.1
                0x0000000000065b5c       0x55 /home/janne/ebsdk/ebfw/obj/lx164/lib.a(search.o)
 .rodata.str1.1
                0x0000000000065b5c       0x39 /home/janne/ebsdk/ebfw/obj/lx164/lib.a(vga.o)
 .rodata.str1.1
                0x0000000000065b5c      0x349 /home/janne/ebsdk/ebfw/obj/lx164/lib.a(pci.o)
 *fill*         0x0000000000065b5c        0x4 
 .rodata        0x0000000000065b60       0x70 /home/janne/ebsdk/ebfw/obj/lx164/lib.a(pci.o)
 .rodata.str1.1
                0x0000000000065bd0      0x4ed /home/janne/ebsdk/ebfw/obj/lx164/lib.a(mflash.o)
 .rodata.str1.1
                0x0000000000065bd0        0xf /home/janne/ebsdk/ebfw/obj/lx164/lib.a(28f008sa.o)
 .rodata.str1.1
                0x0000000000065bd0       0x1a /home/janne/ebsdk/ebfw/obj/lx164/lib.a(29f040.o)
 .rodata.str1.1
                0x0000000000065bd0       0x5c /home/janne/ebsdk/ebfw/obj/lx164/lib.a(tga.o)
 .rodata        0x0000000000065bd0       0x70 /home/janne/ebsdk/ebfw/obj/lx164/lib.a(tga.o)
                0x0000000000065bd0                FBPixelDataConvert
                0x0000000000065c10                VGADefaultPalette
 .rodata        0x0000000000065c40      0x100 /home/janne/ebsdk/ebfw/obj/lx164/lib.a(ctype.o)
                0x0000000000065c40                ctypeArray
 .rodata.cst8   0x0000000000065d40        0x8 /home/janne/ebsdk/ebfw/obj/lx164/lib.a(rand.o)
 .rodata.str1.1
                0x0000000000065d40      0x1fd /home/janne/ebsdk/ebfw/obj/lx164/lib.a(mcheck.o)
 .rodata.str1.1
                0x0000000000065d40      0x25a /home/janne/ebsdk/ebfw/obj/lx164/lib.a(memt.o)
 .rodata.cst4   0x0000000000065d40        0x4 /home/janne/ebsdk/ebfw/obj/lx164/lib.a(memt.o)
 .rodata.cst8   0x0000000000065d40        0x8 /home/janne/ebsdk/ebfw/obj/lx164/lib.a(memt.o)
 .rodata.str1.1
                0x0000000000065d40       0xcb /home/janne/ebsdk/ebfw/obj/lx164/lib.a(floppy.o)
 .rodata.cst8   0x0000000000065d40        0x8 /home/janne/ebsdk/ebfw/obj/lx164/lib.a(scanf.o)
 .rodata.cst4   0x0000000000065d40        0xc /home/janne/ebsdk/ebfw/obj/lx164/lib.a(atof.o)
 .rodata.str1.1
                0x0000000000065d40       0x4c /home/janne/ebsdk/ebfw/obj/lx164/stubs.a(cxx.o)
 .rodata        0x0000000000065d40       0x40 /usr/alpha-linux-gnu/lib/libc.a(wordcopy.o)
 *(.rdata)
 .rdata         0x0000000000065d80       0x80 /home/janne/ebsdk/ebfw/library/unix/release/biosem.a(hw.o)
 .rdata         0x0000000000065e00      0x1c0 /home/janne/ebsdk/ebfw/library/unix/release/biosem.a(bios.o)
 .rdata         0x0000000000065fc0       0x10 /home/janne/ebsdk/ebfw/library/unix/release/biosem.a(oper_cpp.o)
 .rdata         0x0000000000065fd0      0x2e0 /home/janne/ebsdk/ebfw/library/unix/release/biosem.a(cpu.o)
 .rdata         0x00000000000662b0       0xb0 /home/janne/ebsdk/ebfw/library/unix/release/biosem.a(instr.o)
                0x0000000000066360                PROVIDE (_fpdata = .)
 *(.pdata)
 .pdata         0x0000000000066360      0x100 /home/janne/ebsdk/ebfw/library/unix/release/biosem.a(target.o)
 .pdata         0x0000000000066460       0x48 /home/janne/ebsdk/ebfw/library/unix/release/biosem.a(control.o)
 *fill*         0x00000000000664a8        0x8 
 .pdata         0x00000000000664b0       0xc0 /home/janne/ebsdk/ebfw/library/unix/release/biosem.a(hw.o)
 .pdata         0x0000000000066570      0x550 /home/janne/ebsdk/ebfw/library/unix/release/biosem.a(iface.o)
 .pdata         0x0000000000066ac0       0x18 /home/janne/ebsdk/ebfw/library/unix/release/biosem.a(cpp.o)
 *fill*         0x0000000000066ad8        0x8 
 .pdata         0x0000000000066ae0       0xe8 /home/janne/ebsdk/ebfw/library/unix/release/biosem.a(bios.o)
 *fill*         0x0000000000066bc8        0x8 
 .pdata         0x0000000000066bd0      0x4d0 /home/janne/ebsdk/ebfw/library/unix/release/biosem.a(oper_cpp.o)
 .pdata         0x00000000000670a0      0x750 /home/janne/ebsdk/ebfw/library/unix/release/biosem.a(cpu.o)
 .pdata         0x00000000000677f0      0x668 /home/janne/ebsdk/ebfw/library/unix/release/biosem.a(instr.o)

.rodata1
 *(.rodata1)

.sdata2
 *(.sdata2 .sdata2.* .gnu.linkonce.s2.*)

.sbss2
 *(.sbss2 .sbss2.* .gnu.linkonce.sb2.*)

.reginfo
 *(.reginfo)

.eh_frame_hdr
 *(.eh_frame_hdr)
 *(.eh_frame_entry .eh_frame_entry.*)

.eh_frame       0x0000000000067e58     0x5e0c
 *(.eh_frame)
 .eh_frame      0x0000000000067e58       0xb0 /home/janne/ebsdk/ebfw/obj/lx164/main.o
 .eh_frame      0x0000000000067f08       0xc8 /home/janne/ebsdk/ebfw/obj/lx164/dis.o
                                         0xe0 (size before relaxing)
 .eh_frame      0x0000000000067fd0      0x170 /home/janne/ebsdk/ebfw/obj/lx164/ffexec.o
                                        0x188 (size before relaxing)
 .eh_frame      0x0000000000068140      0xaa8 /home/janne/ebsdk/ebfw/obj/lx164/cmd.o
                                        0xab8 (size before relaxing)
 .eh_frame      0x0000000000068be8       0xb8 /home/janne/ebsdk/ebfw/obj/lx164/console.o
                                         0xd0 (size before relaxing)
 .eh_frame      0x0000000000068ca0      0x108 /home/janne/ebsdk/ebfw/obj/lx164/uart.o
                                        0x120 (size before relaxing)
 .eh_frame      0x0000000000068da8       0x78 /home/janne/ebsdk/ebfw/obj/lx164/sromport.o
                                         0x88 (size before relaxing)
 .eh_frame      0x0000000000068e20      0x280 /home/janne/ebsdk/ebfw/obj/lx164/io_port.o
                                        0x290 (size before relaxing)
 .eh_frame      0x00000000000690a0       0xa8 /home/janne/ebsdk/ebfw/obj/lx164/file.o
                                         0xc0 (size before relaxing)
 .eh_frame      0x0000000000069148       0x90 /home/janne/ebsdk/ebfw/obj/lx164/malloc.o
                                         0xa8 (size before relaxing)
 .eh_frame      0x00000000000691d8      0x108 /home/janne/ebsdk/ebfw/obj/lx164/rtc.o
                                        0x120 (size before relaxing)
 .eh_frame      0x00000000000692e0       0x40 /home/janne/ebsdk/ebfw/obj/lx164/mouse.o
                                         0x50 (size before relaxing)
 .eh_frame      0x0000000000069320       0xb0 /home/janne/ebsdk/ebfw/obj/lx164/xmodem.o
                                         0xc0 (size before relaxing)
 .eh_frame      0x00000000000693d0       0xa0 /home/janne/ebsdk/ebfw/obj/lx164/lx164mck.o
                                         0xb8 (size before relaxing)
 .eh_frame      0x0000000000069470       0x18 /home/janne/ebsdk/ebfw/obj/lx164/ladbxusr.o
                                         0x30 (size before relaxing)
 .eh_frame      0x0000000000069488       0x38 /home/janne/ebsdk/ebfw/obj/lx164/dpml.o
                                         0x50 (size before relaxing)
 .eh_frame      0x00000000000694c0      0x130 /home/janne/ebsdk/ebfw/obj/lx164/ether.a(arp.o)
                                        0x140 (size before relaxing)
 .eh_frame      0x00000000000695f0      0x170 /home/janne/ebsdk/ebfw/obj/lx164/ether.a(edevice.o)
                                        0x180 (size before relaxing)
 .eh_frame      0x0000000000069760      0x158 /home/janne/ebsdk/ebfw/obj/lx164/ether.a(ethernet.o)
                                        0x170 (size before relaxing)
 .eh_frame      0x00000000000698b8      0x128 /home/janne/ebsdk/ebfw/obj/lx164/ether.a(ip.o)
                                        0x138 (size before relaxing)
 .eh_frame      0x00000000000699e0       0x28 /home/janne/ebsdk/ebfw/obj/lx164/ether.a(net_buff.o)
                                         0x40 (size before relaxing)
 .eh_frame      0x0000000000069a08       0x38 /home/janne/ebsdk/ebfw/obj/lx164/ether.a(netboot.o)
                                         0x48 (size before relaxing)
 .eh_frame      0x0000000000069a40       0xc0 /home/janne/ebsdk/ebfw/obj/lx164/ether.a(netman.o)
                                         0xd0 (size before relaxing)
 .eh_frame      0x0000000000069b00      0x108 /home/janne/ebsdk/ebfw/obj/lx164/ether.a(tftp.o)
                                        0x118 (size before relaxing)
 .eh_frame      0x0000000000069c08      0x148 /home/janne/ebsdk/ebfw/obj/lx164/ether.a(udp.o)
                                        0x160 (size before relaxing)
 .eh_frame      0x0000000000069d50      0x2f0 /home/janne/ebsdk/ebfw/obj/lx164/ether.a(DEC21040.o)
                                        0x300 (size before relaxing)
 .eh_frame      0x000000000006a040      0x290 /home/janne/ebsdk/ebfw/obj/lx164/ether.a(am79c960.o)
                                        0x2a0 (size before relaxing)
 .eh_frame      0x000000000006a2d0       0x80 /home/janne/ebsdk/ebfw/obj/lx164/ether.a(bootp.o)
                                         0x98 (size before relaxing)
 .eh_frame      0x000000000006a350      0x478 /home/janne/ebsdk/ebfw/obj/lx164/ladebug.a(kernel.o)
                                        0x490 (size before relaxing)
 .eh_frame      0x000000000006a7c8      0x180 /home/janne/ebsdk/ebfw/obj/lx164/ladebug.a(readloop.o)
                                        0x198 (size before relaxing)
 .eh_frame      0x000000000006a948       0x48 /home/janne/ebsdk/ebfw/obj/lx164/ladebug.a(kutil.o)
                                         0x58 (size before relaxing)
 .eh_frame      0x000000000006a990       0xa0 /home/janne/ebsdk/ebfw/obj/lx164/ladebug.a(bptable.o)
                                         0xb8 (size before relaxing)
 .eh_frame      0x000000000006aa30       0x40 /home/janne/ebsdk/ebfw/obj/lx164/ladebug.a(pkthandl.o)
                                         0x58 (size before relaxing)
 .eh_frame      0x000000000006aa70       0xa0 /home/janne/ebsdk/ebfw/obj/lx164/ladebug.a(pktutil.o)
                                         0xb8 (size before relaxing)
 .eh_frame      0x000000000006ab10      0x3c0 /home/janne/ebsdk/ebfw/obj/lx164/lib.a(lx164_io.o)
                                        0x3d8 (size before relaxing)
 .eh_frame      0x000000000006aed0       0x88 /home/janne/ebsdk/ebfw/obj/lx164/lib.a(lx164mem.o)
                                         0xa0 (size before relaxing)
 .eh_frame      0x000000000006af58       0x20 /home/janne/ebsdk/ebfw/obj/lx164/lib.a(iobusini.o)
                                         0x30 (size before relaxing)
 .eh_frame      0x000000000006af78       0x78 /home/janne/ebsdk/ebfw/obj/lx164/lib.a(beep.o)
                                         0x90 (size before relaxing)
 .eh_frame      0x000000000006aff0       0xa0 /home/janne/ebsdk/ebfw/obj/lx164/lib.a(time.o)
                                         0xb8 (size before relaxing)
 .eh_frame      0x000000000006b090       0x48 /home/janne/ebsdk/ebfw/obj/lx164/lib.a(initdata.o)
                                         0x58 (size before relaxing)
 .eh_frame      0x000000000006b0d8       0x30 /home/janne/ebsdk/ebfw/obj/lx164/lib.a(fsboot.o)
                                         0x48 (size before relaxing)
 .eh_frame      0x000000000006b108      0x1e8 /home/janne/ebsdk/ebfw/obj/lx164/lib.a(fileio.o)
                                        0x1f8 (size before relaxing)
 .eh_frame      0x000000000006b2f0      0x4b0 /home/janne/ebsdk/ebfw/obj/lx164/lib.a(fatdrv.o)
                                        0x4c0 (size before relaxing)
 .eh_frame      0x000000000006b7a0       0x38 /home/janne/ebsdk/ebfw/obj/lx164/lib.a(ident.o)
                                         0x50 (size before relaxing)
 .eh_frame      0x000000000006b7d8       0x30 /home/janne/ebsdk/ebfw/obj/lx164/lib.a(int.o)
                                         0x40 (size before relaxing)
 .eh_frame      0x000000000006b808      0x130 /home/janne/ebsdk/ebfw/obj/lx164/lib.a(kbd.o)
                                        0x148 (size before relaxing)
 .eh_frame      0x000000000006b938       0xf8 /home/janne/ebsdk/ebfw/obj/lx164/lib.a(memtest.o)
                                        0x108 (size before relaxing)
 .eh_frame      0x000000000006ba30       0xa8 /home/janne/ebsdk/ebfw/obj/lx164/lib.a(pr.o)
                                         0xc0 (size before relaxing)
 .eh_frame      0x000000000006bad8      0x230 /home/janne/ebsdk/ebfw/obj/lx164/lib.a(printf.o)
                                        0x240 (size before relaxing)
 .eh_frame      0x000000000006bd08       0x30 /home/janne/ebsdk/ebfw/obj/lx164/lib.a(puts.o)
                                         0x40 (size before relaxing)
 .eh_frame      0x000000000006bd38       0x90 /home/janne/ebsdk/ebfw/obj/lx164/lib.a(strtoul.o)
                                         0xa8 (size before relaxing)
 .eh_frame      0x000000000006bdc8      0x158 /home/janne/ebsdk/ebfw/obj/lx164/lib.a(rom.o)
                                        0x170 (size before relaxing)
 .eh_frame      0x000000000006bf20      0x188 /home/janne/ebsdk/ebfw/obj/lx164/lib.a(romhead.o)
                                        0x1a0 (size before relaxing)
 .eh_frame      0x000000000006c0a8       0x78 /home/janne/ebsdk/ebfw/obj/lx164/lib.a(search.o)
                                         0x88 (size before relaxing)
 .eh_frame      0x000000000006c120      0x1c0 /home/janne/ebsdk/ebfw/obj/lx164/lib.a(vga.o)
                                        0x1d8 (size before relaxing)
 .eh_frame      0x000000000006c2e0      0x360 /home/janne/ebsdk/ebfw/obj/lx164/lib.a(pci.o)
                                        0x378 (size before relaxing)
 .eh_frame      0x000000000006c640       0xb0 /home/janne/ebsdk/ebfw/obj/lx164/lib.a(mflash.o)
                                         0xc8 (size before relaxing)
 .eh_frame      0x000000000006c6f0      0x138 /home/janne/ebsdk/ebfw/obj/lx164/lib.a(28f008sa.o)
                                        0x150 (size before relaxing)
 .eh_frame      0x000000000006c828      0x160 /home/janne/ebsdk/ebfw/obj/lx164/lib.a(29f040.o)
                                        0x178 (size before relaxing)
 .eh_frame      0x000000000006c988       0xf0 /home/janne/ebsdk/ebfw/obj/lx164/lib.a(tga.o)
                                        0x100 (size before relaxing)
 .eh_frame      0x000000000006ca78       0x78 /home/janne/ebsdk/ebfw/obj/lx164/lib.a(string.o)
                                         0x90 (size before relaxing)
 .eh_frame      0x000000000006caf0      0x118 /home/janne/ebsdk/ebfw/obj/lx164/lib.a(ctype.o)
                                        0x130 (size before relaxing)
 .eh_frame      0x000000000006cc08       0x98 /home/janne/ebsdk/ebfw/obj/lx164/lib.a(ftype.o)
                                         0xb0 (size before relaxing)
 .eh_frame      0x000000000006cca0       0x50 /home/janne/ebsdk/ebfw/obj/lx164/lib.a(rand.o)
                                         0x68 (size before relaxing)
 .eh_frame      0x000000000006ccf0       0x98 /home/janne/ebsdk/ebfw/obj/lx164/lib.a(smc.o)
                                         0xa8 (size before relaxing)
 .eh_frame      0x000000000006cd88       0x18 /home/janne/ebsdk/ebfw/obj/lx164/lib.a(sum.o)
                                         0x28 (size before relaxing)
 .eh_frame      0x000000000006cda0       0x90 /home/janne/ebsdk/ebfw/obj/lx164/lib.a(mcheck.o)
                                         0xa0 (size before relaxing)
 .eh_frame      0x000000000006ce30       0x28 /home/janne/ebsdk/ebfw/obj/lx164/lib.a(isa_dma.o)
                                         0x38 (size before relaxing)
 .eh_frame      0x000000000006ce58      0x328 /home/janne/ebsdk/ebfw/obj/lx164/lib.a(memt.o)
                                        0x340 (size before relaxing)
 .eh_frame      0x000000000006d180      0x1a8 /home/janne/ebsdk/ebfw/obj/lx164/lib.a(floppy.o)
                                        0x1b8 (size before relaxing)
 .eh_frame      0x000000000006d328      0x190 /home/janne/ebsdk/ebfw/obj/lx164/lib.a(scanf.o)
                                        0x1a0 (size before relaxing)
 .eh_frame      0x000000000006d4b8       0x68 /home/janne/ebsdk/ebfw/obj/lx164/lib.a(atof.o)
                                         0x78 (size before relaxing)
 .eh_frame      0x000000000006d520       0xa0 /home/janne/ebsdk/ebfw/obj/lx164/lib.a(halp.o)
                                         0xb0 (size before relaxing)
 .eh_frame      0x000000000006d5c0       0xe8 /home/janne/ebsdk/ebfw/obj/lx164/lib.a(flash.o)
                                         0xf8 (size before relaxing)
 .eh_frame      0x000000000006d6a8       0x30 /home/janne/ebsdk/ebfw/obj/lx164/lib.a(exit.o)
                                         0x48 (size before relaxing)
 .eh_frame      0x000000000006d6d8       0x28 /home/janne/ebsdk/ebfw/obj/lx164/lib.a(setjmp.o)
                                         0x40 (size before relaxing)
 .eh_frame      0x000000000006d700       0x68 /home/janne/ebsdk/ebfw/obj/lx164/stubs.a(cxx.o)
                                         0x80 (size before relaxing)
 .eh_frame      0x000000000006d768       0x18 /home/janne/ebsdk/ebfw/obj/lx164/stubs.a(fflush.o)
                                         0x28 (size before relaxing)
 .eh_frame      0x000000000006d780       0x18 /home/janne/ebsdk/ebfw/obj/lx164/stubs.a(sflash.o)
                                         0x28 (size before relaxing)
 .eh_frame      0x000000000006d798       0x38 /usr/alpha-linux-gnu/lib/libc.a(memmove.o)
                                         0x50 (size before relaxing)
 .eh_frame      0x000000000006d7d0       0x18 /usr/alpha-linux-gnu/lib/libc.a(strcat.o)
                                         0x28 (size before relaxing)
 .eh_frame      0x000000000006d7e8       0x18 /usr/alpha-linux-gnu/lib/libc.a(strchr.o)
                                         0x28 (size before relaxing)
 .eh_frame      0x000000000006d800       0x18 /usr/alpha-linux-gnu/lib/libc.a(strcmp.o)
                                         0x28 (size before relaxing)
 .eh_frame      0x000000000006d818       0x18 /usr/alpha-linux-gnu/lib/libc.a(strcpy.o)
                                         0x28 (size before relaxing)
 .eh_frame      0x000000000006d830       0x18 /usr/alpha-linux-gnu/lib/libc.a(strncat.o)
                                         0x28 (size before relaxing)
 .eh_frame      0x000000000006d848       0x18 /usr/alpha-linux-gnu/lib/libc.a(strncmp.o)
                                         0x28 (size before relaxing)
 .eh_frame      0x000000000006d860       0x18 /usr/alpha-linux-gnu/lib/libc.a(strncpy.o)
                                         0x28 (size before relaxing)
 .eh_frame      0x000000000006d878       0x18 /usr/alpha-linux-gnu/lib/libc.a(strrchr.o)
                                         0x28 (size before relaxing)
 .eh_frame      0x000000000006d890       0x88 /usr/alpha-linux-gnu/lib/libc.a(strstr.o)
                                         0x98 (size before relaxing)
 .eh_frame      0x000000000006d918       0x50 /usr/alpha-linux-gnu/lib/libc.a(wordcopy.o)
                                         0x68 (size before relaxing)
 .eh_frame      0x000000000006d968       0x28 /usr/alpha-linux-gnu/lib/libc.a(stxcpy.o)
 .eh_frame      0x000000000006d990       0x18 /usr/alpha-linux-gnu/lib/libc.a(stxncpy.o)
                                         0x28 (size before relaxing)
 .eh_frame      0x000000000006d9a8       0x40 /usr/alpha-linux-gnu/lib/libc.a(divl.o)
                                         0x50 (size before relaxing)
 .eh_frame      0x000000000006d9e8       0x40 /usr/alpha-linux-gnu/lib/libc.a(divlu.o)
                                         0x50 (size before relaxing)
 .eh_frame      0x000000000006da28       0x60 /usr/alpha-linux-gnu/lib/libc.a(divq.o)
                                         0x70 (size before relaxing)
 .eh_frame      0x000000000006da88       0x68 /usr/alpha-linux-gnu/lib/libc.a(divqu.o)
                                         0x78 (size before relaxing)
 .eh_frame      0x000000000006daf0       0x40 /usr/alpha-linux-gnu/lib/libc.a(reml.o)
                                         0x50 (size before relaxing)
 .eh_frame      0x000000000006db30       0x40 /usr/alpha-linux-gnu/lib/libc.a(remlu.o)
                                         0x50 (size before relaxing)
 .eh_frame      0x000000000006db70       0x60 /usr/alpha-linux-gnu/lib/libc.a(remq.o)
                                         0x70 (size before relaxing)
 .eh_frame      0x000000000006dbd0       0x70 /usr/alpha-linux-gnu/lib/libc.a(remqu.o)
                                         0x80 (size before relaxing)
 .eh_frame      0x000000000006dc40       0x24 /usr/alpha-linux-gnu/lib/libc.a(strnlen.o)
                                         0x38 (size before relaxing)
 *(.eh_frame.*)

.sframe
 *(.sframe)
 *(.sframe.*)

.gcc_except_table
 *(.gcc_except_table .gcc_except_table.*)

.gnu_extab
 *(.gnu_extab*)

.exception_ranges
 *(.exception_ranges*)

.note.build-id
 *(.note.build-id)

.note.GNU-stack
                0x000000000006dc64        0x0
 *(.note.GNU-stack)
 .note.GNU-stack
                0x000000000006dc64        0x0 /home/janne/ebsdk/ebfw/obj/lx164/main.o
 .note.GNU-stack
                0x000000000006dc64        0x0 /home/janne/ebsdk/ebfw/obj/lx164/dis.o
 .note.GNU-stack
                0x000000000006dc64        0x0 /home/janne/ebsdk/ebfw/obj/lx164/ffexec.o
 .note.GNU-stack
                0x000000000006dc64        0x0 /home/janne/ebsdk/ebfw/obj/lx164/cmd.o
 .note.GNU-stack
                0x000000000006dc64        0x0 /home/janne/ebsdk/ebfw/obj/lx164/console.o
 .note.GNU-stack
                0x000000000006dc64        0x0 /home/janne/ebsdk/ebfw/obj/lx164/uart.o
 .note.GNU-stack
                0x000000000006dc64        0x0 /home/janne/ebsdk/ebfw/obj/lx164/sromport.o
 .note.GNU-stack
                0x000000000006dc64        0x0 /home/janne/ebsdk/ebfw/obj/lx164/io_port.o
 .note.GNU-stack
                0x000000000006dc64        0x0 /home/janne/ebsdk/ebfw/obj/lx164/file.o
 .note.GNU-stack
                0x000000000006dc64        0x0 /home/janne/ebsdk/ebfw/obj/lx164/malloc.o
 .note.GNU-stack
                0x000000000006dc64        0x0 /home/janne/ebsdk/ebfw/obj/lx164/rtc.o
 .note.GNU-stack
                0x000000000006dc64        0x0 /home/janne/ebsdk/ebfw/obj/lx164/mouse.o
 .note.GNU-stack
                0x000000000006dc64        0x0 /home/janne/ebsdk/ebfw/obj/lx164/xmodem.o
 .note.GNU-stack
                0x000000000006dc64        0x0 /home/janne/ebsdk/ebfw/obj/lx164/lx164mck.o
 .note.GNU-stack
                0x000000000006dc64        0x0 /home/janne/ebsdk/ebfw/obj/lx164/dpml.o
 .note.GNU-stack
                0x000000000006dc64        0x0 /home/janne/ebsdk/ebfw/obj/lx164/ether.a(arp.o)
 .note.GNU-stack
                0x000000000006dc64        0x0 /home/janne/ebsdk/ebfw/obj/lx164/ether.a(edevice.o)
 .note.GNU-stack
                0x000000000006dc64        0x0 /home/janne/ebsdk/ebfw/obj/lx164/ether.a(ethernet.o)
 .note.GNU-stack
                0x000000000006dc64        0x0 /home/janne/ebsdk/ebfw/obj/lx164/ether.a(ip.o)
 .note.GNU-stack
                0x000000000006dc64        0x0 /home/janne/ebsdk/ebfw/obj/lx164/ether.a(net_buff.o)
 .note.GNU-stack
                0x000000000006dc64        0x0 /home/janne/ebsdk/ebfw/obj/lx164/ether.a(netboot.o)
 .note.GNU-stack
                0x000000000006dc64        0x0 /home/janne/ebsdk/ebfw/obj/lx164/ether.a(netman.o)
 .note.GNU-stack
                0x000000000006dc64        0x0 /home/janne/ebsdk/ebfw/obj/lx164/ether.a(tftp.o)
 .note.GNU-stack
                0x000000000006dc64        0x0 /home/janne/ebsdk/ebfw/obj/lx164/ether.a(udp.o)
 .note.GNU-stack
                0x000000000006dc64        0x0 /home/janne/ebsdk/ebfw/obj/lx164/ether.a(DEC21040.o)
 .note.GNU-stack
                0x000000000006dc64        0x0 /home/janne/ebsdk/ebfw/obj/lx164/ether.a(am79c960.o)
 .note.GNU-stack
                0x000000000006dc64        0x0 /home/janne/ebsdk/ebfw/obj/lx164/ether.a(bootp.o)
 .note.GNU-stack
                0x000000000006dc64        0x0 /home/janne/ebsdk/ebfw/obj/lx164/ladebug.a(kernel.o)
 .note.GNU-stack
                0x000000000006dc64        0x0 /home/janne/ebsdk/ebfw/obj/lx164/ladebug.a(readloop.o)
 .note.GNU-stack
                0x000000000006dc64        0x0 /home/janne/ebsdk/ebfw/obj/lx164/ladebug.a(bptable.o)
 .note.GNU-stack
                0x000000000006dc64        0x0 /home/janne/ebsdk/ebfw/obj/lx164/ladebug.a(pkthandl.o)
 .note.GNU-stack
                0x000000000006dc64        0x0 /home/janne/ebsdk/ebfw/obj/lx164/ladebug.a(pktutil.o)
 .note.GNU-stack
                0x000000000006dc64        0x0 /home/janne/ebsdk/ebfw/obj/lx164/lib.a(lx164_io.o)
 .note.GNU-stack
                0x000000000006dc64        0x0 /home/janne/ebsdk/ebfw/obj/lx164/lib.a(lx164mem.o)
 .note.GNU-stack
                0x000000000006dc64        0x0 /home/janne/ebsdk/ebfw/obj/lx164/lib.a(iobusini.o)
 .note.GNU-stack
                0x000000000006dc64        0x0 /home/janne/ebsdk/ebfw/obj/lx164/lib.a(beep.o)
 .note.GNU-stack
                0x000000000006dc64        0x0 /home/janne/ebsdk/ebfw/obj/lx164/lib.a(time.o)
 .note.GNU-stack
                0x000000000006dc64        0x0 /home/janne/ebsdk/ebfw/obj/lx164/lib.a(initdata.o)
 .note.GNU-stack
                0x000000000006dc64        0x0 /home/janne/ebsdk/ebfw/obj/lx164/lib.a(fsboot.o)
 .note.GNU-stack
                0x000000000006dc64        0x0 /home/janne/ebsdk/ebfw/obj/lx164/lib.a(fileio.o)
 .note.GNU-stack
                0x000000000006dc64        0x0 /home/janne/ebsdk/ebfw/obj/lx164/lib.a(fatdrv.o)
 .note.GNU-stack
                0x000000000006dc64        0x0 /home/janne/ebsdk/ebfw/obj/lx164/lib.a(ident.o)
 .note.GNU-stack
                0x000000000006dc64        0x0 /home/janne/ebsdk/ebfw/obj/lx164/lib.a(int.o)
 .note.GNU-stack
                0x000000000006dc64        0x0 /home/janne/ebsdk/ebfw/obj/lx164/lib.a(kbd.o)
 .note.GNU-stack
                0x000000000006dc64        0x0 /home/janne/ebsdk/ebfw/obj/lx164/lib.a(memtest.o)
 .note.GNU-stack
                0x000000000006dc64        0x0 /home/janne/ebsdk/ebfw/obj/lx164/lib.a(pr.o)
 .note.GNU-stack
                0x000000000006dc64        0x0 /home/janne/ebsdk/ebfw/obj/lx164/lib.a(printf.o)
 .note.GNU-stack
                0x000000000006dc64        0x0 /home/janne/ebsdk/ebfw/obj/lx164/lib.a(puts.o)
 .note.GNU-stack
                0x000000000006dc64        0x0 /home/janne/ebsdk/ebfw/obj/lx164/lib.a(strtoul.o)
 .note.GNU-stack
                0x000000000006dc64        0x0 /home/janne/ebsdk/ebfw/obj/lx164/lib.a(rom.o)
 .note.GNU-stack
                0x000000000006dc64        0x0 /home/janne/ebsdk/ebfw/obj/lx164/lib.a(romhead.o)
 .note.GNU-stack
                0x000000000006dc64        0x0 /home/janne/ebsdk/ebfw/obj/lx164/lib.a(search.o)
 .note.GNU-stack
                0x000000000006dc64        0x0 /home/janne/ebsdk/ebfw/obj/lx164/lib.a(vga.o)
 .note.GNU-stack
                0x000000000006dc64        0x0 /home/janne/ebsdk/ebfw/obj/lx164/lib.a(vgafont.o)
 .note.GNU-stack
                0x000000000006dc64        0x0 /home/janne/ebsdk/ebfw/obj/lx164/lib.a(xlate.o)
 .note.GNU-stack
                0x000000000006dc64        0x0 /home/janne/ebsdk/ebfw/obj/lx164/lib.a(pci.o)
 .note.GNU-stack
                0x000000000006dc64        0x0 /home/janne/ebsdk/ebfw/obj/lx164/lib.a(mflash.o)
 .note.GNU-stack
                0x000000000006dc64        0x0 /home/janne/ebsdk/ebfw/obj/lx164/lib.a(28f008sa.o)
 .note.GNU-stack
                0x000000000006dc64        0x0 /home/janne/ebsdk/ebfw/obj/lx164/lib.a(29f040.o)
 .note.GNU-stack
                0x000000000006dc64        0x0 /home/janne/ebsdk/ebfw/obj/lx164/lib.a(tga.o)
 .note.GNU-stack
                0x000000000006dc64        0x0 /home/janne/ebsdk/ebfw/obj/lx164/lib.a(string.o)
 .note.GNU-stack
                0x000000000006dc64        0x0 /home/janne/ebsdk/ebfw/obj/lx164/lib.a(ctype.o)
 .note.GNU-stack
                0x000000000006dc64        0x0 /home/janne/ebsdk/ebfw/obj/lx164/lib.a(ftype.o)
 .note.GNU-stack
                0x000000000006dc64        0x0 /home/janne/ebsdk/ebfw/obj/lx164/lib.a(rand.o)
 .note.GNU-stack
                0x000000000006dc64        0x0 /home/janne/ebsdk/ebfw/obj/lx164/lib.a(smc.o)
 .note.GNU-stack
                0x000000000006dc64        0x0 /home/janne/ebsdk/ebfw/obj/lx164/lib.a(sum.o)
 .note.GNU-stack
                0x000000000006dc64        0x0 /home/janne/ebsdk/ebfw/obj/lx164/lib.a(mcheck.o)
 .note.GNU-stack
                0x000000000006dc64        0x0 /home/janne/ebsdk/ebfw/obj/lx164/lib.a(isa_dma.o)
 .note.GNU-stack
                0x000000000006dc64        0x0 /home/janne/ebsdk/ebfw/obj/lx164/lib.a(memt.o)
 .note.GNU-stack
                0x000000000006dc64        0x0 /home/janne/ebsdk/ebfw/obj/lx164/lib.a(floppy.o)
 .note.GNU-stack
                0x000000000006dc64        0x0 /home/janne/ebsdk/ebfw/obj/lx164/lib.a(scanf.o)
 .note.GNU-stack
                0x000000000006dc64        0x0 /home/janne/ebsdk/ebfw/obj/lx164/lib.a(atof.o)
 .note.GNU-stack
                0x000000000006dc64        0x0 /home/janne/ebsdk/ebfw/obj/lx164/lib.a(halp.o)
 .note.GNU-stack
                0x000000000006dc64        0x0 /home/janne/ebsdk/ebfw/obj/lx164/lib.a(flash.o)
 .note.GNU-stack
                0x000000000006dc64        0x0 /home/janne/ebsdk/ebfw/obj/lx164/lib.a(exit.o)
 .note.GNU-stack
                0x000000000006dc64        0x0 /home/janne/ebsdk/ebfw/obj/lx164/stubs.a(cxx.o)
 .note.GNU-stack
                0x000000000006dc64        0x0 /home/janne/ebsdk/ebfw/obj/lx164/stubs.a(fflush.o)
 .note.GNU-stack
                0x000000000006dc64        0x0 /home/janne/ebsdk/ebfw/obj/lx164/stubs.a(stdlib.o)
 .note.GNU-stack
                0x000000000006dc64        0x0 /home/janne/ebsdk/ebfw/obj/lx164/stubs.a(sflash.o)
 .note.GNU-stack
                0x000000000006dc64        0x0 /home/janne/ebsdk/ebfw/obj/lx164/dbmver.o
 .note.GNU-stack
                0x000000000006dc64        0x0 /usr/alpha-linux-gnu/lib/libc.a(memmove.o)
 .note.GNU-stack
                0x000000000006dc64        0x0 /usr/alpha-linux-gnu/lib/libc.a(strcat.o)
 .note.GNU-stack
                0x000000000006dc64        0x0 /usr/alpha-linux-gnu/lib/libc.a(strchr.o)
 .note.GNU-stack
                0x000000000006dc64        0x0 /usr/alpha-linux-gnu/lib/libc.a(strcmp.o)
 .note.GNU-stack
                0x000000000006dc64        0x0 /usr/alpha-linux-gnu/lib/libc.a(strcpy.o)
 .note.GNU-stack
                0x000000000006dc64        0x0 /usr/alpha-linux-gnu/lib/libc.a(strncat.o)
 .note.GNU-stack
                0x000000000006dc64        0x0 /usr/alpha-linux-gnu/lib/libc.a(strncmp.o)
 .note.GNU-stack
                0x000000000006dc64        0x0 /usr/alpha-linux-gnu/lib/libc.a(strncpy.o)
 .note.GNU-stack
                0x000000000006dc64        0x0 /usr/alpha-linux-gnu/lib/libc.a(strrchr.o)
 .note.GNU-stack
                0x000000000006dc64        0x0 /usr/alpha-linux-gnu/lib/libc.a(strstr.o)
 .note.GNU-stack
                0x000000000006dc64        0x0 /usr/alpha-linux-gnu/lib/libc.a(wordcopy.o)
 .note.GNU-stack
                0x000000000006dc64        0x0 /usr/alpha-linux-gnu/lib/libc.a(stxcpy.o)
 .note.GNU-stack
                0x000000000006dc64        0x0 /usr/alpha-linux-gnu/lib/libc.a(stxncpy.o)
 .note.GNU-stack
                0x000000000006dc64        0x0 /usr/alpha-linux-gnu/lib/libc.a(divl.o)
 .note.GNU-stack
                0x000000000006dc64        0x0 /usr/alpha-linux-gnu/lib/libc.a(divlu.o)
 .note.GNU-stack
                0x000000000006dc64        0x0 /usr/alpha-linux-gnu/lib/libc.a(divq.o)
 .note.GNU-stack
                0x000000000006dc64        0x0 /usr/alpha-linux-gnu/lib/libc.a(divqu.o)
 .note.GNU-stack
                0x000000000006dc64        0x0 /usr/alpha-linux-gnu/lib/libc.a(reml.o)
 .note.GNU-stack
                0x000000000006dc64        0x0 /usr/alpha-linux-gnu/lib/libc.a(remlu.o)
 .note.GNU-stack
                0x000000000006dc64        0x0 /usr/alpha-linux-gnu/lib/libc.a(remq.o)
 .note.GNU-stack
                0x000000000006dc64        0x0 /usr/alpha-linux-gnu/lib/libc.a(remqu.o)
 .note.GNU-stack
                0x000000000006dc64        0x0 /usr/alpha-linux-gnu/lib/libc.a(strnlen.o)

.note.gnu-property
 *(.note.gnu-property)

.note.ABI-tag
 *(.note.ABI-tag)

.note.package
 *(.note.package)

.note.dlopen
 *(.note.dlopen)

.note.netbsd.ident
 *(.note.netbsd.ident)

.note.openbsd.ident
 *(.note.openbsd.ident)
                0x000000000006dc64                . = .

.eh_frame
 *(.eh_frame)
 *(.eh_frame.*)

.sframe
 *(.sframe)
 *(.sframe.*)

.gnu_extab
 *(.gnu_extab)

.gcc_except_table
 *(.gcc_except_table .gcc_except_table.*)

.exception_ranges
 *(.exception_ranges*)

.tdata          0x000000000006dc64        0x0
                [!provide]                        PROVIDE (__tdata_start = .)
 *(.tdata .tdata.* .gnu.linkonce.td.*)

.tbss
 *(.tbss .tbss.* .gnu.linkonce.tb.*)
 *(.tcommon)

.preinit_array  0x000000000006dc64        0x0
                [!provide]                        PROVIDE (__preinit_array_start = .)
 *(.preinit_array)
                [!provide]                        PROVIDE (__preinit_array_end = .)

.init_array     0x000000000006dc64        0x0
                [!provide]                        PROVIDE (__init_array_start = .)
 *(SORT_BY_INIT_PRIORITY(.init_array.*) SORT_BY_INIT_PRIORITY(.ctors.*))
 *(.init_array EXCLUDE_FILE(*crtend?.o *crtend.o *crtbegin?.o *crtbegin.o) .ctors)
                [!provide]                        PROVIDE (__init_array_end = .)

.fini_array     0x000000000006dc64        0x0
                [!provide]                        PROVIDE (__fini_array_start = .)
 *(SORT_BY_INIT_PRIORITY(.fini_array.*) SORT_BY_INIT_PRIORITY(.dtors.*))
 *(.fini_array EXCLUDE_FILE(*crtend?.o *crtend.o *crtbegin?.o *crtbegin.o) .dtors)
                [!provide]                        PROVIDE (__fini_array_end = .)

.ctors
 *crtbegin.o(.ctors)
 *crtbegin?.o(.ctors)
 *(EXCLUDE_FILE(*crtend?.o *crtend.o) .ctors)
 *(SORT_BY_NAME(.ctors.*))
 *(.ctors)

.dtors
 *crtbegin.o(.dtors)
 *crtbegin?.o(.dtors)
 *(EXCLUDE_FILE(*crtend?.o *crtend.o) .dtors)
 *(SORT_BY_NAME(.dtors.*))
 *(.dtors)

.jcr
 *(.jcr)

.data.rel.ro    0x000000000006dc68       0x60
 *(.data.rel.ro.local* .gnu.linkonce.d.rel.ro.local.*)
 *(.data.rel.ro .data.rel.ro.* .gnu.linkonce.d.rel.ro.*)
 .data.rel.ro   0x000000000006dc68       0x60 /home/janne/ebsdk/ebfw/obj/lx164/cmd.o

.dynamic
 *(.dynamic)

.data           0x000000000006dcd0     0xd090
                [!provide]                        PROVIDE (_fdata = .)
 *(.data .data.* .gnu.linkonce.d.*)
 .data          0x000000000006dcd0       0x37 /home/janne/ebsdk/ebfw/obj/lx164/crt0.o
 .data          0x000000000006dd07        0x0 /home/janne/ebsdk/ebfw/obj/lx164/main.o
 .data          0x000000000006dd07        0x0 /home/janne/ebsdk/ebfw/obj/lx164/dis.o
 .data          0x000000000006dd07        0x0 /home/janne/ebsdk/ebfw/obj/lx164/ffexec.o
 *fill*         0x000000000006dd07        0x1 
 .data          0x000000000006dd08     0x16b8 /home/janne/ebsdk/ebfw/obj/lx164/cmd.o
                0x000000000006dd08                keyarray
 .data          0x000000000006f3c0        0x0 /home/janne/ebsdk/ebfw/obj/lx164/console.o
 .data          0x000000000006f3c0        0x0 /home/janne/ebsdk/ebfw/obj/lx164/uart.o
 .data          0x000000000006f3c0        0x0 /home/janne/ebsdk/ebfw/obj/lx164/sromport.o
 .data          0x000000000006f3c0       0xe0 /home/janne/ebsdk/ebfw/obj/lx164/io_port.o
                0x000000000006f3c0                PortArray
 .data          0x000000000006f4a0        0x0 /home/janne/ebsdk/ebfw/obj/lx164/file.o
 .data          0x000000000006f4a0        0x0 /home/janne/ebsdk/ebfw/obj/lx164/malloc.o
 .data          0x000000000006f4a0       0x30 /home/janne/ebsdk/ebfw/obj/lx164/rtc.o
 .data          0x000000000006f4d0        0x0 /home/janne/ebsdk/ebfw/obj/lx164/mouse.o
 .data          0x000000000006f4d0        0x0 /home/janne/ebsdk/ebfw/obj/lx164/xmodem.o