Archive member included to satisfy reference by file (symbol)

/home/janne/ebsdk/ebfw/obj/lx164//lib.a(setjmp.o)
                              /home/janne/ebsdk/ebfw/obj/lx164//cstartup.o (setjmp)
/home/janne/ebsdk/ebfw/obj/lx164//lib.a(initdata.o)
                              /home/janne/ebsdk/ebfw/obj/lx164//cstartup.o (initdata)
/home/janne/ebsdk/ebfw/obj/lx164//lib.a(printf.o)
                              /home/janne/ebsdk/ebfw/obj/lx164/dhryV2_1.o (printf)
/home/janne/ebsdk/ebfw/obj/lx164//lib.a(string.o)
                              /home/janne/ebsdk/ebfw/obj/lx164//lib.a(printf.o) (strlen)
/home/janne/ebsdk/ebfw/obj/lx164//lib.a(ctype.o)
                              /home/janne/ebsdk/ebfw/obj/lx164//lib.a(printf.o) (ctypeArray)
/home/janne/ebsdk/ebfw/obj/lx164//lib.a(ftype.o)
                              /home/janne/ebsdk/ebfw/obj/lx164//lib.a(printf.o) (ftype)
/home/janne/ebsdk/ebfw/obj/lx164//lib.a(callback.o)
                              /home/janne/ebsdk/ebfw/obj/lx164//lib.a(initdata.o) (PutChar)
/home/janne/ebsdk/ebfw/obj/lx164//lib.a(asmstuff.o)
                              /home/janne/ebsdk/ebfw/obj/lx164//lib.a(initdata.o) (cServe)
/home/janne/ebsdk/ebfw/obj/lx164//lib.a(time.o)
                              /home/janne/ebsdk/ebfw/obj/lx164//lib.a(printf.o) (usleep)
/home/janne/ebsdk/ebfw/obj/lx164//lib.a(fileio.o)
                              /home/janne/ebsdk/ebfw/obj/lx164//lib.a(printf.o) (fputc)
/home/janne/ebsdk/ebfw/obj/lx164//lib.a(fatdrv.o)
                              /home/janne/ebsdk/ebfw/obj/lx164//lib.a(fileio.o) (AllocateFloppyDrive)
/home/janne/ebsdk/ebfw/obj/lx164//lib.a(floppy.o)
                              /home/janne/ebsdk/ebfw/obj/lx164//lib.a(fatdrv.o) (SpinDownFloppyDrive)
/home/janne/ebsdk/ebfw/obj/lx164//lib.a(lx164_io.o)
                              /home/janne/ebsdk/ebfw/obj/lx164//lib.a(floppy.o) (outportb)
/home/janne/ebsdk/ebfw/obj/lx164//lib.a(smc.o)
                              /home/janne/ebsdk/ebfw/obj/lx164//lib.a(lx164_io.o) (SMCInit)
/usr/alpha-linux-gnu/lib/libc.a(strchr.o)
                              /home/janne/ebsdk/ebfw/obj/lx164//lib.a(printf.o) (strchr)
/usr/alpha-linux-gnu/lib/libc.a(strcmp.o)
                              /home/janne/ebsdk/ebfw/obj/lx164/dhryV2_2.o (strcmp)
/usr/alpha-linux-gnu/lib/libc.a(strcpy.o)
                              /home/janne/ebsdk/ebfw/obj/lx164/dhryV2_1.o (strcpy)
/usr/alpha-linux-gnu/lib/libc.a(strncat.o)
                              /home/janne/ebsdk/ebfw/obj/lx164//lib.a(fatdrv.o) (strncat)
/usr/alpha-linux-gnu/lib/libc.a(strncmp.o)
                              /home/janne/ebsdk/ebfw/obj/lx164//lib.a(fatdrv.o) (strncmp)
/usr/alpha-linux-gnu/lib/libc.a(strncpy.o)
                              /home/janne/ebsdk/ebfw/obj/lx164//lib.a(fatdrv.o) (strncpy)
/usr/alpha-linux-gnu/lib/libc.a(strrchr.o)
                              /home/janne/ebsdk/ebfw/obj/lx164//lib.a(fatdrv.o) (strrchr)
/usr/alpha-linux-gnu/lib/libc.a(stxcpy.o)
                              /usr/alpha-linux-gnu/lib/libc.a(strcpy.o) (__stxcpy)
/usr/alpha-linux-gnu/lib/libc.a(stxncpy.o)
                              /usr/alpha-linux-gnu/lib/libc.a(strncat.o) (__stxncpy)
/usr/alpha-linux-gnu/lib/libc.a(divlu.o)
                              /home/janne/ebsdk/ebfw/obj/lx164//lib.a(fatdrv.o) (__divlu)
/usr/alpha-linux-gnu/lib/libc.a(divq.o)
                              /home/janne/ebsdk/ebfw/obj/lx164//lib.a(printf.o) (__divq)
/usr/alpha-linux-gnu/lib/libc.a(divqu.o)
                              /home/janne/ebsdk/ebfw/obj/lx164//lib.a(initdata.o) (__divqu)
/usr/alpha-linux-gnu/lib/libc.a(reml.o)
                              /home/janne/ebsdk/ebfw/obj/lx164//lib.a(fatdrv.o) (__reml)
/usr/alpha-linux-gnu/lib/libc.a(remlu.o)
                              /home/janne/ebsdk/ebfw/obj/lx164//lib.a(fatdrv.o) (__remlu)
/usr/alpha-linux-gnu/lib/libc.a(remq.o)
                              /home/janne/ebsdk/ebfw/obj/lx164//lib.a(printf.o) (__remq)
/usr/alpha-linux-gnu/lib/libc.a(remqu.o)
                              /home/janne/ebsdk/ebfw/obj/lx164//lib.a(printf.o) (__remqu)

Discarded input sections

 .note.GNU-stack
                0x0000000000000000        0x0 /home/janne/ebsdk/ebfw/obj/lx164/dhryV2_1.o
 .note.GNU-stack
                0x0000000000000000        0x0 /home/janne/ebsdk/ebfw/obj/lx164/dhryV2_2.o
 .note.GNU-stack
                0x0000000000000000        0x0 /home/janne/ebsdk/ebfw/obj/lx164//lib.a(initdata.o)
 .note.GNU-stack
                0x0000000000000000        0x0 /home/janne/ebsdk/ebfw/obj/lx164//lib.a(printf.o)
 .note.GNU-stack
                0x0000000000000000        0x0 /home/janne/ebsdk/ebfw/obj/lx164//lib.a(string.o)
 .note.GNU-stack
                0x0000000000000000        0x0 /home/janne/ebsdk/ebfw/obj/lx164//lib.a(ctype.o)
 .note.GNU-stack
                0x0000000000000000        0x0 /home/janne/ebsdk/ebfw/obj/lx164//lib.a(ftype.o)
 .note.GNU-stack
                0x0000000000000000        0x0 /home/janne/ebsdk/ebfw/obj/lx164//lib.a(callback.o)
 .note.GNU-stack
                0x0000000000000000        0x0 /home/janne/ebsdk/ebfw/obj/lx164//lib.a(time.o)
 .note.GNU-stack
                0x0000000000000000        0x0 /home/janne/ebsdk/ebfw/obj/lx164//lib.a(fileio.o)
 .note.GNU-stack
                0x0000000000000000        0x0 /home/janne/ebsdk/ebfw/obj/lx164//lib.a(fatdrv.o)
 .note.GNU-stack
                0x0000000000000000        0x0 /home/janne/ebsdk/ebfw/obj/lx164//lib.a(floppy.o)
 .note.GNU-stack
                0x0000000000000000        0x0 /home/janne/ebsdk/ebfw/obj/lx164//lib.a(lx164_io.o)
 .note.GNU-stack
                0x0000000000000000        0x0 /home/janne/ebsdk/ebfw/obj/lx164//lib.a(smc.o)
 .note.GNU-stack
                0x0000000000000000        0x0 /usr/alpha-linux-gnu/lib/libc.a(strchr.o)
 .note.GNU-stack
                0x0000000000000000        0x0 /usr/alpha-linux-gnu/lib/libc.a(strcmp.o)
 .note.GNU-stack
                0x0000000000000000        0x0 /usr/alpha-linux-gnu/lib/libc.a(strcpy.o)
 .note.GNU-stack
                0x0000000000000000        0x0 /usr/alpha-linux-gnu/lib/libc.a(strncat.o)
 .note.GNU-stack
                0x0000000000000000        0x0 /usr/alpha-linux-gnu/lib/libc.a(strncmp.o)
 .note.GNU-stack
                0x0000000000000000        0x0 /usr/alpha-linux-gnu/lib/libc.a(strncpy.o)
 .note.GNU-stack
                0x0000000000000000        0x0 /usr/alpha-linux-gnu/lib/libc.a(strrchr.o)
 .note.GNU-stack
                0x0000000000000000        0x0 /usr/alpha-linux-gnu/lib/libc.a(stxcpy.o)
 .note.GNU-stack
                0x0000000000000000        0x0 /usr/alpha-linux-gnu/lib/libc.a(stxncpy.o)
 .note.GNU-stack
                0x0000000000000000        0x0 /usr/alpha-linux-gnu/lib/libc.a(divlu.o)
 .note.GNU-stack
                0x0000000000000000        0x0 /usr/alpha-linux-gnu/lib/libc.a(divq.o)
 .note.GNU-stack
                0x0000000000000000        0x0 /usr/alpha-linux-gnu/lib/libc.a(divqu.o)
 .note.GNU-stack
                0x0000000000000000        0x0 /usr/alpha-linux-gnu/lib/libc.a(reml.o)
 .note.GNU-stack
                0x0000000000000000        0x0 /usr/alpha-linux-gnu/lib/libc.a(remlu.o)
 .note.GNU-stack
                0x0000000000000000        0x0 /usr/alpha-linux-gnu/lib/libc.a(remq.o)
 .note.GNU-stack
                0x0000000000000000        0x0 /usr/alpha-linux-gnu/lib/libc.a(remqu.o)

Memory Configuration

Name             Origin             Length             Attributes
*default*        0x0000000000000000 0xffffffffffffffff

Linker script and memory map

LOAD /home/janne/ebsdk/ebfw/obj/lx164//cstartup.o
                [!provide]                        PROVIDE (__executable_start = SEGMENT_START ("text-segment", 0x300000))
                0x0000000000300000                . = SEGMENT_START ("text-segment", 0x300000)

.init           0x0000000000300000       0x7c
 *(SORT_NONE(.init))
 .init          0x0000000000300000       0x7c /home/janne/ebsdk/ebfw/obj/lx164//cstartup.o
                0x0000000000300000                __start

.text           0x0000000000300080     0x9310
 *(.text.startup .text.startup.*)
 .text.startup  0x0000000000300080      0x520 /home/janne/ebsdk/ebfw/obj/lx164/dhryV2_1.o
                0x0000000000300080                main
 *(.text)
 .text          0x00000000003005a0        0x0 /home/janne/ebsdk/ebfw/obj/lx164//cstartup.o
 .text          0x00000000003005a0      0x260 /home/janne/ebsdk/ebfw/obj/lx164/dhryV2_1.o
                0x00000000003005a0                Proc_1
                0x0000000000300700                Proc_2
                0x0000000000300740                Proc_3
                0x00000000003007a0                Proc_4
                0x00000000003007e0                Proc_5
 .text          0x0000000000300800      0x1a0 /home/janne/ebsdk/ebfw/obj/lx164/dhryV2_2.o
                0x0000000000300800                Proc_6
                0x0000000000300880                Proc_7
                0x0000000000300890                Proc_8
                0x0000000000300900                Func_1
                0x0000000000300930                Func_2
                0x0000000000300990                Func_3
 .text          0x00000000003009a0       0xb0 /home/janne/ebsdk/ebfw/obj/lx164//lib.a(setjmp.o)
                0x00000000003009a0                setjmp
                0x00000000003009f0                longjmp
 .text          0x0000000000300a50      0x38c /home/janne/ebsdk/ebfw/obj/lx164//lib.a(initdata.o)
                0x0000000000300a50                initdata
                0x0000000000300c3c                DumpSysData
 .text          0x0000000000300ddc     0x118c /home/janne/ebsdk/ebfw/obj/lx164//lib.a(printf.o)
                0x0000000000301d5c                printf
                0x0000000000301e2c                sprintf
                0x0000000000301ebc                vprintf
                0x0000000000301ee8                fprintf
 .text          0x0000000000301f68      0x114 /home/janne/ebsdk/ebfw/obj/lx164//lib.a(string.o)
                0x0000000000301f68                memcpy
                0x0000000000301f94                memcmp
                0x0000000000301fe4                memset
                0x0000000000302008                memchr
                0x000000000030203c                strlen
                0x0000000000302058                bzero
 .text          0x000000000030207c      0x2a4 /home/janne/ebsdk/ebfw/obj/lx164//lib.a(ctype.o)
                0x000000000030207c                isalnum
                0x00000000003020ac                isalpha
                0x00000000003020e0                isascii
                0x0000000000302114                iscntrl
                0x0000000000302148                isdigit
                0x000000000030217c                isgraph
                0x00000000003021b0                islower
                0x00000000003021e4                isprint
                0x0000000000302218                ispunct
                0x000000000030224c                isspace
                0x0000000000302280                isupper
                0x00000000003022b4                isxdigit
                0x00000000003022e8                tolower
                0x0000000000302304                toupper
 .text          0x0000000000302320      0x26c /home/janne/ebsdk/ebfw/obj/lx164//lib.a(ftype.o)
                0x0000000000302320                isfinite
                0x0000000000302344                isfinitef
                0x0000000000302364                isnan
                0x00000000003023a8                isnanf
                0x00000000003023e0                ftype
                0x00000000003024cc                ftypef
 .text          0x000000000030258c      0x228 /home/janne/ebsdk/ebfw/obj/lx164//lib.a(callback.o)
                0x000000000030258c                PutChar
                0x00000000003025bc                GetChar
                0x000000000030261c                UngetChar
                0x0000000000302654                CharAv
                0x0000000000302694                time
                0x00000000003026c4                malloc_summary
                0x00000000003026f4                malloc
                0x0000000000302724                free
                0x0000000000302754                realloc
                0x0000000000302784                ladbx_poll
 *fill*         0x00000000003027b4        0xc 0000fe2f1f04ff47
 .text          0x00000000003027c0      0x330 /home/janne/ebsdk/ebfw/obj/lx164//lib.a(asmstuff.o)
                0x00000000003027c0                __main
                0x00000000003027d0                mb
                0x00000000003027e0                imb
                0x00000000003027f0                rpcc
                0x0000000000302800                getsp
                0x0000000000302810                cServe
                0x0000000000302820                wrfen
                0x0000000000302830                swppal
                0x0000000000302840                halt
                0x0000000000302850                wait_cycles
                0x0000000000302880                swpipl
                0x0000000000302890                wrmces
                0x00000000003028a0                rdmces
                0x00000000003028b0                CleanBCache
                0x00000000003028d0                UnalignedReadB
                0x00000000003028e0                UnalignedReadW
                0x0000000000302900                UnalignedReadL
                0x0000000000302920                UnalignedReadQ
                0x0000000000302940                UnalignedWriteB
                0x0000000000302970                UnalignedWriteW
                0x00000000003029b0                UnalignedWriteL
                0x00000000003029e0                UnalignedWriteQ
                0x0000000000302a10                UnalignedReadFloat
                0x0000000000302a40                UnalignedReadDouble
                0x0000000000302a70                UnalignedWriteFloat
                0x0000000000302ab0                UnalignedWriteDouble
 .text          0x0000000000302af0      0x208 /home/janne/ebsdk/ebfw/obj/lx164//lib.a(time.o)
                0x0000000000302af0                gettime
                0x0000000000302b20                localtime
                0x0000000000302bfc                usleep
                0x0000000000302c38                msleep
                0x0000000000302c9c                sleep
 .text          0x0000000000302cf8      0x7a4 /home/janne/ebsdk/ebfw/obj/lx164//lib.a(fileio.o)
                0x0000000000302dbc                fgetc
                0x0000000000302e4c                fungetc
                0x0000000000302e8c                fread
                0x0000000000302efc                fputc
                0x0000000000302fa8                fwrite
                0x0000000000303018                fclose
                0x000000000030306c                feof
                0x0000000000303074                perror
                0x00000000003031a4                fdir
                0x00000000003031f8                fload
                0x0000000000303240                fdr
                0x000000000030329c                MapLogicalToPhysicalDevice
                0x0000000000303308                fopen
                0x0000000000303408                fcd
 .text          0x000000000030349c     0x2a68 /home/janne/ebsdk/ebfw/obj/lx164//lib.a(fatdrv.o)
                0x0000000000304d38                AllocateFloppyDrive
                0x0000000000304e04                Shutdown
                0x0000000000305be0                ReadWriteRawSector
                0x0000000000305cd8                ReadWriteSectors
 .text          0x0000000000305f04      0xb60 /home/janne/ebsdk/ebfw/obj/lx164//lib.a(floppy.o)
                0x0000000000306190                SpinDownFloppyDrive
                0x00000000003061d4                InitializeFloppyDrive
                0x00000000003067ac                ReadLogicalSector
                0x0000000000306840                WriteLogicalSector
                0x00000000003068d4                init_pic
 .text          0x0000000000306a64      0xcbc /home/janne/ebsdk/ebfw/obj/lx164//lib.a(lx164_io.o)
                0x0000000000306a64                out_ioc_csr
                0x0000000000306aa4                in_ioc_csr
                0x0000000000306ac0                out_ioc_pci
                0x0000000000306b00                outportb
                0x0000000000306b58                outportw
                0x0000000000306bb4                outportl
                0x0000000000306c08                outcfgb
                0x0000000000306cec                outcfgw
                0x0000000000306dd4                outcfgl
                0x0000000000306eb0                inportb
                0x0000000000306ee4                inportw
                0x0000000000306f1c                inportl
                0x0000000000306f48                incfgb
                0x0000000000307010                incfgw
                0x00000000003070dc                incfgl
                0x000000000030719c                outmemb
                0x00000000003071fc                outmemw
                0x000000000030725c                outmeml
                0x00000000003072b0                indmemb
                0x00000000003072d8                indmemw
                0x0000000000307300                indmeml
                0x000000000030731c                outdmemb
                0x0000000000307374                outdmemw
                0x000000000030740c                outdmeml
                0x0000000000307450                inmemb
                0x0000000000307484                inmemw
                0x00000000003074bc                inmeml
                0x00000000003074e8                SetHAE
                0x0000000000307538                inIack
                0x0000000000307548                PCIBusInit
                0x00000000003075dc                ISABusInit
                0x00000000003076b0                outLed
                0x00000000003076cc                IOPCIClearNODEV
 .text          0x0000000000307720      0x75c /home/janne/ebsdk/ebfw/obj/lx164//lib.a(smc.o)
                0x0000000000307848                SMCEnablePARP
                0x0000000000307968                SMCInit
 *fill*         0x0000000000307e7c        0x4 0000fe2f1f04ff47
 .text          0x0000000000307e80       0xb0 /usr/alpha-linux-gnu/lib/libc.a(strchr.o)
                0x0000000000307e80                index
                0x0000000000307e80                strchr
 .text          0x0000000000307f30      0x160 /usr/alpha-linux-gnu/lib/libc.a(strcmp.o)
                0x0000000000307f30                strcmp
 .text          0x0000000000308090       0x20 /usr/alpha-linux-gnu/lib/libc.a(strcpy.o)
                0x0000000000308090                strcpy
 .text          0x00000000003080b0       0xb0 /usr/alpha-linux-gnu/lib/libc.a(strncat.o)
                0x00000000003080b0                strncat
 .text          0x0000000000308160      0x300 /usr/alpha-linux-gnu/lib/libc.a(strncmp.o)
                0x0000000000308160                strncmp
 .text          0x0000000000308460       0xa0 /usr/alpha-linux-gnu/lib/libc.a(strncpy.o)
                0x0000000000308460                strncpy
 .text          0x0000000000308500       0xd0 /usr/alpha-linux-gnu/lib/libc.a(strrchr.o)
                0x0000000000308500                strrchr
                0x0000000000308500                rindex
 .text          0x00000000003085d0      0x1f0 /usr/alpha-linux-gnu/lib/libc.a(stxcpy.o)
                0x0000000000308638                __stxcpy
 .text          0x00000000003087c0      0x278 /usr/alpha-linux-gnu/lib/libc.a(stxncpy.o)
                0x0000000000308840                __stxncpy
 *fill*         0x0000000000308a38        0x8 0000fe2f1f04ff47
 .text          0x0000000000308a40       0x90 /usr/alpha-linux-gnu/lib/libc.a(divlu.o)
                0x0000000000308a40                __divlu
 .text          0x0000000000308ad0      0x200 /usr/alpha-linux-gnu/lib/libc.a(divq.o)
                0x0000000000308ad0                __divq
 .text          0x0000000000308cd0      0x1b0 /usr/alpha-linux-gnu/lib/libc.a(divqu.o)
                0x0000000000308cd0                __divqu
 .text          0x0000000000308e80       0x90 /usr/alpha-linux-gnu/lib/libc.a(reml.o)
                0x0000000000308e80                __reml
 .text          0x0000000000308f10       0x90 /usr/alpha-linux-gnu/lib/libc.a(remlu.o)
                0x0000000000308f10                __remlu
 .text          0x0000000000308fa0      0x1f0 /usr/alpha-linux-gnu/lib/libc.a(remq.o)
                0x0000000000308fa0                __remq
 .text          0x0000000000309190      0x200 /usr/alpha-linux-gnu/lib/libc.a(remqu.o)
                0x0000000000309190                __remqu

.fini           0x0000000000309390        0xc
 *(SORT_NONE(.fini))
 .fini          0x0000000000309390        0xc /home/janne/ebsdk/ebfw/obj/lx164//cstartup.o
                0x0000000000309390                _exit
                [!provide]                        PROVIDE (__etext = .)
                [!provide]                        PROVIDE (_etext = .)
                [!provide]                        PROVIDE (etext = .)

.rodata         0x00000000003093a0      0xa20
 *(.rodata .rodata.*)
 .rodata.str1.1
                0x00000000003093a0      0x81a /home/janne/ebsdk/ebfw/obj/lx164/dhryV2_1.o
                                        0x208 (size before relaxing)
 *fill*         0x0000000000309bba        0x2 
 .rodata.cst4   0x0000000000309bbc       0x18 /home/janne/ebsdk/ebfw/obj/lx164/dhryV2_1.o
                                          0x8 (size before relaxing)
 .rodata.str1.1
                0x0000000000309bd4       0xc8 /home/janne/ebsdk/ebfw/obj/lx164//lib.a(initdata.o)
 .rodata.str1.1
                0x0000000000309bd4       0x73 /home/janne/ebsdk/ebfw/obj/lx164//lib.a(printf.o)
 .rodata        0x0000000000309bd4       0xac /home/janne/ebsdk/ebfw/obj/lx164//lib.a(printf.o)
 .rodata.cst4   0x0000000000309c80       0x10 /home/janne/ebsdk/ebfw/obj/lx164//lib.a(printf.o)
 .rodata        0x0000000000309c80      0x100 /home/janne/ebsdk/ebfw/obj/lx164//lib.a(ctype.o)
                0x0000000000309c80                ctypeArray
 .rodata.str1.1
                0x0000000000309d80       0xd9 /home/janne/ebsdk/ebfw/obj/lx164//lib.a(fileio.o)
 .rodata        0x0000000000309d80       0x28 /home/janne/ebsdk/ebfw/obj/lx164//lib.a(fileio.o)
 .rodata.str1.1
                0x0000000000309da8      0x349 /home/janne/ebsdk/ebfw/obj/lx164//lib.a(fatdrv.o)
 .rodata.str1.1
                0x0000000000309da8       0xcb /home/janne/ebsdk/ebfw/obj/lx164//lib.a(floppy.o)
 .rodata.cst8   0x0000000000309da8       0x18 /home/janne/ebsdk/ebfw/obj/lx164//lib.a(lx164_io.o)

.eh_frame       0x0000000000309dc0     0x17bc
 *(.eh_frame)
 .eh_frame      0x0000000000309dc0       0xd8 /home/janne/ebsdk/ebfw/obj/lx164/dhryV2_1.o
 .eh_frame      0x0000000000309e98       0x88 /home/janne/ebsdk/ebfw/obj/lx164/dhryV2_2.o
                                         0x98 (size before relaxing)
 .eh_frame      0x0000000000309f20       0x28 /home/janne/ebsdk/ebfw/obj/lx164//lib.a(setjmp.o)
                                         0x40 (size before relaxing)
 .eh_frame      0x0000000000309f48       0x48 /home/janne/ebsdk/ebfw/obj/lx164//lib.a(initdata.o)
                                         0x58 (size before relaxing)
 .eh_frame      0x0000000000309f90      0x238 /home/janne/ebsdk/ebfw/obj/lx164//lib.a(printf.o)
                                        0x248 (size before relaxing)
 .eh_frame      0x000000000030a1c8       0x78 /home/janne/ebsdk/ebfw/obj/lx164//lib.a(string.o)
                                         0x90 (size before relaxing)
 .eh_frame      0x000000000030a240      0x118 /home/janne/ebsdk/ebfw/obj/lx164//lib.a(ctype.o)
                                        0x130 (size before relaxing)
 .eh_frame      0x000000000030a358       0x98 /home/janne/ebsdk/ebfw/obj/lx164//lib.a(ftype.o)
                                         0xb0 (size before relaxing)
 .eh_frame      0x000000000030a3f0      0x118 /home/janne/ebsdk/ebfw/obj/lx164//lib.a(callback.o)
                                        0x128 (size before relaxing)
 .eh_frame      0x000000000030a508       0xa0 /home/janne/ebsdk/ebfw/obj/lx164//lib.a(time.o)
                                         0xb8 (size before relaxing)
 .eh_frame      0x000000000030a5a8      0x1e8 /home/janne/ebsdk/ebfw/obj/lx164//lib.a(fileio.o)
                                        0x1f8 (size before relaxing)
 .eh_frame      0x000000000030a790      0x4b0 /home/janne/ebsdk/ebfw/obj/lx164//lib.a(fatdrv.o)
                                        0x4c0 (size before relaxing)
 .eh_frame      0x000000000030ac40      0x1a8 /home/janne/ebsdk/ebfw/obj/lx164//lib.a(floppy.o)
                                        0x1b8 (size before relaxing)
 .eh_frame      0x000000000030ade8      0x3c0 /home/janne/ebsdk/ebfw/obj/lx164//lib.a(lx164_io.o)
                                        0x3d8 (size before relaxing)
 .eh_frame      0x000000000030b1a8       0x98 /home/janne/ebsdk/ebfw/obj/lx164//lib.a(smc.o)
                                         0xa8 (size before relaxing)
 .eh_frame      0x000000000030b240       0x18 /usr/alpha-linux-gnu/lib/libc.a(strchr.o)
                                         0x28 (size before relaxing)
 .eh_frame      0x000000000030b258       0x18 /usr/alpha-linux-gnu/lib/libc.a(strcmp.o)
                                         0x28 (size before relaxing)
 .eh_frame      0x000000000030b270       0x18 /usr/alpha-linux-gnu/lib/libc.a(strcpy.o)
                                         0x28 (size before relaxing)
 .eh_frame      0x000000000030b288       0x18 /usr/alpha-linux-gnu/lib/libc.a(strncat.o)
                                         0x28 (size before relaxing)
 .eh_frame      0x000000000030b2a0       0x18 /usr/alpha-linux-gnu/lib/libc.a(strncmp.o)
                                         0x28 (size before relaxing)
 .eh_frame      0x000000000030b2b8       0x18 /usr/alpha-linux-gnu/lib/libc.a(strncpy.o)
                                         0x28 (size before relaxing)
 .eh_frame      0x000000000030b2d0       0x18 /usr/alpha-linux-gnu/lib/libc.a(strrchr.o)
                                         0x28 (size before relaxing)
 .eh_frame      0x000000000030b2e8       0x28 /usr/alpha-linux-gnu/lib/libc.a(stxcpy.o)
 .eh_frame      0x000000000030b310       0x18 /usr/alpha-linux-gnu/lib/libc.a(stxncpy.o)
                                         0x28 (size before relaxing)
 .eh_frame      0x000000000030b328       0x40 /usr/alpha-linux-gnu/lib/libc.a(divlu.o)
                                         0x50 (size before relaxing)
 .eh_frame      0x000000000030b368       0x60 /usr/alpha-linux-gnu/lib/libc.a(divq.o)
                                         0x70 (size before relaxing)
 .eh_frame      0x000000000030b3c8       0x68 /usr/alpha-linux-gnu/lib/libc.a(divqu.o)
                                         0x78 (size before relaxing)
 .eh_frame      0x000000000030b430       0x40 /usr/alpha-linux-gnu/lib/libc.a(reml.o)
                                         0x50 (size before relaxing)
 .eh_frame      0x000000000030b470       0x40 /usr/alpha-linux-gnu/lib/libc.a(remlu.o)
                                         0x50 (size before relaxing)
 .eh_frame      0x000000000030b4b0       0x60 /usr/alpha-linux-gnu/lib/libc.a(remq.o)
                                         0x70 (size before relaxing)
 .eh_frame      0x000000000030b510       0x6c /usr/alpha-linux-gnu/lib/libc.a(remqu.o)
                                         0x80 (size before relaxing)

.eh_frame
 *(.eh_frame)
 *(.eh_frame.*)

.data           0x000000000030b580      0x298
 *(.data)
 .data          0x000000000030b580       0x3c /home/janne/ebsdk/ebfw/obj/lx164//cstartup.o
 .data          0x000000000030b5bc        0x0 /home/janne/ebsdk/ebfw/obj/lx164/dhryV2_1.o
 .data          0x000000000030b5bc        0x0 /home/janne/ebsdk/ebfw/obj/lx164/dhryV2_2.o
 .data          0x000000000030b5bc       0x3a /home/janne/ebsdk/ebfw/obj/lx164//lib.a(setjmp.o)
 .data          0x000000000030b5f6        0x0 /home/janne/ebsdk/ebfw/obj/lx164//lib.a(initdata.o)
 *fill*         0x000000000030b5f6        0x2 
 .data          0x000000000030b5f8       0xc8 /home/janne/ebsdk/ebfw/obj/lx164//lib.a(printf.o)
 .data          0x000000000030b6c0        0x0 /home/janne/ebsdk/ebfw/obj/lx164//lib.a(string.o)
 .data          0x000000000030b6c0        0x0 /home/janne/ebsdk/ebfw/obj/lx164//lib.a(ctype.o)
 .data          0x000000000030b6c0        0x0 /home/janne/ebsdk/ebfw/obj/lx164//lib.a(ftype.o)
 .data          0x000000000030b6c0        0x0 /home/janne/ebsdk/ebfw/obj/lx164//lib.a(callback.o)
 .data          0x000000000030b6c0       0x3c /home/janne/ebsdk/ebfw/obj/lx164//lib.a(asmstuff.o)
 .data          0x000000000030b6fc        0x0 /home/janne/ebsdk/ebfw/obj/lx164//lib.a(time.o)
 .data          0x000000000030b6fc        0x0 /home/janne/ebsdk/ebfw/obj/lx164//lib.a(fileio.o)
 *fill*         0x000000000030b6fc        0x4 
 .data          0x000000000030b700       0x78 /home/janne/ebsdk/ebfw/obj/lx164//lib.a(fatdrv.o)
                0x000000000030b700                Error3Strings
 .data          0x000000000030b778       0xa0 /home/janne/ebsdk/ebfw/obj/lx164//lib.a(floppy.o)
                0x000000000030b778                FloppyDriveTypes
                0x000000000030b7b4                FloppyDiskTypes
                0x000000000030b7e8                Error4Strings
 .data          0x000000000030b818        0x0 /home/janne/ebsdk/ebfw/obj/lx164//lib.a(lx164_io.o)
 .data          0x000000000030b818        0x0 /home/janne/ebsdk/ebfw/obj/lx164//lib.a(smc.o)
 .data          0x000000000030b818        0x0 /usr/alpha-linux-gnu/lib/libc.a(strchr.o)
 .data          0x000000000030b818        0x0 /usr/alpha-linux-gnu/lib/libc.a(strcmp.o)
 .data          0x000000000030b818        0x0 /usr/alpha-linux-gnu/lib/libc.a(strcpy.o)
 .data          0x000000000030b818        0x0 /usr/alpha-linux-gnu/lib/libc.a(strncat.o)
 .data          0x000000000030b818        0x0 /usr/alpha-linux-gnu/lib/libc.a(strncmp.o)
 .data          0x000000000030b818        0x0 /usr/alpha-linux-gnu/lib/libc.a(strncpy.o)
 .data          0x000000000030b818        0x0 /usr/alpha-linux-gnu/lib/libc.a(strrchr.o)
 .data          0x000000000030b818        0x0 /usr/alpha-linux-gnu/lib/libc.a(stxcpy.o)
 .data          0x000000000030b818        0x0 /usr/alpha-linux-gnu/lib/libc.a(stxncpy.o)
 .data          0x000000000030b818        0x0 /usr/alpha-linux-gnu/lib/libc.a(divlu.o)
 .data          0x000000000030b818        0x0 /usr/alpha-linux-gnu/lib/libc.a(divq.o)
 .data          0x000000000030b818        0x0 /usr/alpha-linux-gnu/lib/libc.a(divqu.o)
 .data          0x000000000030b818        0x0 /usr/alpha-linux-gnu/lib/libc.a(reml.o)
 .data          0x000000000030b818        0x0 /usr/alpha-linux-gnu/lib/libc.a(remlu.o)
 .data          0x000000000030b818        0x0 /usr/alpha-linux-gnu/lib/libc.a(remq.o)
 .data          0x000000000030b818        0x0 /usr/alpha-linux-gnu/lib/libc.a(remqu.o)

.got            0x000000000030b818       0xa0
 *(.got.plt)
 *(.igot.plt)
 *(.got)
 .got           0x000000000030b818       0xa0 /home/janne/ebsdk/ebfw/obj/lx164//cstartup.o
 .got           0x000000000030b8b8        0x0 /home/janne/ebsdk/ebfw/obj/lx164/dhryV2_1.o
 .got           0x000000000030b8b8        0x0 /home/janne/ebsdk/ebfw/obj/lx164/dhryV2_2.o
 .got           0x000000000030b8b8        0x0 /home/janne/ebsdk/ebfw/obj/lx164//lib.a(initdata.o)
 .got           0x000000000030b8b8        0x0 /home/janne/ebsdk/ebfw/obj/lx164//lib.a(printf.o)
 .got           0x000000000030b8b8        0x0 /home/janne/ebsdk/ebfw/obj/lx164//lib.a(ctype.o)
 .got           0x000000000030b8b8        0x0 /home/janne/ebsdk/ebfw/obj/lx164//lib.a(callback.o)
 .got           0x000000000030b8b8        0x0 /home/janne/ebsdk/ebfw/obj/lx164//lib.a(time.o)
 .got           0x000000000030b8b8        0x0 /home/janne/ebsdk/ebfw/obj/lx164//lib.a(fileio.o)
 .got           0x000000000030b8b8        0x0 /home/janne/ebsdk/ebfw/obj/lx164//lib.a(fatdrv.o)
 .got           0x000000000030b8b8        0x0 /home/janne/ebsdk/ebfw/obj/lx164//lib.a(floppy.o)
 .got           0x000000000030b8b8        0x0 /home/janne/ebsdk/ebfw/obj/lx164//lib.a(lx164_io.o)
 .got           0x000000000030b8b8        0x0 /home/janne/ebsdk/ebfw/obj/lx164//lib.a(smc.o)
 .got           0x000000000030b8b8        0x0 /usr/alpha-linux-gnu/lib/libc.a(strcpy.o)
 .got           0x000000000030b8b8        0x0 /usr/alpha-linux-gnu/lib/libc.a(strncat.o)
 .got           0x000000000030b8b8        0x0 /usr/alpha-linux-gnu/lib/libc.a(strncpy.o)
 *(.igot)

.sdata          0x000000000030b8b8       0x38
 *(.sdata)
 .sdata         0x000000000030b8b8        0x4 /home/janne/ebsdk/ebfw/obj/lx164/dhryV2_1.o
                0x000000000030b8b8                Reg
 *fill*         0x000000000030b8bc        0x4 
 .sdata         0x000000000030b8c0       0x20 /home/janne/ebsdk/ebfw/obj/lx164//lib.a(initdata.o)
                0x000000000030b8c0                CPU_cycles_per_usecs
                0x000000000030b8c8                UserCharAv
                0x000000000030b8d0                UserGetChar
                0x000000000030b8d8                UserPutChar
 .sdata         0x000000000030b8e0        0x8 /home/janne/ebsdk/ebfw/obj/lx164//lib.a(printf.o)
                0x000000000030b8e0                ten_table
 .sdata         0x000000000030b8e8        0x3 /home/janne/ebsdk/ebfw/obj/lx164//lib.a(fileio.o)
 *fill*         0x000000000030b8eb        0x1 
 .sdata         0x000000000030b8ec        0x4 /home/janne/ebsdk/ebfw/obj/lx164//lib.a(lx164_io.o)
                0x000000000030b8ec                rtcBase
                0x000000000030b8f0                _edata = .
                [!provide]                        PROVIDE (edata = .)
                0x000000000030b8f0                . = ALIGN (ALIGNOF (NEXT_SECTION))
                0x000000000030b8f0                __bss_start = .

.sbss           0x000000000030b8f0       0xe8
 *(.sbss)
 .sbss          0x000000000030b8f0       0x40 /home/janne/ebsdk/ebfw/obj/lx164/dhryV2_1.o
                0x000000000030b8f0                Dhrystones_Per_Second
                0x000000000030b8f4                Microseconds
                0x000000000030b8f8                User_Time
                0x000000000030b900                End_Time
                0x000000000030b908                Begin_Time
                0x000000000030b910                Ch_2_Glob
                0x000000000030b911                Ch_1_Glob
                0x000000000030b914                Bool_Glob
                0x000000000030b918                Int_Glob
                0x000000000030b920                Next_Ptr_Glob
                0x000000000030b928                Ptr_Glob
 .sbss          0x000000000030b930       0x40 /home/janne/ebsdk/ebfw/obj/lx164//lib.a(initdata.o)
                0x000000000030b930                PalImpureBase
                0x000000000030b938                Userladbx_poll
                0x000000000030b940                Userrealloc
                0x000000000030b948                Userfree
                0x000000000030b950                Usermalloc
                0x000000000030b958                Usermalloc_summary
                0x000000000030b960                Usertime
                0x000000000030b968                CBarray
 .sbss          0x000000000030b970       0x20 /home/janne/ebsdk/ebfw/obj/lx164//lib.a(printf.o)
                0x000000000030b978                print_lock
 .sbss          0x000000000030b990        0x8 /home/janne/ebsdk/ebfw/obj/lx164//lib.a(callback.o)
                0x000000000030b990                SavedChars
                0x000000000030b994                CharsSaved
 .sbss          0x000000000030b998       0x10 /home/janne/ebsdk/ebfw/obj/lx164//lib.a(fileio.o)
                0x000000000030b9a4                errno
 .sbss          0x000000000030b9a8       0x28 /home/janne/ebsdk/ebfw/obj/lx164//lib.a(fatdrv.o)
 .sbss          0x000000000030b9d0        0x4 /home/janne/ebsdk/ebfw/obj/lx164//lib.a(floppy.o)
 .sbss          0x000000000030b9d4        0x4 /home/janne/ebsdk/ebfw/obj/lx164//lib.a(smc.o)

.bss            0x000000000030b9d8     0x2cf0
 *(.bss)
 .bss           0x000000000030b9d8        0x0 /home/janne/ebsdk/ebfw/obj/lx164//cstartup.o
 .bss           0x000000000030b9d8     0x27d8 /home/janne/ebsdk/ebfw/obj/lx164/dhryV2_1.o
                0x000000000030b9d8                Arr_2_Glob
                0x000000000030e0e8                Arr_1_Glob
 .bss           0x000000000030e1b0        0x0 /home/janne/ebsdk/ebfw/obj/lx164/dhryV2_2.o
 .bss           0x000000000030e1b0        0x0 /home/janne/ebsdk/ebfw/obj/lx164//lib.a(setjmp.o)
 .bss           0x000000000030e1b0       0xe8 /home/janne/ebsdk/ebfw/obj/lx164//lib.a(initdata.o)
                0x000000000030e1b0                sysdata
                0x000000000030e208                ExitData
 .bss           0x000000000030e298        0x0 /home/janne/ebsdk/ebfw/obj/lx164//lib.a(printf.o)
 .bss           0x000000000030e298        0x0 /home/janne/ebsdk/ebfw/obj/lx164//lib.a(string.o)
 .bss           0x000000000030e298        0x0 /home/janne/ebsdk/ebfw/obj/lx164//lib.a(ctype.o)
 .bss           0x000000000030e298        0x0 /home/janne/ebsdk/ebfw/obj/lx164//lib.a(ftype.o)
 .bss           0x000000000030e298        0x0 /home/janne/ebsdk/ebfw/obj/lx164//lib.a(callback.o)
 .bss           0x000000000030e298        0x0 /home/janne/ebsdk/ebfw/obj/lx164//lib.a(asmstuff.o)
 .bss           0x000000000030e298       0x30 /home/janne/ebsdk/ebfw/obj/lx164//lib.a(time.o)
 .bss           0x000000000030e2c8       0x90 /home/janne/ebsdk/ebfw/obj/lx164//lib.a(fileio.o)
                0x000000000030e2c8                LogicalDrives
 .bss           0x000000000030e358      0x370 /home/janne/ebsdk/ebfw/obj/lx164//lib.a(fatdrv.o)
 .bss           0x000000000030e6c8        0x0 /home/janne/ebsdk/ebfw/obj/lx164//lib.a(floppy.o)
 .bss           0x000000000030e6c8        0x0 /home/janne/ebsdk/ebfw/obj/lx164//lib.a(lx164_io.o)
 .bss           0x000000000030e6c8        0x0 /home/janne/ebsdk/ebfw/obj/lx164//lib.a(smc.o)
 .bss           0x000000000030e6c8        0x0 /usr/alpha-linux-gnu/lib/libc.a(strchr.o)
 .bss           0x000000000030e6c8        0x0 /usr/alpha-linux-gnu/lib/libc.a(strcmp.o)
 .bss           0x000000000030e6c8        0x0 /usr/alpha-linux-gnu/lib/libc.a(strcpy.o)
 .bss           0x000000000030e6c8        0x0 /usr/alpha-linux-gnu/lib/libc.a(strncat.o)
 .bss           0x000000000030e6c8        0x0 /usr/alpha-linux-gnu/lib/libc.a(strncmp.o)
 .bss           0x000000000030e6c8        0x0 /usr/alpha-linux-gnu/lib/libc.a(strncpy.o)
 .bss           0x000000000030e6c8        0x0 /usr/alpha-linux-gnu/lib/libc.a(strrchr.o)
 .bss           0x000000000030e6c8        0x0 /usr/alpha-linux-gnu/lib/libc.a(stxcpy.o)
 .bss           0x000000000030e6c8        0x0 /usr/alpha-linux-gnu/lib/libc.a(stxncpy.o)
 .bss           0x000000000030e6c8        0x0 /usr/alpha-linux-gnu/lib/libc.a(divlu.o)
 .bss           0x000000000030e6c8        0x0 /usr/alpha-linux-gnu/lib/libc.a(divq.o)
 .bss           0x000000000030e6c8        0x0 /usr/alpha-linux-gnu/lib/libc.a(divqu.o)
 .bss           0x000000000030e6c8        0x0 /usr/alpha-linux-gnu/lib/libc.a(reml.o)
 .bss           0x000000000030e6c8        0x0 /usr/alpha-linux-gnu/lib/libc.a(remlu.o)
 .bss           0x000000000030e6c8        0x0 /usr/alpha-linux-gnu/lib/libc.a(remq.o)
 .bss           0x000000000030e6c8        0x0 /usr/alpha-linux-gnu/lib/libc.a(remqu.o)
 *(COMMON)
                0x000000000030e6c8                . = ALIGN (0x8)
                0x000000000030e6c8                . = SEGMENT_START ("ldata-segment", .)
                0x000000000030e6c8                . = ALIGN (0x8)
                0x000000000030e6c8                _end = .
                [!provide]                        PROVIDE (end = .)

.comment        0x0000000000000000       0x1f
 *(.comment)
 .comment       0x0000000000000000       0x1f /home/janne/ebsdk/ebfw/obj/lx164/dhryV2_1.o
                                         0x20 (size before relaxing)
 .comment       0x000000000000001f       0x20 /home/janne/ebsdk/ebfw/obj/lx164/dhryV2_2.o
 .comment       0x000000000000001f       0x20 /home/janne/ebsdk/ebfw/obj/lx164//lib.a(initdata.o)
 .comment       0x000000000000001f       0x20 /home/janne/ebsdk/ebfw/obj/lx164//lib.a(printf.o)
 .comment       0x000000000000001f       0x20 /home/janne/ebsdk/ebfw/obj/lx164//lib.a(string.o)
 .comment       0x000000000000001f       0x20 /home/janne/ebsdk/ebfw/obj/lx164//lib.a(ctype.o)
 .comment       0x000000000000001f       0x20 /home/janne/ebsdk/ebfw/obj/lx164//lib.a(ftype.o)
 .comment       0x000000000000001f       0x20 /home/janne/ebsdk/ebfw/obj/lx164//lib.a(callback.o)
 .comment       0x000000000000001f       0x20 /home/janne/ebsdk/ebfw/obj/lx164//lib.a(time.o)
 .comment       0x000000000000001f       0x20 /home/janne/ebsdk/ebfw/obj/lx164//lib.a(fileio.o)
 .comment       0x000000000000001f       0x20 /home/janne/ebsdk/ebfw/obj/lx164//lib.a(fatdrv.o)
 .comment       0x000000000000001f       0x20 /home/janne/ebsdk/ebfw/obj/lx164//lib.a(floppy.o)
 .comment       0x000000000000001f       0x20 /home/janne/ebsdk/ebfw/obj/lx164//lib.a(lx164_io.o)
 .comment       0x000000000000001f       0x20 /home/janne/ebsdk/ebfw/obj/lx164//lib.a(smc.o)

/DISCARD/
 *(.note.GNU-stack)
 *(.gnu_debuglink)
LOAD /home/janne/ebsdk/ebfw/obj/lx164/dhryV2_1.o
LOAD /home/janne/ebsdk/ebfw/obj/lx164/dhryV2_2.o
LOAD /home/janne/ebsdk/ebfw/obj/lx164//lib.a
LOAD /home/janne/ebsdk/ebfw/obj/lx164//stubs.a
LOAD /usr/alpha-linux-gnu/lib/libc.a
OUTPUT(/home/janne/ebsdk/ebfw/obj/lx164/dhryV2.elf elf64-alpha)
