Archive member included to satisfy reference by file (symbol)

/home/janne/ebsdk/ebfw/obj/lx164/lib.a(asmstuff.o)
                              /home/janne/ebsdk/ebfw/obj/lx164/fsbmain.o (cServe)
/home/janne/ebsdk/ebfw/obj/lx164/lib.a(lx164_io.o)
                              /home/janne/ebsdk/ebfw/obj/lx164/rtc.o (outportb)
/home/janne/ebsdk/ebfw/obj/lx164/lib.a(time.o)
                              /home/janne/ebsdk/ebfw/obj/lx164/rtc.o (localtime)
/home/janne/ebsdk/ebfw/obj/lx164/lib.a(initdata.o)
                              /home/janne/ebsdk/ebfw/obj/lx164//dbmentry.o (initdata)
/home/janne/ebsdk/ebfw/obj/lx164/lib.a(fsboot.o)
                              /home/janne/ebsdk/ebfw/obj/lx164/fsbmain.o (fsboot)
/home/janne/ebsdk/ebfw/obj/lx164/lib.a(fileio.o)
                              /home/janne/ebsdk/ebfw/obj/lx164/file.o (errno)
/home/janne/ebsdk/ebfw/obj/lx164/lib.a(fatdrv.o)
                              /home/janne/ebsdk/ebfw/obj/lx164/lib.a(fileio.o) (AllocateFloppyDrive)
/home/janne/ebsdk/ebfw/obj/lx164/lib.a(romhead.o)
                              /home/janne/ebsdk/ebfw/obj/lx164/lib.a(fsboot.o) (IsHeaderValid)
/home/janne/ebsdk/ebfw/obj/lx164/lib.a(string.o)
                              /home/janne/ebsdk/ebfw/obj/lx164/lib.a(fatdrv.o) (memcpy)
/home/janne/ebsdk/ebfw/obj/lx164/lib.a(ctype.o)
                              /home/janne/ebsdk/ebfw/obj/lx164/lib.a(romhead.o) (isprint)
/home/janne/ebsdk/ebfw/obj/lx164/lib.a(smc.o)
                              /home/janne/ebsdk/ebfw/obj/lx164/lib.a(lx164_io.o) (SMCInit)
/home/janne/ebsdk/ebfw/obj/lx164/lib.a(beep.o)
                              /home/janne/ebsdk/ebfw/obj/lx164/lib.a(fsboot.o) (BeepCode)
/home/janne/ebsdk/ebfw/obj/lx164/lib.a(floppy.o)
                              /home/janne/ebsdk/ebfw/obj/lx164/lib.a(fatdrv.o) (SpinDownFloppyDrive)
/usr/alpha-linux-gnu/lib/libc.a(memmove.o)
                              /home/janne/ebsdk/ebfw/obj/lx164/malloc.o (memmove)
/usr/alpha-linux-gnu/lib/libc.a(strcat.o)
                              /home/janne/ebsdk/ebfw/obj/lx164/lib.a(fsboot.o) (strcat)
/usr/alpha-linux-gnu/lib/libc.a(strchr.o)
                              /home/janne/ebsdk/ebfw/obj/lx164/lib.a(fatdrv.o) (strchr)
/usr/alpha-linux-gnu/lib/libc.a(strcmp.o)
                              /home/janne/ebsdk/ebfw/obj/lx164/lib.a(romhead.o) (strcmp)
/usr/alpha-linux-gnu/lib/libc.a(strcpy.o)
                              /home/janne/ebsdk/ebfw/obj/lx164/lib.a(fsboot.o) (strcpy)
/usr/alpha-linux-gnu/lib/libc.a(strncat.o)
                              /home/janne/ebsdk/ebfw/obj/lx164/lib.a(fatdrv.o) (strncat)
/usr/alpha-linux-gnu/lib/libc.a(strncmp.o)
                              /home/janne/ebsdk/ebfw/obj/lx164/lib.a(fatdrv.o) (strncmp)
/usr/alpha-linux-gnu/lib/libc.a(strncpy.o)
                              /home/janne/ebsdk/ebfw/obj/lx164/lib.a(fatdrv.o) (strncpy)
/usr/alpha-linux-gnu/lib/libc.a(strrchr.o)
                              /home/janne/ebsdk/ebfw/obj/lx164/lib.a(fatdrv.o) (strrchr)
/usr/alpha-linux-gnu/lib/libc.a(wordcopy.o)
                              /usr/alpha-linux-gnu/lib/libc.a(memmove.o) (_wordcopy_fwd_aligned)
/usr/alpha-linux-gnu/lib/libc.a(stxcpy.o)
                              /usr/alpha-linux-gnu/lib/libc.a(strcat.o) (__stxcpy)
/usr/alpha-linux-gnu/lib/libc.a(stxncpy.o)
                              /usr/alpha-linux-gnu/lib/libc.a(strncat.o) (__stxncpy)
/usr/alpha-linux-gnu/lib/libc.a(divl.o)
                              /home/janne/ebsdk/ebfw/obj/lx164/lib.a(beep.o) (__divl)
/usr/alpha-linux-gnu/lib/libc.a(divlu.o)
                              /home/janne/ebsdk/ebfw/obj/lx164/lib.a(fatdrv.o) (__divlu)
/usr/alpha-linux-gnu/lib/libc.a(divqu.o)
                              /home/janne/ebsdk/ebfw/obj/lx164/lib.a(time.o) (__divqu)
/usr/alpha-linux-gnu/lib/libc.a(reml.o)
                              /home/janne/ebsdk/ebfw/obj/lx164/lib.a(fatdrv.o) (__reml)
/usr/alpha-linux-gnu/lib/libc.a(remlu.o)
                              /home/janne/ebsdk/ebfw/obj/lx164/lib.a(fatdrv.o) (__remlu)
/usr/alpha-linux-gnu/lib/libc.a(remqu.o)
                              /home/janne/ebsdk/ebfw/obj/lx164/lib.a(time.o) (__remqu)

Discarded input sections

 .note.GNU-stack
                0x0000000000000000        0x0 /home/janne/ebsdk/ebfw/obj/lx164/fsbmain.o
 .note.GNU-stack
                0x0000000000000000        0x0 /home/janne/ebsdk/ebfw/obj/lx164/file.o
 .note.GNU-stack
                0x0000000000000000        0x0 /home/janne/ebsdk/ebfw/obj/lx164/malloc.o
 .note.GNU-stack
                0x0000000000000000        0x0 /home/janne/ebsdk/ebfw/obj/lx164/rtc.o
 .note.GNU-stack
                0x0000000000000000        0x0 /home/janne/ebsdk/ebfw/obj/lx164/lib.a(lx164_io.o)
 .note.GNU-stack
                0x0000000000000000        0x0 /home/janne/ebsdk/ebfw/obj/lx164/lib.a(time.o)
 .note.GNU-stack
                0x0000000000000000        0x0 /home/janne/ebsdk/ebfw/obj/lx164/lib.a(initdata.o)
 .note.GNU-stack
                0x0000000000000000        0x0 /home/janne/ebsdk/ebfw/obj/lx164/lib.a(fsboot.o)
 .note.GNU-stack
                0x0000000000000000        0x0 /home/janne/ebsdk/ebfw/obj/lx164/lib.a(fileio.o)
 .note.GNU-stack
                0x0000000000000000        0x0 /home/janne/ebsdk/ebfw/obj/lx164/lib.a(fatdrv.o)
 .note.GNU-stack
                0x0000000000000000        0x0 /home/janne/ebsdk/ebfw/obj/lx164/lib.a(romhead.o)
 .note.GNU-stack
                0x0000000000000000        0x0 /home/janne/ebsdk/ebfw/obj/lx164/lib.a(string.o)
 .note.GNU-stack
                0x0000000000000000        0x0 /home/janne/ebsdk/ebfw/obj/lx164/lib.a(ctype.o)
 .note.GNU-stack
                0x0000000000000000        0x0 /home/janne/ebsdk/ebfw/obj/lx164/lib.a(smc.o)
 .note.GNU-stack
                0x0000000000000000        0x0 /home/janne/ebsdk/ebfw/obj/lx164/lib.a(beep.o)
 .note.GNU-stack
                0x0000000000000000        0x0 /home/janne/ebsdk/ebfw/obj/lx164/lib.a(floppy.o)
 .note.GNU-stack
                0x0000000000000000        0x0 /home/janne/ebsdk/ebfw/obj/lx164/fsbver.o
 .note.GNU-stack
                0x0000000000000000        0x0 /usr/alpha-linux-gnu/lib/libc.a(memmove.o)
 .note.GNU-stack
                0x0000000000000000        0x0 /usr/alpha-linux-gnu/lib/libc.a(strcat.o)
 .note.GNU-stack
                0x0000000000000000        0x0 /usr/alpha-linux-gnu/lib/libc.a(strchr.o)
 .note.GNU-stack
                0x0000000000000000        0x0 /usr/alpha-linux-gnu/lib/libc.a(strcmp.o)
 .note.GNU-stack
                0x0000000000000000        0x0 /usr/alpha-linux-gnu/lib/libc.a(strcpy.o)
 .note.GNU-stack
                0x0000000000000000        0x0 /usr/alpha-linux-gnu/lib/libc.a(strncat.o)
 .note.GNU-stack
                0x0000000000000000        0x0 /usr/alpha-linux-gnu/lib/libc.a(strncmp.o)
 .note.GNU-stack
                0x0000000000000000        0x0 /usr/alpha-linux-gnu/lib/libc.a(strncpy.o)
 .note.GNU-stack
                0x0000000000000000        0x0 /usr/alpha-linux-gnu/lib/libc.a(strrchr.o)
 .note.GNU-stack
                0x0000000000000000        0x0 /usr/alpha-linux-gnu/lib/libc.a(wordcopy.o)
 .note.GNU-stack
                0x0000000000000000        0x0 /usr/alpha-linux-gnu/lib/libc.a(stxcpy.o)
 .note.GNU-stack
                0x0000000000000000        0x0 /usr/alpha-linux-gnu/lib/libc.a(stxncpy.o)
 .note.GNU-stack
                0x0000000000000000        0x0 /usr/alpha-linux-gnu/lib/libc.a(divl.o)
 .note.GNU-stack
                0x0000000000000000        0x0 /usr/alpha-linux-gnu/lib/libc.a(divlu.o)
 .note.GNU-stack
                0x0000000000000000        0x0 /usr/alpha-linux-gnu/lib/libc.a(divqu.o)
 .note.GNU-stack
                0x0000000000000000        0x0 /usr/alpha-linux-gnu/lib/libc.a(reml.o)
 .note.GNU-stack
                0x0000000000000000        0x0 /usr/alpha-linux-gnu/lib/libc.a(remlu.o)
 .note.GNU-stack
                0x0000000000000000        0x0 /usr/alpha-linux-gnu/lib/libc.a(remqu.o)

Memory Configuration

Name             Origin             Length             Attributes
*default*        0x0000000000000000 0xffffffffffffffff

Linker script and memory map

LOAD /home/janne/ebsdk/ebfw/obj/lx164//dbmentry.o
Address of section .text-segment set to 0x10000
                [!provide]                        PROVIDE (__executable_start = SEGMENT_START ("text-segment", 0x10000))
                0x0000000000010000                . = SEGMENT_START ("text-segment", 0x10000)

.init           0x0000000000010000      0x110
 *(SORT_NONE(.init))
 .init          0x0000000000010000      0x110 /home/janne/ebsdk/ebfw/obj/lx164//dbmentry.o
                0x0000000000010000                __start

.text           0x0000000000010110     0x97a0
 *(.text.startup .text.startup.*)
 .text.startup  0x0000000000010110      0x104 /home/janne/ebsdk/ebfw/obj/lx164/fsbmain.o
                0x0000000000010110                main
 *(.text)
 .text          0x0000000000010214        0x0 /home/janne/ebsdk/ebfw/obj/lx164//dbmentry.o
 .text          0x0000000000010214       0x48 /home/janne/ebsdk/ebfw/obj/lx164/fsbmain.o
                0x0000000000010214                ladbx_poll
                0x0000000000010218                printf
                0x0000000000010228                sprintf
                0x0000000000010238                PutChar
                0x000000000001023c                GetChar
                0x0000000000010244                CharAv
                0x000000000001024c                puts
                0x0000000000010254                Waitforever
                0x0000000000010258                EstablishInitData
 .text          0x000000000001025c      0x568 /home/janne/ebsdk/ebfw/obj/lx164/file.o
                0x000000000001025c                LoadAFile
                0x000000000001039c                FileWriteRange
                0x00000000000104b8                FileDirectory
                0x00000000000105d0                FileCopy
 .text          0x00000000000107c4      0x454 /home/janne/ebsdk/ebfw/obj/lx164/malloc.o
                0x00000000000107c4                free
                0x0000000000010888                init_storage_pool
                0x0000000000010978                malloc
                0x0000000000010aa4                realloc
                0x0000000000010b44                malloc_summary
 .text          0x0000000000010c18      0x670 /home/janne/ebsdk/ebfw/obj/lx164/rtc.o
                0x0000000000010d68                time
                0x0000000000010ea0                printDate
                0x0000000000010efc                InitRTC
                0x0000000000011084                setDate
 *fill*         0x0000000000011288        0x8 0000fe2f1f04ff47
 .text          0x0000000000011290      0x330 /home/janne/ebsdk/ebfw/obj/lx164/lib.a(asmstuff.o)
                0x0000000000011290                __main
                0x00000000000112a0                mb
                0x00000000000112b0                imb
                0x00000000000112c0                rpcc
                0x00000000000112d0                getsp
                0x00000000000112e0                cServe
                0x00000000000112f0                wrfen
                0x0000000000011300                swppal
                0x0000000000011310                halt
                0x0000000000011320                wait_cycles
                0x0000000000011350                swpipl
                0x0000000000011360                wrmces
                0x0000000000011370                rdmces
                0x0000000000011380                CleanBCache
                0x00000000000113a0                UnalignedReadB
                0x00000000000113b0                UnalignedReadW
                0x00000000000113d0                UnalignedReadL
                0x00000000000113f0                UnalignedReadQ
                0x0000000000011410                UnalignedWriteB
                0x0000000000011440                UnalignedWriteW
                0x0000000000011480                UnalignedWriteL
                0x00000000000114b0                UnalignedWriteQ
                0x00000000000114e0                UnalignedReadFloat
                0x0000000000011510                UnalignedReadDouble
                0x0000000000011540                UnalignedWriteFloat
                0x0000000000011580                UnalignedWriteDouble
 .text          0x00000000000115c0      0xcbc /home/janne/ebsdk/ebfw/obj/lx164/lib.a(lx164_io.o)
                0x00000000000115c0                out_ioc_csr
                0x0000000000011600                in_ioc_csr
                0x000000000001161c                out_ioc_pci
                0x000000000001165c                outportb
                0x00000000000116b4                outportw
                0x0000000000011710                outportl
                0x0000000000011764                outcfgb
                0x0000000000011848                outcfgw
                0x0000000000011930                outcfgl
                0x0000000000011a0c                inportb
                0x0000000000011a40                inportw
                0x0000000000011a78                inportl
                0x0000000000011aa4                incfgb
                0x0000000000011b6c                incfgw
                0x0000000000011c38                incfgl
                0x0000000000011cf8                outmemb
                0x0000000000011d58                outmemw
                0x0000000000011db8                outmeml
                0x0000000000011e0c                indmemb
                0x0000000000011e34                indmemw
                0x0000000000011e5c                indmeml
                0x0000000000011e78                outdmemb
                0x0000000000011ed0                outdmemw
                0x0000000000011f68                outdmeml
                0x0000000000011fac                inmemb
                0x0000000000011fe0                inmemw
                0x0000000000012018                inmeml
                0x0000000000012044                SetHAE
                0x0000000000012094                inIack
                0x00000000000120a4                PCIBusInit
                0x0000000000012138                ISABusInit
                0x000000000001220c                outLed
                0x0000000000012228                IOPCIClearNODEV
 .text          0x000000000001227c      0x208 /home/janne/ebsdk/ebfw/obj/lx164/lib.a(time.o)
                0x000000000001227c                gettime
                0x00000000000122ac                localtime
                0x0000000000012388                usleep
                0x00000000000123c4                msleep
                0x0000000000012428                sleep
 .text          0x0000000000012484      0x38c /home/janne/ebsdk/ebfw/obj/lx164/lib.a(initdata.o)
                0x0000000000012484                initdata
                0x0000000000012670                DumpSysData
 .text          0x0000000000012810      0x1e8 /home/janne/ebsdk/ebfw/obj/lx164/lib.a(fsboot.o)
                0x0000000000012810                fsboot
 .text          0x00000000000129f8      0x7a4 /home/janne/ebsdk/ebfw/obj/lx164/lib.a(fileio.o)
                0x0000000000012abc                fgetc
                0x0000000000012b4c                fungetc
                0x0000000000012b8c                fread
                0x0000000000012bfc                fputc
                0x0000000000012ca8                fwrite
                0x0000000000012d18                fclose
                0x0000000000012d6c                feof
                0x0000000000012d74                perror
                0x0000000000012ea4                fdir
                0x0000000000012ef8                fload
                0x0000000000012f40                fdr
                0x0000000000012f9c                MapLogicalToPhysicalDevice
                0x0000000000013008                fopen
                0x0000000000013108                fcd
 .text          0x000000000001319c     0x2a68 /home/janne/ebsdk/ebfw/obj/lx164/lib.a(fatdrv.o)
                0x0000000000014a38                AllocateFloppyDrive
                0x0000000000014b04                Shutdown
                0x00000000000158e0                ReadWriteRawSector
                0x00000000000159d8                ReadWriteSectors
 .text          0x0000000000015c04      0x9c0 /home/janne/ebsdk/ebfw/obj/lx164/lib.a(romhead.o)
                0x0000000000015c04                fwid_match
                0x0000000000015d44                fwid_dump
                0x0000000000015e20                ostype_match_i
                0x0000000000015e54                fwid_match_i
                0x0000000000015eb8                ostype_match
                0x0000000000016048                ostype_dump
                0x0000000000016128                compute_romh_chksum
                0x0000000000016170                dumpHeader
                0x00000000000164cc                HasRomSignature
                0x0000000000016524                IsHeaderValid
 .text          0x00000000000165c4      0x114 /home/janne/ebsdk/ebfw/obj/lx164/lib.a(string.o)
                0x00000000000165c4                memcpy
                0x00000000000165f0                memcmp
                0x0000000000016640                memset
                0x0000000000016664                memchr
                0x0000000000016698                strlen
                0x00000000000166b4                bzero
 .text          0x00000000000166d8      0x2a4 /home/janne/ebsdk/ebfw/obj/lx164/lib.a(ctype.o)
                0x00000000000166d8                isalnum
                0x0000000000016708                isalpha
                0x000000000001673c                isascii
                0x0000000000016770                iscntrl
                0x00000000000167a4                isdigit
                0x00000000000167d8                isgraph
                0x000000000001680c                islower
                0x0000000000016840                isprint
                0x0000000000016874                ispunct
                0x00000000000168a8                isspace
                0x00000000000168dc                isupper
                0x0000000000016910                isxdigit
                0x0000000000016944                tolower
                0x0000000000016960                toupper
 .text          0x000000000001697c      0x75c /home/janne/ebsdk/ebfw/obj/lx164/lib.a(smc.o)
                0x0000000000016aa4                SMCEnablePARP
                0x0000000000016bc4                SMCInit
 .text          0x00000000000170d8      0x29c /home/janne/ebsdk/ebfw/obj/lx164/lib.a(beep.o)
                0x00000000000170d8                tone
                0x00000000000171b0                Beep
                0x0000000000017270                BeepCode
 .text          0x0000000000017374      0xb60 /home/janne/ebsdk/ebfw/obj/lx164/lib.a(floppy.o)
                0x0000000000017600                SpinDownFloppyDrive
                0x0000000000017644                InitializeFloppyDrive
                0x0000000000017c1c                ReadLogicalSector
                0x0000000000017cb0                WriteLogicalSector
                0x0000000000017d44                init_pic
 .text          0x0000000000017ed4        0x0 /home/janne/ebsdk/ebfw/obj/lx164/fsbver.o
 *fill*         0x0000000000017ed4        0xc 0000fe2f1f04ff47
 .text          0x0000000000017ee0      0x220 /usr/alpha-linux-gnu/lib/libc.a(memmove.o)
                0x0000000000017ee0                memmove
 .text          0x0000000000018100       0x70 /usr/alpha-linux-gnu/lib/libc.a(strcat.o)
                0x0000000000018100                strcat
 .text          0x0000000000018170       0xb0 /usr/alpha-linux-gnu/lib/libc.a(strchr.o)
                0x0000000000018170                index
                0x0000000000018170                strchr
 .text          0x0000000000018220      0x160 /usr/alpha-linux-gnu/lib/libc.a(strcmp.o)
                0x0000000000018220                strcmp
 .text          0x0000000000018380       0x20 /usr/alpha-linux-gnu/lib/libc.a(strcpy.o)
                0x0000000000018380                strcpy
 .text          0x00000000000183a0       0xb0 /usr/alpha-linux-gnu/lib/libc.a(strncat.o)
                0x00000000000183a0                strncat
 .text          0x0000000000018450      0x300 /usr/alpha-linux-gnu/lib/libc.a(strncmp.o)
                0x0000000000018450                strncmp
 .text          0x0000000000018750       0xa0 /usr/alpha-linux-gnu/lib/libc.a(strncpy.o)
                0x0000000000018750                strncpy
 .text          0x00000000000187f0       0xd0 /usr/alpha-linux-gnu/lib/libc.a(strrchr.o)
                0x00000000000187f0                strrchr
                0x00000000000187f0                rindex
 .text          0x00000000000188c0      0x590 /usr/alpha-linux-gnu/lib/libc.a(wordcopy.o)
                0x00000000000188c0                _wordcopy_fwd_aligned
                0x0000000000018a60                _wordcopy_fwd_dest_aligned
                0x0000000000018ba0                _wordcopy_bwd_aligned
                0x0000000000018d20                _wordcopy_bwd_dest_aligned
 .text          0x0000000000018e50      0x1f0 /usr/alpha-linux-gnu/lib/libc.a(stxcpy.o)
                0x0000000000018eb8                __stxcpy
 .text          0x0000000000019040      0x278 /usr/alpha-linux-gnu/lib/libc.a(stxncpy.o)
                0x00000000000190c0                __stxncpy
 *fill*         0x00000000000192b8        0x8 0000fe2f1f04ff47
 .text          0x00000000000192c0       0x90 /usr/alpha-linux-gnu/lib/libc.a(divl.o)
                0x00000000000192c0                __divl
 .text          0x0000000000019350       0x90 /usr/alpha-linux-gnu/lib/libc.a(divlu.o)
                0x0000000000019350                __divlu
 .text          0x00000000000193e0      0x1b0 /usr/alpha-linux-gnu/lib/libc.a(divqu.o)
                0x00000000000193e0                __divqu
 .text          0x0000000000019590       0x90 /usr/alpha-linux-gnu/lib/libc.a(reml.o)
                0x0000000000019590                __reml
 .text          0x0000000000019620       0x90 /usr/alpha-linux-gnu/lib/libc.a(remlu.o)
                0x0000000000019620                __remlu
 .text          0x00000000000196b0      0x200 /usr/alpha-linux-gnu/lib/libc.a(remqu.o)
                0x00000000000196b0                __remqu

.fini           0x00000000000198b0        0x4
 *(SORT_NONE(.fini))
 .fini          0x00000000000198b0        0x4 /home/janne/ebsdk/ebfw/obj/lx164//dbmentry.o
                0x00000000000198b0                _exit
                [!provide]                        PROVIDE (__etext = .)
                [!provide]                        PROVIDE (_etext = .)
                [!provide]                        PROVIDE (etext = .)

.rodata         0x00000000000198b8      0xe28
 *(.rodata .rodata.*)
 .rodata.str1.1
                0x00000000000198b8      0xbff /home/janne/ebsdk/ebfw/obj/lx164/file.o
                                        0x1fc (size before relaxing)
 .rodata.str1.1
                0x000000000001a4b7       0x68 /home/janne/ebsdk/ebfw/obj/lx164/malloc.o
 .rodata.str1.1
                0x000000000001a4b7       0x52 /home/janne/ebsdk/ebfw/obj/lx164/rtc.o
 *fill*         0x000000000001a4b7        0x1 
 .rodata.cst8   0x000000000001a4b8       0x18 /home/janne/ebsdk/ebfw/obj/lx164/lib.a(lx164_io.o)
 .rodata.str1.1
                0x000000000001a4d0       0xc8 /home/janne/ebsdk/ebfw/obj/lx164/lib.a(initdata.o)
 .rodata.str1.1
                0x000000000001a4d0       0x5f /home/janne/ebsdk/ebfw/obj/lx164/lib.a(fsboot.o)
 .rodata        0x000000000001a4d0       0xa8 /home/janne/ebsdk/ebfw/obj/lx164/lib.a(fsboot.o)
 .rodata.str1.1
                0x000000000001a578       0xd9 /home/janne/ebsdk/ebfw/obj/lx164/lib.a(fileio.o)
 .rodata        0x000000000001a578       0x28 /home/janne/ebsdk/ebfw/obj/lx164/lib.a(fileio.o)
 .rodata.str1.1
                0x000000000001a5a0      0x349 /home/janne/ebsdk/ebfw/obj/lx164/lib.a(fatdrv.o)
 .rodata.str1.1
                0x000000000001a5a0      0x384 /home/janne/ebsdk/ebfw/obj/lx164/lib.a(romhead.o)
 .rodata        0x000000000001a5a0      0x100 /home/janne/ebsdk/ebfw/obj/lx164/lib.a(ctype.o)
                0x000000000001a5a0                ctypeArray
 .rodata.str1.1
                0x000000000001a6a0       0xcb /home/janne/ebsdk/ebfw/obj/lx164/lib.a(floppy.o)
 .rodata        0x000000000001a6a0       0x40 /usr/alpha-linux-gnu/lib/libc.a(wordcopy.o)
 *(.rdata)
 *(.rconst)
                [!provide]                        PROVIDE (_fpdata = .)
 *(.pdata)

.eh_frame       0x000000000001a6e0     0x17cc
 *(.eh_frame)
 .eh_frame      0x000000000001a6e0       0xf0 /home/janne/ebsdk/ebfw/obj/lx164/fsbmain.o
 .eh_frame      0x000000000001a7d0       0xa8 /home/janne/ebsdk/ebfw/obj/lx164/file.o
                                         0xc0 (size before relaxing)
 .eh_frame      0x000000000001a878       0x90 /home/janne/ebsdk/ebfw/obj/lx164/malloc.o
                                         0xa8 (size before relaxing)
 .eh_frame      0x000000000001a908      0x108 /home/janne/ebsdk/ebfw/obj/lx164/rtc.o
                                        0x120 (size before relaxing)
 .eh_frame      0x000000000001aa10      0x3c0 /home/janne/ebsdk/ebfw/obj/lx164/lib.a(lx164_io.o)
                                        0x3d8 (size before relaxing)
 .eh_frame      0x000000000001add0       0xa0 /home/janne/ebsdk/ebfw/obj/lx164/lib.a(time.o)
                                         0xb8 (size before relaxing)
 .eh_frame      0x000000000001ae70       0x48 /home/janne/ebsdk/ebfw/obj/lx164/lib.a(initdata.o)
                                         0x58 (size before relaxing)
 .eh_frame      0x000000000001aeb8       0x30 /home/janne/ebsdk/ebfw/obj/lx164/lib.a(fsboot.o)
                                         0x48 (size before relaxing)
 .eh_frame      0x000000000001aee8      0x1e8 /home/janne/ebsdk/ebfw/obj/lx164/lib.a(fileio.o)
                                        0x1f8 (size before relaxing)
 .eh_frame      0x000000000001b0d0      0x4b0 /home/janne/ebsdk/ebfw/obj/lx164/lib.a(fatdrv.o)
                                        0x4c0 (size before relaxing)
 .eh_frame      0x000000000001b580      0x188 /home/janne/ebsdk/ebfw/obj/lx164/lib.a(romhead.o)
                                        0x1a0 (size before relaxing)
 .eh_frame      0x000000000001b708       0x78 /home/janne/ebsdk/ebfw/obj/lx164/lib.a(string.o)
                                         0x90 (size before relaxing)
 .eh_frame      0x000000000001b780      0x118 /home/janne/ebsdk/ebfw/obj/lx164/lib.a(ctype.o)
                                        0x130 (size before relaxing)
 .eh_frame      0x000000000001b898       0x98 /home/janne/ebsdk/ebfw/obj/lx164/lib.a(smc.o)
                                         0xa8 (size before relaxing)
 .eh_frame      0x000000000001b930       0x78 /home/janne/ebsdk/ebfw/obj/lx164/lib.a(beep.o)
                                         0x90 (size before relaxing)
 .eh_frame      0x000000000001b9a8      0x1a8 /home/janne/ebsdk/ebfw/obj/lx164/lib.a(floppy.o)
                                        0x1b8 (size before relaxing)
 .eh_frame      0x000000000001bb50       0x38 /usr/alpha-linux-gnu/lib/libc.a(memmove.o)
                                         0x50 (size before relaxing)
 .eh_frame      0x000000000001bb88       0x18 /usr/alpha-linux-gnu/lib/libc.a(strcat.o)
                                         0x28 (size before relaxing)
 .eh_frame      0x000000000001bba0       0x18 /usr/alpha-linux-gnu/lib/libc.a(strchr.o)
                                         0x28 (size before relaxing)
 .eh_frame      0x000000000001bbb8       0x18 /usr/alpha-linux-gnu/lib/libc.a(strcmp.o)
                                         0x28 (size before relaxing)
 .eh_frame      0x000000000001bbd0       0x18 /usr/alpha-linux-gnu/lib/libc.a(strcpy.o)
                                         0x28 (size before relaxing)
 .eh_frame      0x000000000001bbe8       0x18 /usr/alpha-linux-gnu/lib/libc.a(strncat.o)
                                         0x28 (size before relaxing)
 .eh_frame      0x000000000001bc00       0x18 /usr/alpha-linux-gnu/lib/libc.a(strncmp.o)
                                         0x28 (size before relaxing)
 .eh_frame      0x000000000001bc18       0x18 /usr/alpha-linux-gnu/lib/libc.a(strncpy.o)
                                         0x28 (size before relaxing)
 .eh_frame      0x000000000001bc30       0x18 /usr/alpha-linux-gnu/lib/libc.a(strrchr.o)
                                         0x28 (size before relaxing)
 .eh_frame      0x000000000001bc48       0x50 /usr/alpha-linux-gnu/lib/libc.a(wordcopy.o)
                                         0x68 (size before relaxing)
 .eh_frame      0x000000000001bc98       0x28 /usr/alpha-linux-gnu/lib/libc.a(stxcpy.o)
 .eh_frame      0x000000000001bcc0       0x18 /usr/alpha-linux-gnu/lib/libc.a(stxncpy.o)
                                         0x28 (size before relaxing)
 .eh_frame      0x000000000001bcd8       0x40 /usr/alpha-linux-gnu/lib/libc.a(divl.o)
                                         0x50 (size before relaxing)
 .eh_frame      0x000000000001bd18       0x40 /usr/alpha-linux-gnu/lib/libc.a(divlu.o)
                                         0x50 (size before relaxing)
 .eh_frame      0x000000000001bd58       0x68 /usr/alpha-linux-gnu/lib/libc.a(divqu.o)
                                         0x78 (size before relaxing)
 .eh_frame      0x000000000001bdc0       0x40 /usr/alpha-linux-gnu/lib/libc.a(reml.o)
                                         0x50 (size before relaxing)
 .eh_frame      0x000000000001be00       0x40 /usr/alpha-linux-gnu/lib/libc.a(remlu.o)
                                         0x50 (size before relaxing)
 .eh_frame      0x000000000001be40       0x6c /usr/alpha-linux-gnu/lib/libc.a(remqu.o)
                                         0x80 (size before relaxing)
 *(.xdata)

.eh_frame
 *(.eh_frame)
 *(.eh_frame.*)
 *(.xdata)

.data.rel.ro
 *(.data.rel.ro.local*)
 *(.data.rel.ro)

.data           0x000000000001beb0      0x575
                [!provide]                        PROVIDE (_fdata = .)
 *(.data .data.*)
 .data          0x000000000001beb0       0x37 /home/janne/ebsdk/ebfw/obj/lx164//dbmentry.o
 .data          0x000000000001bee7        0x0 /home/janne/ebsdk/ebfw/obj/lx164/fsbmain.o
 .data          0x000000000001bee7        0x0 /home/janne/ebsdk/ebfw/obj/lx164/file.o
 .data          0x000000000001bee7        0x0 /home/janne/ebsdk/ebfw/obj/lx164/malloc.o
 .data          0x000000000001bee7       0x30 /home/janne/ebsdk/ebfw/obj/lx164/rtc.o
 .data          0x000000000001bf17       0x3c /home/janne/ebsdk/ebfw/obj/lx164/lib.a(asmstuff.o)
 .data          0x000000000001bf53        0x0 /home/janne/ebsdk/ebfw/obj/lx164/lib.a(lx164_io.o)
 .data          0x000000000001bf53        0x0 /home/janne/ebsdk/ebfw/obj/lx164/lib.a(time.o)
 .data          0x000000000001bf53        0x0 /home/janne/ebsdk/ebfw/obj/lx164/lib.a(initdata.o)
 *fill*         0x000000000001bf53        0x5 
 .data          0x000000000001bf58       0x88 /home/janne/ebsdk/ebfw/obj/lx164/lib.a(fsboot.o)
 .data          0x000000000001bfe0        0x0 /home/janne/ebsdk/ebfw/obj/lx164/lib.a(fileio.o)
 .data          0x000000000001bfe0       0x78 /home/janne/ebsdk/ebfw/obj/lx164/lib.a(fatdrv.o)
                0x000000000001bfe0                Error3Strings
 .data          0x000000000001c058      0x318 /home/janne/ebsdk/ebfw/obj/lx164/lib.a(romhead.o)
                0x000000000001c058                ostype_array
                0x000000000001c0f8                ostype_smc
                0x000000000001c108                ostype__sr
                0x000000000001c118                ostype_vxw
                0x000000000001c128                ostype_lnx
                0x000000000001c138                ostype_fsb
                0x000000000001c148                ostype_osf
                0x000000000001c158                ostype_vms
                0x000000000001c168                ostype_wnt
                0x000000000001c178                ostype_dbm
                0x000000000001c188                fwid_array
                0x000000000001c260                fw_smc_id
                0x000000000001c278                fw__sr_id
                0x000000000001c290                fw_vxw_id
                0x000000000001c2a8                fw_lnx_id
                0x000000000001c2c8                fw_fsb_id
                0x000000000001c2e8                fw_srm_id
                0x000000000001c318                fw_wnt_id
                0x000000000001c348                fw_dbm_id
 .data          0x000000000001c370        0x0 /home/janne/ebsdk/ebfw/obj/lx164/lib.a(string.o)
 .data          0x000000000001c370        0x0 /home/janne/ebsdk/ebfw/obj/lx164/lib.a(ctype.o)
 .data          0x000000000001c370        0x0 /home/janne/ebsdk/ebfw/obj/lx164/lib.a(smc.o)
 .data          0x000000000001c370        0x0 /home/janne/ebsdk/ebfw/obj/lx164/lib.a(beep.o)
 .data          0x000000000001c370       0xa0 /home/janne/ebsdk/ebfw/obj/lx164/lib.a(floppy.o)
                0x000000000001c370                FloppyDriveTypes
                0x000000000001c3ac                FloppyDiskTypes
                0x000000000001c3e0                Error4Strings
 .data          0x000000000001c410       0x15 /home/janne/ebsdk/ebfw/obj/lx164/fsbver.o
                0x000000000001c410                compile_time
                0x000000000001c419                compile_date
 .data          0x000000000001c425        0x0 /usr/alpha-linux-gnu/lib/libc.a(memmove.o)
 .data          0x000000000001c425        0x0 /usr/alpha-linux-gnu/lib/libc.a(strcat.o)
 .data          0x000000000001c425        0x0 /usr/alpha-linux-gnu/lib/libc.a(strchr.o)
 .data          0x000000000001c425        0x0 /usr/alpha-linux-gnu/lib/libc.a(strcmp.o)
 .data          0x000000000001c425        0x0 /usr/alpha-linux-gnu/lib/libc.a(strcpy.o)
 .data          0x000000000001c425        0x0 /usr/alpha-linux-gnu/lib/libc.a(strncat.o)
 .data          0x000000000001c425        0x0 /usr/alpha-linux-gnu/lib/libc.a(strncmp.o)
 .data          0x000000000001c425        0x0 /usr/alpha-linux-gnu/lib/libc.a(strncpy.o)
 .data          0x000000000001c425        0x0 /usr/alpha-linux-gnu/lib/libc.a(strrchr.o)
 .data          0x000000000001c425        0x0 /usr/alpha-linux-gnu/lib/libc.a(wordcopy.o)
 .data          0x000000000001c425        0x0 /usr/alpha-linux-gnu/lib/libc.a(stxcpy.o)
 .data          0x000000000001c425        0x0 /usr/alpha-linux-gnu/lib/libc.a(stxncpy.o)
 .data          0x000000000001c425        0x0 /usr/alpha-linux-gnu/lib/libc.a(divl.o)
 .data          0x000000000001c425        0x0 /usr/alpha-linux-gnu/lib/libc.a(divlu.o)
 .data          0x000000000001c425        0x0 /usr/alpha-linux-gnu/lib/libc.a(divqu.o)
 .data          0x000000000001c425        0x0 /usr/alpha-linux-gnu/lib/libc.a(reml.o)
 .data          0x000000000001c425        0x0 /usr/alpha-linux-gnu/lib/libc.a(remlu.o)
 .data          0x000000000001c425        0x0 /usr/alpha-linux-gnu/lib/libc.a(remqu.o)
 *(.xdata)

.got            0x000000000001c428      0x3e0
 *(.got.plt)
 *(.igot.plt)
 *(.got)
 .got           0x000000000001c428      0x3e0 /home/janne/ebsdk/ebfw/obj/lx164//dbmentry.o
 .got           0x000000000001c808        0x0 /home/janne/ebsdk/ebfw/obj/lx164/fsbmain.o
 .got           0x000000000001c808        0x0 /home/janne/ebsdk/ebfw/obj/lx164/file.o
 .got           0x000000000001c808        0x0 /home/janne/ebsdk/ebfw/obj/lx164/malloc.o
 .got           0x000000000001c808        0x0 /home/janne/ebsdk/ebfw/obj/lx164/rtc.o
 .got           0x000000000001c808        0x0 /home/janne/ebsdk/ebfw/obj/lx164/lib.a(lx164_io.o)
 .got           0x000000000001c808        0x0 /home/janne/ebsdk/ebfw/obj/lx164/lib.a(time.o)
 .got           0x000000000001c808        0x0 /home/janne/ebsdk/ebfw/obj/lx164/lib.a(initdata.o)
 .got           0x000000000001c808        0x0 /home/janne/ebsdk/ebfw/obj/lx164/lib.a(fsboot.o)
 .got           0x000000000001c808        0x0 /home/janne/ebsdk/ebfw/obj/lx164/lib.a(fileio.o)
 .got           0x000000000001c808        0x0 /home/janne/ebsdk/ebfw/obj/lx164/lib.a(fatdrv.o)
 .got           0x000000000001c808        0x0 /home/janne/ebsdk/ebfw/obj/lx164/lib.a(romhead.o)
 .got           0x000000000001c808        0x0 /home/janne/ebsdk/ebfw/obj/lx164/lib.a(ctype.o)
 .got           0x000000000001c808        0x0 /home/janne/ebsdk/ebfw/obj/lx164/lib.a(smc.o)
 .got           0x000000000001c808        0x0 /home/janne/ebsdk/ebfw/obj/lx164/lib.a(beep.o)
 .got           0x000000000001c808        0x0 /home/janne/ebsdk/ebfw/obj/lx164/lib.a(floppy.o)
 .got           0x000000000001c808        0x0 /usr/alpha-linux-gnu/lib/libc.a(memmove.o)
 .got           0x000000000001c808        0x0 /usr/alpha-linux-gnu/lib/libc.a(strcat.o)
 .got           0x000000000001c808        0x0 /usr/alpha-linux-gnu/lib/libc.a(strcpy.o)
 .got           0x000000000001c808        0x0 /usr/alpha-linux-gnu/lib/libc.a(strncat.o)
 .got           0x000000000001c808        0x0 /usr/alpha-linux-gnu/lib/libc.a(strncpy.o)
 .got           0x000000000001c808        0x0 /usr/alpha-linux-gnu/lib/libc.a(wordcopy.o)
 *(.igot)
                0x0000000000024800                _gp = (ALIGN (0x10) + 0x7ff0)

.sdata          0x000000000001c808       0x41
 *(.lit4)
 *(.lit8)
 *(.lita)
 *(.sdata)
 .sdata         0x000000000001c808       0x10 /home/janne/ebsdk/ebfw/obj/lx164/fsbmain.o
                0x000000000001c808                InitialStackPointer
                0x000000000001c810                halt_code
 .sdata         0x000000000001c818        0x4 /home/janne/ebsdk/ebfw/obj/lx164/lib.a(lx164_io.o)
                0x000000000001c818                rtcBase
 *fill*         0x000000000001c81c        0x4 
 .sdata         0x000000000001c820       0x20 /home/janne/ebsdk/ebfw/obj/lx164/lib.a(initdata.o)
                0x000000000001c820                CPU_cycles_per_usecs
                0x000000000001c828                UserCharAv
                0x000000000001c830                UserGetChar
                0x000000000001c838                UserPutChar
 .sdata         0x000000000001c840        0x3 /home/janne/ebsdk/ebfw/obj/lx164/lib.a(fileio.o)
 .sdata         0x000000000001c843        0x6 /home/janne/ebsdk/ebfw/obj/lx164/fsbver.o
                0x000000000001c843                dbm_version
                0x000000000001c849                _edata = .
                [!provide]                        PROVIDE (edata = .)
                0x000000000001c84c                . = ALIGN (ALIGNOF (NEXT_SECTION))
                0x000000000001c850                __bss_start = .

.sbss           0x000000000001c850       0xa8
 *(.sbss)
 .sbss          0x000000000001c850       0x28 /home/janne/ebsdk/ebfw/obj/lx164/malloc.o
                0x000000000001c860                storage_pool_end
                0x000000000001c868                storage_pool_start
                0x000000000001c870                storage_initialized
 .sbss          0x000000000001c878       0x40 /home/janne/ebsdk/ebfw/obj/lx164/lib.a(initdata.o)
                0x000000000001c878                PalImpureBase
                0x000000000001c880                Userladbx_poll
                0x000000000001c888                Userrealloc
                0x000000000001c890                Userfree
                0x000000000001c898                Usermalloc
                0x000000000001c8a0                Usermalloc_summary
                0x000000000001c8a8                Usertime
                0x000000000001c8b0                CBarray
 .sbss          0x000000000001c8b8       0x10 /home/janne/ebsdk/ebfw/obj/lx164/lib.a(fileio.o)
                0x000000000001c8c4                errno
 .sbss          0x000000000001c8c8       0x28 /home/janne/ebsdk/ebfw/obj/lx164/lib.a(fatdrv.o)
 .sbss          0x000000000001c8f0        0x4 /home/janne/ebsdk/ebfw/obj/lx164/lib.a(smc.o)
 .sbss          0x000000000001c8f4        0x4 /home/janne/ebsdk/ebfw/obj/lx164/lib.a(floppy.o)
 *(.scommon)

.bss            0x000000000001c8f8      0x5cc
 *(.bss)
 .bss           0x000000000001c8f8        0x0 /home/janne/ebsdk/ebfw/obj/lx164//dbmentry.o
 .bss           0x000000000001c8f8        0x0 /home/janne/ebsdk/ebfw/obj/lx164/fsbmain.o
 .bss           0x000000000001c8f8        0x0 /home/janne/ebsdk/ebfw/obj/lx164/file.o
 .bss           0x000000000001c8f8        0xc /home/janne/ebsdk/ebfw/obj/lx164/malloc.o
 .bss           0x000000000001c904        0x0 /home/janne/ebsdk/ebfw/obj/lx164/rtc.o
 .bss           0x000000000001c904        0x0 /home/janne/ebsdk/ebfw/obj/lx164/lib.a(asmstuff.o)
 .bss           0x000000000001c904        0x0 /home/janne/ebsdk/ebfw/obj/lx164/lib.a(lx164_io.o)
 *fill*         0x000000000001c904        0x4 
 .bss           0x000000000001c908       0x30 /home/janne/ebsdk/ebfw/obj/lx164/lib.a(time.o)
 .bss           0x000000000001c938       0xe8 /home/janne/ebsdk/ebfw/obj/lx164/lib.a(initdata.o)
                0x000000000001c938                sysdata
                0x000000000001c990                ExitData
 .bss           0x000000000001ca20        0x0 /home/janne/ebsdk/ebfw/obj/lx164/lib.a(fsboot.o)
 .bss           0x000000000001ca20       0x90 /home/janne/ebsdk/ebfw/obj/lx164/lib.a(fileio.o)
                0x000000000001ca20                LogicalDrives
 .bss           0x000000000001cab0      0x370 /home/janne/ebsdk/ebfw/obj/lx164/lib.a(fatdrv.o)
 .bss           0x000000000001ce20       0xa4 /home/janne/ebsdk/ebfw/obj/lx164/lib.a(romhead.o)
                0x000000000001ce20                strbuf2
                0x000000000001ce72                strbuf1
 .bss           0x000000000001cec4        0x0 /home/janne/ebsdk/ebfw/obj/lx164/lib.a(string.o)
 .bss           0x000000000001cec4        0x0 /home/janne/ebsdk/ebfw/obj/lx164/lib.a(ctype.o)
 .bss           0x000000000001cec4        0x0 /home/janne/ebsdk/ebfw/obj/lx164/lib.a(smc.o)
 .bss           0x000000000001cec4        0x0 /home/janne/ebsdk/ebfw/obj/lx164/lib.a(beep.o)
 .bss           0x000000000001cec4        0x0 /home/janne/ebsdk/ebfw/obj/lx164/lib.a(floppy.o)
 .bss           0x000000000001cec4        0x0 /home/janne/ebsdk/ebfw/obj/lx164/fsbver.o
 .bss           0x000000000001cec4        0x0 /usr/alpha-linux-gnu/lib/libc.a(memmove.o)
 .bss           0x000000000001cec4        0x0 /usr/alpha-linux-gnu/lib/libc.a(strcat.o)
 .bss           0x000000000001cec4        0x0 /usr/alpha-linux-gnu/lib/libc.a(strchr.o)
 .bss           0x000000000001cec4        0x0 /usr/alpha-linux-gnu/lib/libc.a(strcmp.o)
 .bss           0x000000000001cec4        0x0 /usr/alpha-linux-gnu/lib/libc.a(strcpy.o)
 .bss           0x000000000001cec4        0x0 /usr/alpha-linux-gnu/lib/libc.a(strncat.o)
 .bss           0x000000000001cec4        0x0 /usr/alpha-linux-gnu/lib/libc.a(strncmp.o)
 .bss           0x000000000001cec4        0x0 /usr/alpha-linux-gnu/lib/libc.a(strncpy.o)
 .bss           0x000000000001cec4        0x0 /usr/alpha-linux-gnu/lib/libc.a(strrchr.o)
 .bss           0x000000000001cec4        0x0 /usr/alpha-linux-gnu/lib/libc.a(wordcopy.o)
 .bss           0x000000000001cec4        0x0 /usr/alpha-linux-gnu/lib/libc.a(stxcpy.o)
 .bss           0x000000000001cec4        0x0 /usr/alpha-linux-gnu/lib/libc.a(stxncpy.o)
 .bss           0x000000000001cec4        0x0 /usr/alpha-linux-gnu/lib/libc.a(divl.o)
 .bss           0x000000000001cec4        0x0 /usr/alpha-linux-gnu/lib/libc.a(divlu.o)
 .bss           0x000000000001cec4        0x0 /usr/alpha-linux-gnu/lib/libc.a(divqu.o)
 .bss           0x000000000001cec4        0x0 /usr/alpha-linux-gnu/lib/libc.a(reml.o)
 .bss           0x000000000001cec4        0x0 /usr/alpha-linux-gnu/lib/libc.a(remlu.o)
 .bss           0x000000000001cec4        0x0 /usr/alpha-linux-gnu/lib/libc.a(remqu.o)
 *(COMMON)
                0x000000000001cec8                . = ALIGN (0x8)
                0x000000000001cec8                . = SEGMENT_START ("ldata-segment", .)
                0x000000000001cec8                . = ALIGN (0x8)
                0x000000000001cec8                _end = .
                [!provide]                        PROVIDE (end = .)

.stab
 *(.stab)

.stabstr
 *(.stabstr)

.stab.excl
 *(.stab.excl)

.stab.exclstr
 *(.stab.exclstr)

.stab.index
 *(.stab.index)

.stab.indexstr
 *(.stab.indexstr)

.comment        0x0000000000000000       0x1f
 *(.comment)
 .comment       0x0000000000000000       0x1f /home/janne/ebsdk/ebfw/obj/lx164/fsbmain.o
                                         0x20 (size before relaxing)
 .comment       0x000000000000001f       0x20 /home/janne/ebsdk/ebfw/obj/lx164/file.o
 .comment       0x000000000000001f       0x20 /home/janne/ebsdk/ebfw/obj/lx164/malloc.o
 .comment       0x000000000000001f       0x20 /home/janne/ebsdk/ebfw/obj/lx164/rtc.o
 .comment       0x000000000000001f       0x20 /home/janne/ebsdk/ebfw/obj/lx164/lib.a(lx164_io.o)
 .comment       0x000000000000001f       0x20 /home/janne/ebsdk/ebfw/obj/lx164/lib.a(time.o)
 .comment       0x000000000000001f       0x20 /home/janne/ebsdk/ebfw/obj/lx164/lib.a(initdata.o)
 .comment       0x000000000000001f       0x20 /home/janne/ebsdk/ebfw/obj/lx164/lib.a(fsboot.o)
 .comment       0x000000000000001f       0x20 /home/janne/ebsdk/ebfw/obj/lx164/lib.a(fileio.o)
 .comment       0x000000000000001f       0x20 /home/janne/ebsdk/ebfw/obj/lx164/lib.a(fatdrv.o)
 .comment       0x000000000000001f       0x20 /home/janne/ebsdk/ebfw/obj/lx164/lib.a(romhead.o)
 .comment       0x000000000000001f       0x20 /home/janne/ebsdk/ebfw/obj/lx164/lib.a(string.o)
 .comment       0x000000000000001f       0x20 /home/janne/ebsdk/ebfw/obj/lx164/lib.a(ctype.o)
 .comment       0x000000000000001f       0x20 /home/janne/ebsdk/ebfw/obj/lx164/lib.a(smc.o)
 .comment       0x000000000000001f       0x20 /home/janne/ebsdk/ebfw/obj/lx164/lib.a(beep.o)
 .comment       0x000000000000001f       0x20 /home/janne/ebsdk/ebfw/obj/lx164/lib.a(floppy.o)
 .comment       0x000000000000001f       0x20 /home/janne/ebsdk/ebfw/obj/lx164/fsbver.o

.gnu.build.attributes
 *(.gnu.build.attributes .gnu.build.attributes.*)

.debug
 *(.debug)

.line
 *(.line)

.debug_srcinfo
 *(.debug_srcinfo)

.debug_sfnames
 *(.debug_sfnames)

.debug_aranges
 *(.debug_aranges)

.debug_pubnames
 *(.debug_pubnames)

.debug_info
 *(.debug_info .gnu.linkonce.wi.*)

.debug_abbrev
 *(.debug_abbrev)

.debug_line
 *(.debug_line .debug_line.* .debug_line_end)

.debug_frame
 *(.debug_frame)

.debug_str
 *(.debug_str)

.debug_loc
 *(.debug_loc)

.debug_macinfo
 *(.debug_macinfo)

.debug_weaknames
 *(.debug_weaknames)

.debug_funcnames
 *(.debug_funcnames)

.debug_typenames
 *(.debug_typenames)

.debug_varnames
 *(.debug_varnames)

.debug_pubtypes
 *(.debug_pubtypes)

.debug_ranges
 *(.debug_ranges)

.debug_addr
 *(.debug_addr)

.debug_line_str
 *(.debug_line_str)

.debug_loclists
 *(.debug_loclists)

.debug_macro
 *(.debug_macro)

.debug_names
 *(.debug_names)

.debug_rnglists
 *(.debug_rnglists)

.debug_str_offsets
 *(.debug_str_offsets)

.debug_sup
 *(.debug_sup)

.gnu.attributes
 *(.gnu.attributes)

/DISCARD/
 *(.note.GNU-stack)
 *(.gnu_debuglink)
LOAD /home/janne/ebsdk/ebfw/obj/lx164/fsbmain.o
LOAD /home/janne/ebsdk/ebfw/obj/lx164/file.o
LOAD /home/janne/ebsdk/ebfw/obj/lx164/malloc.o
LOAD /home/janne/ebsdk/ebfw/obj/lx164/rtc.o
LOAD /home/janne/ebsdk/ebfw/obj/lx164/lib.a
LOAD /home/janne/ebsdk/ebfw/obj/lx164/stubs.a
LOAD /home/janne/ebsdk/ebfw/obj/lx164/fsbver.o
LOAD /home/janne/ebsdk/ebfw/obj/lx164//ether.a
LOAD /home/janne/ebsdk/ebfw/obj/lx164//ladebug.a
LOAD /home/janne/ebsdk/ebfw/library/unix/release/biosem.a
LOAD /home/janne/ebsdk/ebfw/obj/lx164//lib.a
LOAD /home/janne/ebsdk/ebfw/obj/lx164//stubs.a
LOAD /usr/alpha-linux-gnu/lib/libc.a
OUTPUT(/home/janne/ebsdk/ebfw/obj/lx164/fsb.elf elf64-alpha)
