Archive member included to satisfy reference by file (symbol)

/home/janne/ebsdk/ebfw/obj/lx164//ether.a(arp.o)
                              /home/janne/ebsdk/ebfw/obj/lx164/cmd.o (arp_show)
/home/janne/ebsdk/ebfw/obj/lx164//ether.a(edevice.o)
                              /home/janne/ebsdk/ebfw/obj/lx164/cmd.o (ether_device_print_stats)
/home/janne/ebsdk/ebfw/obj/lx164//ether.a(ethernet.o)
                              /home/janne/ebsdk/ebfw/obj/lx164//ether.a(arp.o) (ethernet_register_protocol)
/home/janne/ebsdk/ebfw/obj/lx164//ether.a(ip.o)
                              /home/janne/ebsdk/ebfw/obj/lx164//ether.a(arp.o) (own_ip_addr_unknown_address)
/home/janne/ebsdk/ebfw/obj/lx164//ether.a(net_buff.o)
                              /home/janne/ebsdk/ebfw/obj/lx164/main.o (etherbuffers)
/home/janne/ebsdk/ebfw/obj/lx164//ether.a(netboot.o)
                              /home/janne/ebsdk/ebfw/obj/lx164/cmd.o (netboot)
/home/janne/ebsdk/ebfw/obj/lx164//ether.a(netman.o)
                              /home/janne/ebsdk/ebfw/obj/lx164/cmd.o (netman_set_monitor_device)
/home/janne/ebsdk/ebfw/obj/lx164//ether.a(tftp.o)
                              /home/janne/ebsdk/ebfw/obj/lx164//ether.a(netboot.o) (tftp_load)
/home/janne/ebsdk/ebfw/obj/lx164//ether.a(udp.o)
                              /home/janne/ebsdk/ebfw/obj/lx164//ether.a(netman.o) (udp_init)
/home/janne/ebsdk/ebfw/obj/lx164//ether.a(DEC21040.o)
                              /home/janne/ebsdk/ebfw/obj/lx164//ether.a(netman.o) (DECchip_21040_device_register)
/home/janne/ebsdk/ebfw/obj/lx164//ether.a(am79c960.o)
                              /home/janne/ebsdk/ebfw/obj/lx164//ether.a(netman.o) (am79c960_device_register)
/home/janne/ebsdk/ebfw/obj/lx164//ether.a(bootp.o)
                              /home/janne/ebsdk/ebfw/obj/lx164//ether.a(netboot.o) (bootp_boot)
/home/janne/ebsdk/ebfw/obj/lx164//ladebug.a(kernel.o)
                              /home/janne/ebsdk/ebfw/obj/lx164/cmd.o (kinstall_breakpoints)
/home/janne/ebsdk/ebfw/obj/lx164//ladebug.a(readloop.o)
                              /home/janne/ebsdk/ebfw/obj/lx164//ladebug.a(kernel.o) (read_packets)
/home/janne/ebsdk/ebfw/obj/lx164//ladebug.a(kutil.o)
                              /home/janne/ebsdk/ebfw/obj/lx164//ladebug.a(kernel.o) (kutilinitbreaks)
/home/janne/ebsdk/ebfw/obj/lx164//ladebug.a(bptable.o)
                              /home/janne/ebsdk/ebfw/obj/lx164//ladebug.a(kernel.o) (bptinitialize)
/home/janne/ebsdk/ebfw/obj/lx164//ladebug.a(pkthandl.o)
                              /home/janne/ebsdk/ebfw/obj/lx164//ladebug.a(readloop.o) (ProcessPacket)
/home/janne/ebsdk/ebfw/obj/lx164//ladebug.a(pktutil.o)
                              /home/janne/ebsdk/ebfw/obj/lx164//ladebug.a(pkthandl.o) (ReadNetShort)
/home/janne/ebsdk/ebfw/library/unix/release/biosem.a(target.o)
                              /home/janne/ebsdk/ebfw/obj/lx164/io_port.o (SetupBiosGraphics)
/home/janne/ebsdk/ebfw/library/unix/release/biosem.a(control.o)
                              /home/janne/ebsdk/ebfw/library/unix/release/biosem.a(target.o) (ECInit)
/home/janne/ebsdk/ebfw/library/unix/release/biosem.a(hw.o)
                              /home/janne/ebsdk/ebfw/library/unix/release/biosem.a(control.o) (EHWGetMemLong)
/home/janne/ebsdk/ebfw/library/unix/release/biosem.a(iface.o)
                              /home/janne/ebsdk/ebfw/library/unix/release/biosem.a(control.o) (create_cpu)
/home/janne/ebsdk/ebfw/library/unix/release/biosem.a(cpp.o)
                              /home/janne/ebsdk/ebfw/library/unix/release/biosem.a(iface.o) (__nw__XUl)
/home/janne/ebsdk/ebfw/library/unix/release/biosem.a(bios.o)
                              /home/janne/ebsdk/ebfw/library/unix/release/biosem.a(hw.o) (EBBiosDataArea)
/home/janne/ebsdk/ebfw/library/unix/release/biosem.a(oper_cpp.o)
                              /home/janne/ebsdk/ebfw/library/unix/release/biosem.a(iface.o) (__vtbl_13MemoryOperand)
/home/janne/ebsdk/ebfw/library/unix/release/biosem.a(cpu.o)
                              /home/janne/ebsdk/ebfw/library/unix/release/biosem.a(iface.o) (__ct__3CpuXv)
/home/janne/ebsdk/ebfw/library/unix/release/biosem.a(instr.o)
                              /home/janne/ebsdk/ebfw/library/unix/release/biosem.a(cpu.o) (parse__16Arch_instructionXR3Cpu)
/home/janne/ebsdk/ebfw/library/unix/release/biosem.a(x86tbl.o)
                              /home/janne/ebsdk/ebfw/library/unix/release/biosem.a(instr.o) (operand_selector)
/home/janne/ebsdk/ebfw/obj/lx164//lib.a(asmstuff.o)
                              /home/janne/ebsdk/ebfw/obj/lx164/cmd.o (mb)
/home/janne/ebsdk/ebfw/obj/lx164//lib.a(lx164_io.o)
                              /home/janne/ebsdk/ebfw/obj/lx164/lx164mck.o (in_ioc_csr)
/home/janne/ebsdk/ebfw/obj/lx164//lib.a(lx164mem.o)
                              /home/janne/ebsdk/ebfw/obj/lx164/main.o (memdetect)
/home/janne/ebsdk/ebfw/obj/lx164//lib.a(iobusini.o)
[...]
Memory Configuration

Name             Origin             Length             Attributes
*default*        0x0000000000000000 0xffffffffffffffff

Linker script and memory map

LOAD /home/janne/ebsdk/ebfw/obj/lx164//dbmentry.o
Address of section .text-segment set to 0x900000
                [!provide]                        PROVIDE (__executable_start = SEGMENT_START ("text-segment", 0x10000))
                0x0000000000900000                . = SEGMENT_START ("text-segment", 0x10000)

.init           0x0000000000900000      0x110
 *(SORT_NONE(.init))
 .init          0x0000000000900000      0x110 /home/janne/ebsdk/ebfw/obj/lx164//dbmentry.o
                0x0000000000900000                __start

.text           0x0000000000900110    0x4b730
 *(.text.startup .text.startup.*)
 .text.startup  0x0000000000900110      0x514 /home/janne/ebsdk/ebfw/obj/lx164/main.o
                0x0000000000900110                main
 *(.text)
 .text          0x0000000000900624        0x0 /home/janne/ebsdk/ebfw/obj/lx164//dbmentry.o
 .text          0x0000000000900624      0x20c /home/janne/ebsdk/ebfw/obj/lx164/main.o
                0x0000000000900624                CommandExec
                0x00000000009006a8                Waitforever
                0x0000000000900708                SRM_hack_WakeUp
                0x000000000090073c                SRM_hack_Waitforever
                0x0000000000900818                EstablishInitData
 .text          0x0000000000900830      0xca4 /home/janne/ebsdk/ebfw/obj/lx164/dis.o
                0x0000000000900afc                dis
 .text          0x00000000009014d4      0xb24 /home/janne/ebsdk/ebfw/obj/lx164/ffexec.o
                0x00000000009014d4                ExecuteProgram
                0x00000000009015b0                PrintMem
                0x0000000000901850                CompareMem
                0x0000000000901a1c                ChangeMem
                0x0000000000901bc4                FillMem
                0x0000000000901bf0                PrintVersion
                0x0000000000901d80                jToPal
                0x0000000000901f38                get_bootadr
                0x0000000000901fc8                halt_code_string
 .text          0x0000000000901ff8     0x2b10 /home/janne/ebsdk/ebfw/obj/lx164/cmd.o
                0x0000000000904974                Lookup
 .text          0x0000000000904b08     0x1030 /home/janne/ebsdk/ebfw/obj/lx164/console.o
                0x0000000000904c80                get_command
                0x0000000000905a50                kbdcontinue
                0x0000000000905ad0                CheckForChar
 .text          0x0000000000905b38      0x49c /home/janne/ebsdk/ebfw/obj/lx164/uart.o
                0x0000000000905b38                UartInitLine
                0x0000000000905d20                UartCharAv
                0x0000000000905d54                UartGetChar
                0x0000000000905d84                UartGetNextChar
                0x0000000000905e34                UartPutChar
                0x0000000000905ed0                UartFlushReadBuffer
                0x0000000000905f28                putcLpt
 .text          0x0000000000905fd4      0x15c /home/janne/ebsdk/ebfw/obj/lx164/sromport.o
                0x0000000000905fd4                SromCharav
                0x0000000000905fdc                SromGetChar
                0x0000000000906020                SromPutChar
                0x0000000000906084                SromPortInit
 .text          0x0000000000906130     0x10ac /home/janne/ebsdk/ebfw/obj/lx164/io_port.o
                0x0000000000906130                PutChar
                0x00000000009061f4                PortsPutChar
                0x000000000090629c                PortsGetChar
                0x00000000009064a0                UngetChar
                0x00000000009064d8                CharAv
                0x0000000000906570                RawGetChar
                0x00000000009065f8                GetChar
                0x000000000090669c                FlushChar
                0x0000000000906718                PortsFlushChar
                0x0000000000906790                InitCommPorts
                0x000000000090688c                console_video_init
                0x0000000000906a48                console_port_init
                0x0000000000906c80                PortIDToString
                0x0000000000906cb8                StringToPortID
                0x0000000000906d5c                InitTty
                0x0000000000906dec                ctty
                0x0000000000906f58                tip
 .text          0x00000000009071dc      0x568 /home/janne/ebsdk/ebfw/obj/lx164/file.o
                0x00000000009071dc                LoadAFile
                0x000000000090731c                FileWriteRange
                0x0000000000907438                FileDirectory
                0x0000000000907550                FileCopy
 .text          0x0000000000907744      0x454 /home/janne/ebsdk/ebfw/obj/lx164/malloc.o
                0x0000000000907744                free
                0x0000000000907808                init_storage_pool
                0x00000000009078f8                malloc
                0x0000000000907a24                realloc
                0x0000000000907ac4                malloc_summary
 .text          0x0000000000907b98      0x670 /home/janne/ebsdk/ebfw/obj/lx164/rtc.o
                0x0000000000907ce8                time
                0x0000000000907e20                printDate
                0x0000000000907e7c                InitRTC
                0x0000000000908004                setDate
 .text          0x0000000000908208      0x320 /home/janne/ebsdk/ebfw/obj/lx164/mouse.o
                0x0000000000908208                IsMousePresent
 .text          0x0000000000908528      0x5e4 /home/janne/ebsdk/ebfw/obj/lx164/xmodem.o
                0x0000000000908680                XReceive
 .text          0x0000000000908b0c      0x74c /home/janne/ebsdk/ebfw/obj/lx164/lx164mck.o
                0x0000000000908b0c                DumpLogout
                0x0000000000908cb4                DumpShortLogout
                0x0000000000908d44                ParseLogout
                0x00000000009090bc                SetMcheckSystem
 *fill*         0x0000000000909258        0x8 0000fe2f1f04ff47
 .text          0x0000000000909260       0x30 /home/janne/ebsdk/ebfw/obj/lx164/ladbxusr.o
                0x0000000000909260                ladbx_poll
 .text          0x0000000000909290       0x78 /home/janne/ebsdk/ebfw/obj/lx164/dpml.o
                0x0000000000909290                __dpml_exception
                0x00000000009092cc                __dpml_capture_context
 .text          0x0000000000909308        0x0 /home/janne/ebsdk/ebfw/obj/lx164/dbmver.o
 .text          0x0000000000909308      0x918 /home/janne/ebsdk/ebfw/obj/lx164//ether.a(arp.o)
                0x00000000009096a8                arp_init
                0x0000000000909740                arp_set_device_addr
                0x000000000090977c                arp_resolve
                0x0000000000909a70                arp_init_module
                0x0000000000909aa8                arp_show
 .text          0x0000000000909c20      0x56c /home/janne/ebsdk/ebfw/obj/lx164//ether.a(edevice.o)
                0x0000000000909c20                ether_device_init
                0x0000000000909c90                ether_device_read
                0x0000000000909d20                ether_device_write
                0x0000000000909d94                ether_device_print_stats
                0x0000000000909e00                ether_device_preg
                0x0000000000909e6c                ether_device_clear_interrupts
                0x0000000000909ed8                ether_device_get_hw_address
                0x0000000000909f48                ether_device_stop
                0x0000000000909fb4                ether_device_register
                0x000000000090a064                ether_device_init_module
                0x000000000090a08c                ether_device_show
 .text          0x000000000090a18c      0x794 /home/janne/ebsdk/ebfw/obj/lx164//ether.a(ethernet.o)
                0x000000000090a18c                ethernet_register_protocol
                0x000000000090a2c8                ethernet_input
                0x000000000090a3e4                ethernet_process_one_packet
                0x000000000090a468                ethernet_write
                0x000000000090a570                ethernet_data_offset
                0x000000000090a578                ethernet_printpacket
                0x000000000090a868                ethernet_printaddress
                0x000000000090a8d8                ntoh
 .text          0x000000000090a920      0x6f4 /home/janne/ebsdk/ebfw/obj/lx164//ether.a(ip.o)
                0x000000000090ab88                ip_init
                0x000000000090ac2c                ip_set_device_addr
                0x000000000090aca0                ip_register_protocol
                0x000000000090ad54                ip_write
                0x000000000090af54                ip_data_offset
                0x000000000090af84                ip_get_device_address
                0x000000000090afd0                ip_printaddress
 .text          0x000000000090b014       0x38 /home/janne/ebsdk/ebfw/obj/lx164//ether.a(net_buff.o)
                0x000000000090b014                net_buffer_init_module
                0x000000000090b030                net_buffer_alloc
 .text          0x000000000090b04c      0x264 /home/janne/ebsdk/ebfw/obj/lx164//ether.a(netboot.o)
                0x000000000090b04c                netboot
 .text          0x000000000090b2b0      0x2e8 /home/janne/ebsdk/ebfw/obj/lx164//ether.a(netman.o)
                0x000000000090b2b0                netman_set_monitor_device
                0x000000000090b2e0                netman_setup
                0x000000000090b400                netman_start_monitor_device
                0x000000000090b498                netman_stop_monitor_device
                0x000000000090b4e8                netman_stop_all_devices
                0x000000000090b574                netman_monitor_device_started
 .text          0x000000000090b598      0xa90 /home/janne/ebsdk/ebfw/obj/lx164//ether.a(tftp.o)
                0x000000000090bc7c                tftp_load
                0x000000000090bff0                tftp_init_module
 .text          0x000000000090c028      0x808 /home/janne/ebsdk/ebfw/obj/lx164//ether.a(udp.o)
                0x000000000090c3f8                udp_init
                0x000000000090c490                udp_register_well_known_port
                0x000000000090c4a4                udp_create_port
                0x000000000090c4fc                udp_delete_port
                0x000000000090c5b0                udp_write
                0x000000000090c800                udp_data_offset
 .text          0x000000000090c830     0x312c /home/janne/ebsdk/ebfw/obj/lx164//ether.a(DEC21040.o)
                0x000000000090f24c                DECchip_21040_device_register
                0x000000000090f4a0                DECchip_21040_device_init_module
 .text          0x000000000090f95c     0x1934 /home/janne/ebsdk/ebfw/obj/lx164//ether.a(am79c960.o)
                0x0000000000910ecc                am79c960_device_register
                0x0000000000911088                am79c960_device_init_module
 .text          0x0000000000911290      0x554 /home/janne/ebsdk/ebfw/obj/lx164//ether.a(bootp.o)
                0x0000000000911428                bootp_boot
                0x00000000009117ac                bootp_init_module
 .text          0x00000000009117e4     0x1238 /home/janne/ebsdk/ebfw/obj/lx164//ladebug.a(kernel.o)
                0x00000000009117e4                kinitpalentry
                0x0000000000911810                kinstall_breakpoints
                0x0000000000911908                kprint_breakpoints
                0x00000000009119a0                restore_breakpoint_instrs
                0x0000000000911b74                ktrap
                0x0000000000911f40                kload_implemented
                0x0000000000911f48                kload
                0x0000000000911f50                kconnect_implemented
                0x0000000000911f58                kconnect
                0x0000000000911f60                kkill_possible
                0x0000000000911f68                kkill
                0x0000000000911f6c                kdetach_possible
                0x0000000000911f74                kdetach
                0x0000000000911f78                kpid
                0x0000000000911f80                kreenter
                0x000000000091207c                kstop
                0x00000000009120f8                kpoll
                0x000000000091210c                kaddressok
                0x0000000000912118                kcexamine
                0x0000000000912120                kcdeposit
                0x0000000000912204                kbreak
                0x0000000000912264                kremovebreak
                0x00000000009122a4                kremoveallbreak
                0x0000000000912310                kpc
                0x0000000000912328                ksetpc
                0x0000000000912340                kregister
                0x0000000000912524                kgo
                0x00000000009125e4                knext
                0x0000000000912630                kstep
                0x000000000091267c                ksetreg
                0x0000000000912698                kenableserver
                0x0000000000912734                kstart
                0x00000000009127a0                kinitdebugger
                0x0000000000912838                printReg
                0x00000000009129f4                changeReg
 .text          0x0000000000912a1c      0x648 /home/janne/ebsdk/ebfw/obj/lx164//ladebug.a(readloop.o)
                0x0000000000912ae0                read_packets
                0x0000000000912b40                data_received
                0x0000000000912be0                this_client_is_connected
                0x0000000000912d38                a_client_is_connected
                0x0000000000912d4c                set_connected
                0x0000000000912e08                disconnect_client
                0x0000000000912e7c                enable_ladbx_msg
                0x0000000000912f9c                app_poll
                0x000000000091302c                ladbx_server_init_module
 *fill*         0x0000000000913064        0xc 0000fe2f1f04ff47
 .text          0x0000000000913070      0x870 /home/janne/ebsdk/ebfw/obj/lx164//ladebug.a(kutil.o)
                0x0000000000913880                kutilinitbreaks
 .text          0x00000000009138e0      0x308 /home/janne/ebsdk/ebfw/obj/lx164//ladebug.a(bptable.o)
                0x00000000009138e0                bptinitialize
                0x0000000000913910                bptmodify
                0x0000000000913974                bptinsert
                0x0000000000913a28                bptremove
                0x0000000000913ab8                bptgetn
                0x0000000000913b18                bptgeta
                0x0000000000913b80                bptisbreakat
                0x0000000000913bd0                bptfull
 .text          0x0000000000913be8      0x9bc /home/janne/ebsdk/ebfw/obj/lx164//ladebug.a(pkthandl.o)
                0x0000000000913be8                ProcessPacket
 .text          0x00000000009145a4      0x104 /home/janne/ebsdk/ebfw/obj/lx164//ladebug.a(pktutil.o)
                0x00000000009145a4                ReadNetShort
                0x00000000009145b8                ReadNetInt
                0x00000000009145e4                WriteNetShort
                0x00000000009145f4                WriteNetInt
                0x0000000000914614                ReadLocalInt
                0x0000000000914630                ReadLocalLong
                0x0000000000914648                WriteLocalInt
                0x0000000000914668                WriteLocalLong
 *fill*         0x00000000009146a8        0x8 0000fe2f1f04ff47
 .text          0x00000000009146b0      0xd10 /home/janne/ebsdk/ebfw/library/unix/release/biosem.a(target.o)
                0x00000000009146b0                ETAGetMemByte
                0x0000000000914700                ETAGetMemWord
                0x0000000000914750                ETAGetMemLong
                0x00000000009147a0                ETAGetIoByte
                0x00000000009147f0                ETAGetIoWord
                0x0000000000914840                ETAGetIoLong
                0x0000000000914890                ETAPutMemByte
                0x00000000009148d0                ETAPutMemWord
                0x0000000000914910                ETAPutMemLong
                0x0000000000914950                ETAPutIoByte
                0x0000000000914990                ETAPutIoWord
                0x00000000009149d0                ETAPutIoLong
                0x0000000000914a10                ETAGetMemByteSpecial
                0x0000000000914a60                ETAGetMemWordSpecial
                0x0000000000914ab0                ETAGetMemLongSpecial
                0x0000000000914b00                ETAInit
                0x0000000000914b10                ETADisplayString
                0x0000000000914b60                ETAGetPciConfigByte
                0x0000000000914bc0                ETAGetPciConfigWord
                0x0000000000914c20                ETAGetPciConfigLong
                0x0000000000914c80                ETAPutPciConfigByte
                0x0000000000914ce0                ETAPutPciConfigWord
                0x0000000000914d40                ETAPutPciConfigLong
                0x0000000000914da0                ETAGetTime
                0x0000000000914f10                ETAGetKeyboardInput
                0x0000000000914f40                ETACheckKeyboardInput
                0x0000000000914f70                ETAAllocateRam
                0x0000000000914fb0                ETAFreeRam
                0x0000000000914ff0                ETAAllocatePermanentRam
                0x0000000000915030                ETAFreePermanentRam
                0x0000000000915070                SetupBiosGraphics
                0x0000000000915230                StartBiosEmulator
 .text          0x00000000009153c0      0x760 /home/janne/ebsdk/ebfw/library/unix/release/biosem.a(control.o)
                0x00000000009153c0                ECInit
                0x0000000000915560                ECHwInt
                0x0000000000915580                ECFarCall
                0x0000000000915750                ECSwInt
                0x0000000000915910                ECSetVector
                0x0000000000915960                ECGetVector
                0x00000000009159f0                ECRegAXPFunc
                0x0000000000915ac0                ECReleaseAXPFunc
                0x0000000000915af0                ECGetAXPFunc
 .text          0x0000000000915b20     0x2bb0 /home/janne/ebsdk/ebfw/library/unix/release/biosem.a(hw.o)
                0x0000000000915b20                EHWGetMemByte
                0x0000000000915ca0                EHWGetMemWord
                0x0000000000915eb0                EHWGetMemLong
                0x0000000000916110                EHWGetIoByte
                0x0000000000916240                EHWGetIoWord
                0x00000000009163f0                EHWGetIoLong
                0x0000000000916600                EHWPutMemByte
                0x0000000000916780                EHWPutMemWord
                0x0000000000916970                EHWPutMemLong
                0x0000000000916ba0                EHWPutIoByte
                0x0000000000916cc0                EHWPutIoWord
                0x0000000000916e50                EHWPutIoLong
                0x0000000000917020                EHWIsAddressIntel
                0x0000000000917070                EHWInit
                0x00000000009175b0                EHWInitHash
                0x0000000000917660                EHWSearchForRegion
                0x00000000009176e0                EHWLocateRegion
                0x0000000000917760                EHWLocateIoRegion
                0x00000000009177f0                EHWAddMemRegion
                0x0000000000917d60                EHWDoPeriodicWork
                0x0000000000917dd0                EHWUpdateTimer
                0x0000000000918090                EHWGetTargetAddress
                0x00000000009180f0                EHWDiagPortAccess
                0x0000000000918250                EHWPciMechanism1
 .text          0x00000000009186d0     0x31f0 /home/janne/ebsdk/ebfw/library/unix/release/biosem.a(iface.o)
                0x000000000091b440                FatalError__XPCc
                0x000000000091b460                create_cpu
                0x000000000091b4c0                get_cpu_state_ptr
                0x000000000091b520                delete_cpu
                0x000000000091b620                cpu_init
                0x000000000091b660                sw_interrupt
                0x000000000091b6a0                far_call
                0x000000000091b6f0                near_call
                0x000000000091b730                far_jump
                0x000000000091b780                near_jump
                0x000000000091b7c0                far_ret
                0x000000000091b800                near_ret
                0x000000000091b840                iret
                0x000000000091b880                dump_cpu
 .text          0x000000000091b8c0       0xa0 /home/janne/ebsdk/ebfw/library/unix/release/biosem.a(cpp.o)
                0x000000000091b8c0                __nw__XUl
                0x000000000091b910                __dl__XPv
                0x000000000091b950                atexit
 .text          0x000000000091b960     0x2a00 /home/janne/ebsdk/ebfw/library/unix/release/biosem.a(bios.o)
                0x000000000091b960                EBInit
                0x000000000091c080                EBLocateExtensionRoms
                0x000000000091c950                EBInitExtensionRoms
                0x000000000091ca60                EBDisplayIdBanner
                0x000000000091cb90                EBAXPTrapAddress
                0x000000000091cbb0                EBIllegalVector
                0x000000000091cbd0                EBUnhookedHwVector
                0x000000000091cbf0                EBTimerIsr
                0x000000000091cc10                RamChecksum
                0x000000000091cc60                RomChecksum
                0x000000000091ccf0                EBStrCat
                0x000000000091cd80                EBStrCpy
                0x000000000091cdf0                EBStrLen
                0x000000000091ce40                EBInt5
                0x000000000091ce60                EBInt10
                0x000000000091cef0                EBInt11
                0x000000000091cf10                EBInt12
                0x000000000091cf60                EBInt13
                0x000000000091d060                EBInt14
                0x000000000091d0c0                EBInt15
                0x000000000091d250                EBInt17
                0x000000000091d2a0                EBInt19
                0x000000000091d2c0                EBInt1A
                0x000000000091d420                EBInt1APci
                0x000000000091de90                EBSetStackZf
                0x000000000091df30                EBClearStackZf
                0x000000000091dfd0                EBSetStackCf
                0x000000000091e070                EBClearStackCf
                0x000000000091e110                EBFindFreeBiosSpace
 .text          0x000000000091e360     0x3080 /home/janne/ebsdk/ebfw/library/unix/release/biosem.a(oper_cpp.o)
                0x0000000000921010                sprint__C13MemoryOperandXPc
 .text          0x00000000009213e0     0xe240 /home/janne/ebsdk/ebfw/library/unix/release/biosem.a(cpu.o)
                0x0000000000924b10                __ct__3CpuXv
                0x0000000000925700                memory_address__3CpuXUiUi
                0x0000000000925730                get_next_istream_double__3CpuXv
                0x00000000009257c0                get_next_istream_word__3CpuXv
                0x0000000000925850                get_next_istream_byte__3CpuXv
                0x00000000009258e0                get_next_istream_ubyte__3CpuXv
                0x0000000000925970                dump_regs__3CpuXv
                0x0000000000925ac0                set_eflags_from_mask__3CpuXUii
                0x0000000000925b90                make_mask_from_eflags__3CpuXv
                0x0000000000925c60                set_cr0__3CpuXUi
                0x0000000000925cb0                reset__3CpuXv
                0x0000000000925e40                execute__3CpuXv
                0x0000000000926360                execute_instruction__3CpuXR16Arch_instruction
                0x000000000092dde0                pop_double__3CpuXv
                0x000000000092e050                pop_word__3CpuXv
                0x000000000092e2c0                push_double__3CpuXi
                0x000000000092e500                push_word__3CpuXi
                0x000000000092e6a0                IoReadPort__Xi10FIELD_SIZE
                0x000000000092e780                IoWritePort__Xii10FIELD_SIZE
                0x000000000092e840                init__3CpuXv
                0x000000000092e920                sw_interrupt__3CpuXi
                0x000000000092eb80                far_call__3CpuXsi
                0x000000000092ed20                near_call__3CpuXi
                0x000000000092ee70                far_jump__3CpuXsi
                0x000000000092eff0                near_jump__3CpuXi
                0x000000000092f140                near_ret__3CpuXi
                0x000000000092f2c0                far_ret__3CpuXi
                0x000000000092f480                iret__3CpuXv
 .text          0x000000000092f620     0x5500 /home/janne/ebsdk/ebfw/library/unix/release/biosem.a(instr.o)
                0x0000000000932df0                parse__16Arch_instructionXR3Cpu
                0x00000000009340c0                sprint__C16Arch_instructionXPc
                0x0000000000934340                print__C16Arch_instructionXv
                0x0000000000934380                init__16Arch_instructionXv
                0x0000000000934430                initialize_operand_register__16Arch_instructionXR3CpuRC23Arch_operand_descriptor
                0x0000000000934510                initialize_operand_constant__16Arch_instructionXR3CpuRC23Arch_operand_descriptori
                0x00000000009345b0                initialize_operand_constant__16Arch_instructionXR3CpuRC23Arch_operand_descriptorii
                0x0000000000934660                initialize_operand_constant__16Arch_instructionXR3CpuRC23Arch_operand_descriptorPCv
                0x0000000000934700                initialize_operand_memory__16Arch_instructionXR3CpuRC23Arch_operand_descriptor4Kind4Kindi4Kindi4Kind
 .text          0x0000000000934b20      0x330 /home/janne/ebsdk/ebfw/obj/lx164//lib.a(asmstuff.o)
                0x0000000000934b20                __main
                0x0000000000934b30                mb
                0x0000000000934b40                imb
                0x0000000000934b50                rpcc
                0x0000000000934b60                getsp
                0x0000000000934b70                cServe
                0x0000000000934b80                wrfen
                0x0000000000934b90                swppal
                0x0000000000934ba0                halt
                0x0000000000934bb0                wait_cycles
                0x0000000000934be0                swpipl
                0x0000000000934bf0                wrmces
                0x0000000000934c00                rdmces
                0x0000000000934c10                CleanBCache
                0x0000000000934c30                UnalignedReadB
                0x0000000000934c40                UnalignedReadW
                0x0000000000934c60                UnalignedReadL
                0x0000000000934c80                UnalignedReadQ
                0x0000000000934ca0                UnalignedWriteB
                0x0000000000934cd0                UnalignedWriteW
                0x0000000000934d10                UnalignedWriteL
                0x0000000000934d40                UnalignedWriteQ
                0x0000000000934d70                UnalignedReadFloat
                0x0000000000934da0                UnalignedReadDouble
                0x0000000000934dd0                UnalignedWriteFloat
                0x0000000000934e10                UnalignedWriteDouble
 .text          0x0000000000934e50      0xcbc /home/janne/ebsdk/ebfw/obj/lx164//lib.a(lx164_io.o)
                0x0000000000934e50                out_ioc_csr
                0x0000000000934e90                in_ioc_csr
                0x0000000000934eac                out_ioc_pci
                0x0000000000934eec                outportb
                0x0000000000934f44                outportw
                0x0000000000934fa0                outportl
                0x0000000000934ff4                outcfgb
                0x00000000009350d8                outcfgw
                0x00000000009351c0                outcfgl
                0x000000000093529c                inportb
                0x00000000009352d0                inportw
                0x0000000000935308                inportl
                0x0000000000935334                incfgb
                0x00000000009353fc                incfgw
                0x00000000009354c8                incfgl
                0x0000000000935588                outmemb
                0x00000000009355e8                outmemw
                0x0000000000935648                outmeml
                0x000000000093569c                indmemb
                0x00000000009356c4                indmemw
                0x00000000009356ec                indmeml
                0x0000000000935708                outdmemb
                0x0000000000935760                outdmemw
                0x00000000009357f8                outdmeml
                0x000000000093583c                inmemb
                0x0000000000935870                inmemw
                0x00000000009358a8                inmeml
                0x00000000009358d4                SetHAE
                0x0000000000935924                inIack
                0x0000000000935934                PCIBusInit
                0x00000000009359c8                ISABusInit
                0x0000000000935a9c                outLed
                0x0000000000935ab8                IOPCIClearNODEV
 .text          0x0000000000935b0c      0x2f0 /home/janne/ebsdk/ebfw/obj/lx164//lib.a(lx164mem.o)
                0x0000000000935b58                in_mem_mcr
                0x0000000000935b70                in_mem_gcr
                0x0000000000935b88                memdetect
                0x0000000000935c74                wr_bcache
 .text          0x0000000000935dfc       0x60 /home/janne/ebsdk/ebfw/obj/lx164//lib.a(iobusini.o)
                0x0000000000935dfc                IOBusInit
 .text          0x0000000000935e5c      0x29c /home/janne/ebsdk/ebfw/obj/lx164//lib.a(beep.o)
                0x0000000000935e5c                tone
                0x0000000000935f34                Beep
                0x0000000000935ff4                BeepCode
 .text          0x00000000009360f8      0x208 /home/janne/ebsdk/ebfw/obj/lx164//lib.a(time.o)
                0x00000000009360f8                gettime
                0x0000000000936128                localtime
                0x0000000000936204                usleep
                0x0000000000936240                msleep
                0x00000000009362a4                sleep
 .text          0x0000000000936300      0x38c /home/janne/ebsdk/ebfw/obj/lx164//lib.a(initdata.o)
                0x0000000000936300                initdata
                0x00000000009364ec                DumpSysData
 .text          0x000000000093668c      0x1e8 /home/janne/ebsdk/ebfw/obj/lx164//lib.a(fsboot.o)
                0x000000000093668c                fsboot
 .text          0x0000000000936874      0x7a4 /home/janne/ebsdk/ebfw/obj/lx164//lib.a(fileio.o)
                0x0000000000936938                fgetc
                0x00000000009369c8                fungetc
                0x0000000000936a08                fread
                0x0000000000936a78                fputc
                0x0000000000936b24                fwrite
                0x0000000000936b94                fclose
                0x0000000000936be8                feof
                0x0000000000936bf0                perror
                0x0000000000936d20                fdir
                0x0000000000936d74                fload
                0x0000000000936dbc                fdr
                0x0000000000936e18                MapLogicalToPhysicalDevice
                0x0000000000936e84                fopen
                0x0000000000936f84                fcd
 .text          0x0000000000937018     0x2a68 /home/janne/ebsdk/ebfw/obj/lx164//lib.a(fatdrv.o)
                0x00000000009388b4                AllocateFloppyDrive
                0x0000000000938980                Shutdown
                0x000000000093975c                ReadWriteRawSector
                0x0000000000939854                ReadWriteSectors
 .text          0x0000000000939a80      0x150 /home/janne/ebsdk/ebfw/obj/lx164//lib.a(ident.o)
                0x0000000000939a80                ident
 .text          0x0000000000939bd0      0x12c /home/janne/ebsdk/ebfw/obj/lx164//lib.a(int.o)
                0x0000000000939bd0                intr_enable
 .text          0x0000000000939cfc      0xac4 /home/janne/ebsdk/ebfw/obj/lx164//lib.a(kbd.o)
                0x0000000000939f90                kbd_init
                0x000000000093a360                kbd_charav
                0x000000000093a780                kbd_getc
 .text          0x000000000093a7c0      0x9b4 /home/janne/ebsdk/ebfw/obj/lx164//lib.a(memtest.o)
                0x000000000093acd0                memtest
 .text          0x000000000093b174      0x148 /home/janne/ebsdk/ebfw/obj/lx164//lib.a(pr.o)
                0x000000000093b174                PQ
                0x000000000093b1ac                PL
                0x000000000093b1e4                PW
                0x000000000093b21c                PB
                0x000000000093b254                PutSpace
                0x000000000093b288                PutCR
 .text          0x000000000093b2bc     0x118c /home/janne/ebsdk/ebfw/obj/lx164//lib.a(printf.o)
                0x000000000093c23c                printf
                0x000000000093c30c                sprintf
                0x000000000093c39c                vprintf
                0x000000000093c3c8                fprintf
 .text          0x000000000093c448       0x7c /home/janne/ebsdk/ebfw/obj/lx164//lib.a(puts.o)
                0x000000000093c448                puts
 .text          0x000000000093c4c4      0x24c /home/janne/ebsdk/ebfw/obj/lx164//lib.a(strtoul.o)
                0x000000000093c4c4                strtoul64
                0x000000000093c694                strtoul
                0x000000000093c6a8                strtol
                0x000000000093c6bc                atoi
                0x000000000093c6f4                atol
 .text          0x000000000093c710     0x1088 /home/janne/ebsdk/ebfw/obj/lx164//lib.a(rom.o)
                0x000000000093cdfc                read_rom
                0x000000000093d404                list_rom_headers
                0x000000000093d71c                romimage_size
 .text          0x000000000093d798      0x9c0 /home/janne/ebsdk/ebfw/obj/lx164//lib.a(romhead.o)
                0x000000000093d798                fwid_match
                0x000000000093d8d8                fwid_dump
                0x000000000093d9b4                ostype_match_i
                0x000000000093d9e8                fwid_match_i
                0x000000000093da4c                ostype_match
                0x000000000093dbdc                ostype_dump
                0x000000000093dcbc                compute_romh_chksum
                0x000000000093dd04                dumpHeader
                0x000000000093e060                HasRomSignature
                0x000000000093e0b8                IsHeaderValid
 .text          0x000000000093e158      0x34c /home/janne/ebsdk/ebfw/obj/lx164//lib.a(search.o)
                0x000000000093e158                ParseVal
                0x000000000093e290                search
 .text          0x000000000093e4a4     0x11d8 /home/janne/ebsdk/ebfw/obj/lx164//lib.a(vga.o)
                0x000000000093e4a4                wrDacReg
                0x000000000093e4e0                wrTitanReg
                0x000000000093e51c                wrDubicReg
                0x000000000093e558                rdTitanReg
                0x000000000093e590                SetVgaEn
                0x000000000093e7cc                locate_matrox
                0x000000000093e8d8                vgalcgen
                0x000000000093ecb0                vgaerase
                0x000000000093ed28                vgasetup
                0x000000000093ed64                vgasetloc
                0x000000000093ee18                vgainit
                0x000000000093f448                vgaputc
 .text          0x000000000093f67c        0x0 /home/janne/ebsdk/ebfw/obj/lx164//lib.a(vgafont.o)
 .text          0x000000000093f67c        0x0 /home/janne/ebsdk/ebfw/obj/lx164//lib.a(xlate.o)
 .text          0x000000000093f67c     0x17cc /home/janne/ebsdk/ebfw/obj/lx164//lib.a(pci.o)
                0x000000000093f67c                PCISetDeviceConfig
                0x000000000093f930                PCIQueryDevice
                0x000000000093fa44                PCI_allocate_bus
                0x000000000093fa98                PCIAllocateSpace
                0x000000000093fdb4                PCIScanBus
                0x00000000009401b8                PCIInit
                0x0000000000940278                PCIDeviceFind
                0x00000000009402b0                PCIDeviceFindNext
                0x00000000009402e4                PCIShowDevice
                0x000000000094078c                PCIShowBus
                0x000000000094086c                PCIShow
                0x00000000009408b8                PCIValidAddress
                0x00000000009408d4                PCIMapAddress
                0x00000000009408f8                PCIDevicePresent
                0x0000000000940960                PCIDumpDevice
                0x0000000000940adc                PCIGetNumberOfBusses
                0x0000000000940af4                InPciCfgB
                0x0000000000940b80                InPciCfgW
                0x0000000000940c10                InPciCfgL
                0x0000000000940c98                OutPciCfgB
                0x0000000000940d28                OutPciCfgW
                0x0000000000940db8                OutPciCfgL
 .text          0x0000000000940e48      0xc98 /home/janne/ebsdk/ebfw/obj/lx164//lib.a(mflash.o)
                0x00000000009414d4                flash_main
 .text          0x0000000000941ae0      0x444 /home/janne/ebsdk/ebfw/obj/lx164//lib.a(28f008sa.o)
                0x0000000000941e74                I28F008SA_Initialize
 .text          0x0000000000941f24      0x6e4 /home/janne/ebsdk/ebfw/obj/lx164//lib.a(29f040.o)
                0x00000000009423d8                Am29F040_Initialize
                0x00000000009424f0                Am29F080_Initialize
 .text          0x0000000000942608     0x16f0 /home/janne/ebsdk/ebfw/obj/lx164//lib.a(tga.o)
                0x0000000000942608                FwInitializeDigitalTGA
                0x0000000000943704                FwOutputCharacter
                0x0000000000943a2c                tgaputc
                0x0000000000943c1c                tgaerasedisplay
                0x0000000000943ca4                tgasetup
 .text          0x0000000000943cf8      0x114 /home/janne/ebsdk/ebfw/obj/lx164//lib.a(string.o)
                0x0000000000943cf8                memcpy
                0x0000000000943d24                memcmp
                0x0000000000943d74                memset
                0x0000000000943d98                memchr
                0x0000000000943dcc                strlen
                0x0000000000943de8                bzero
 .text          0x0000000000943e0c      0x2a4 /home/janne/ebsdk/ebfw/obj/lx164//lib.a(ctype.o)
                0x0000000000943e0c                isalnum
                0x0000000000943e3c                isalpha
                0x0000000000943e70                isascii
                0x0000000000943ea4                iscntrl
                0x0000000000943ed8                isdigit
                0x0000000000943f0c                isgraph
                0x0000000000943f40                islower
                0x0000000000943f74                isprint
                0x0000000000943fa8                ispunct
                0x0000000000943fdc                isspace
                0x0000000000944010                isupper
                0x0000000000944044                isxdigit
                0x0000000000944078                tolower
                0x0000000000944094                toupper
 .text          0x00000000009440b0      0x26c /home/janne/ebsdk/ebfw/obj/lx164//lib.a(ftype.o)
                0x00000000009440b0                isfinite
                0x00000000009440d4                isfinitef
                0x00000000009440f4                isnan
                0x0000000000944138                isnanf
                0x0000000000944170                ftype
                0x000000000094425c                ftypef
 .text          0x000000000094431c      0x118 /home/janne/ebsdk/ebfw/obj/lx164//lib.a(rand.o)
                0x000000000094431c                random
                0x00000000009443ec                srandom
                0x0000000000944408                rand
                0x000000000094441c                srand
 .text          0x0000000000944434      0x75c /home/janne/ebsdk/ebfw/obj/lx164//lib.a(smc.o)
                0x000000000094455c                SMCEnablePARP
                0x000000000094467c                SMCInit
 .text          0x0000000000944b90       0x34 /home/janne/ebsdk/ebfw/obj/lx164//lib.a(sum.o)
                0x0000000000944b90                ChecksumMem
 .text          0x0000000000944bc4      0x584 /home/janne/ebsdk/ebfw/obj/lx164//lib.a(mcheck.o)
                0x0000000000944bc4                SetMcheck
                0x0000000000944d90                SCB_vector_string
                0x0000000000944dfc                UnexpectedInterruptHandler
                0x0000000000945050                ConfigStateID
 .text          0x0000000000945148       0x90 /home/janne/ebsdk/ebfw/obj/lx164//lib.a(isa_dma.o)
                0x0000000000945148                EnableIsaDmaChannel
 .text          0x00000000009451d8     0x1a74 /home/janne/ebsdk/ebfw/obj/lx164//lib.a(memt.o)
                0x00000000009451d8                bw_int_ld
                0x00000000009452d0                bw_int_store
                0x0000000000945348                bw_int_copyi
                0x0000000000945410                bw_double_ld
                0x0000000000945588                bw_double_store
                0x00000000009455d8                bw_double_copyi
                0x00000000009456a0                bw_double_copy
                0x0000000000945780                bw_int_copy
                0x0000000000945860                bw_memset
                0x00000000009458cc                bw_memchr
                0x0000000000945938                bw_memcmp
                0x00000000009459f8                bw_memcpy
                0x0000000000945ab8                measure_clock_
                0x0000000000945ae4                cpu_time_
                0x0000000000945c18                start_timing
                0x0000000000945c2c                end_timing
                0x0000000000945c40                allocate_memory
                0x0000000000945c60                bash
                0x0000000000945de8                bash_loop
                0x0000000000945e20                store_bash_loop
                0x0000000000945e50                store_bash
                0x0000000000946028                usage
                0x00000000009460d8                arg_to_int
                0x00000000009461e4                bw_driver
                0x0000000000946448                mt
 .text          0x0000000000946c4c      0xb60 /home/janne/ebsdk/ebfw/obj/lx164//lib.a(floppy.o)
                0x0000000000946ed8                SpinDownFloppyDrive
                0x0000000000946f1c                InitializeFloppyDrive
                0x00000000009474f4                ReadLogicalSector
                0x0000000000947588                WriteLogicalSector
                0x000000000094761c                init_pic
 .text          0x00000000009477ac      0xed0 /home/janne/ebsdk/ebfw/obj/lx164//lib.a(scanf.o)
                0x0000000000947dd0                CharIsInClass
                0x0000000000947e94                AfterCharClass
                0x0000000000948498                scanf
                0x0000000000948550                sscanf
                0x00000000009485ec                fscanf
 .text          0x000000000094867c      0x39c /home/janne/ebsdk/ebfw/obj/lx164//lib.a(atof.o)
                0x0000000000948704                atof
 .text          0x0000000000948a18      0x1e4 /home/janne/ebsdk/ebfw/obj/lx164//lib.a(halp.o)
                0x0000000000948a18                WRITE_PORT_UCHAR
                0x0000000000948a48                WRITE_REGISTER_UCHAR
                0x0000000000948ab4                READ_REGISTER_UCHAR
                0x0000000000948b24                WRITE_REGISTER_ULONG
                0x0000000000948b90                READ_REGISTER_ULONG
 .text          0x0000000000948bfc      0x394 /home/janne/ebsdk/ebfw/obj/lx164//lib.a(flash.o)
                0x0000000000948c84                ReadFlashUCHAR
                0x0000000000948cd0                WriteFlashUCHAR
                0x0000000000948d70                WriteFlashByte
                0x0000000000948e20                EraseFlashBlock
                0x0000000000948ec0                FindFlashDevice
 .text          0x0000000000948f90       0x4c /home/janne/ebsdk/ebfw/obj/lx164//lib.a(exit.o)
                0x0000000000948f90                exit
                0x0000000000948fc4                abort
 *fill*         0x0000000000948fdc        0x4 0000fe2f1f04ff47
 .text          0x0000000000948fe0       0xb0 /home/janne/ebsdk/ebfw/obj/lx164//lib.a(setjmp.o)
                0x0000000000948fe0                setjmp
                0x0000000000949030                longjmp
 .text          0x0000000000949090       0xb0 /home/janne/ebsdk/ebfw/obj/lx164//stubs.a(cxx.o)
                0x0000000000949090                _purecall
                0x0000000000949098                __cxx_dispatch
                0x00000000009490d0                __cxx_gem_dispatch
                0x0000000000949108                __pure_virtual
 .text          0x0000000000949140        0x8 /home/janne/ebsdk/ebfw/obj/lx164//stubs.a(fflush.o)
                0x0000000000949140                fflush
 .text          0x0000000000949148        0x0 /home/janne/ebsdk/ebfw/obj/lx164//stubs.a(stdlib.o)
 .text          0x0000000000949148        0x4 /home/janne/ebsdk/ebfw/obj/lx164//stubs.a(sflash.o)
                0x0000000000949148                FlashWriteEnable
 *fill*         0x000000000094914c        0x4 0000fe2f1f04ff47
 .text          0x0000000000949150      0x220 /usr/alpha-linux-gnu/lib/libc.a(memmove.o)
                0x0000000000949150                memmove
 .text          0x0000000000949370       0x70 /usr/alpha-linux-gnu/lib/libc.a(strcat.o)
                0x0000000000949370                strcat
 .text          0x00000000009493e0       0xb0 /usr/alpha-linux-gnu/lib/libc.a(strchr.o)
                0x00000000009493e0                index
                0x00000000009493e0                strchr
 .text          0x0000000000949490      0x160 /usr/alpha-linux-gnu/lib/libc.a(strcmp.o)
                0x0000000000949490                strcmp
 .text          0x00000000009495f0       0x20 /usr/alpha-linux-gnu/lib/libc.a(strcpy.o)
                0x00000000009495f0                strcpy
 .text          0x0000000000949610       0xb0 /usr/alpha-linux-gnu/lib/libc.a(strncat.o)
                0x0000000000949610                strncat
 .text          0x00000000009496c0      0x300 /usr/alpha-linux-gnu/lib/libc.a(strncmp.o)
                0x00000000009496c0                strncmp
 .text          0x00000000009499c0       0xa0 /usr/alpha-linux-gnu/lib/libc.a(strncpy.o)
                0x00000000009499c0                strncpy
 .text          0x0000000000949a60       0xd0 /usr/alpha-linux-gnu/lib/libc.a(strrchr.o)
                0x0000000000949a60                strrchr
                0x0000000000949a60                rindex
 .text          0x0000000000949b30      0x8d0 /usr/alpha-linux-gnu/lib/libc.a(strstr.o)
                0x000000000094a060                strstr
 .text          0x000000000094a400      0x590 /usr/alpha-linux-gnu/lib/libc.a(wordcopy.o)
                0x000000000094a400                _wordcopy_fwd_aligned
                0x000000000094a5a0                _wordcopy_fwd_dest_aligned
                0x000000000094a6e0                _wordcopy_bwd_aligned
                0x000000000094a860                _wordcopy_bwd_dest_aligned
 .text          0x000000000094a990      0x1f0 /usr/alpha-linux-gnu/lib/libc.a(stxcpy.o)
                0x000000000094a9f8                __stxcpy
 .text          0x000000000094ab80      0x278 /usr/alpha-linux-gnu/lib/libc.a(stxncpy.o)
                0x000000000094ac00                __stxncpy
 *fill*         0x000000000094adf8        0x8 0000fe2f1f04ff47
 .text          0x000000000094ae00       0x90 /usr/alpha-linux-gnu/lib/libc.a(divl.o)
                0x000000000094ae00                __divl
 .text          0x000000000094ae90       0x90 /usr/alpha-linux-gnu/lib/libc.a(divlu.o)
                0x000000000094ae90                __divlu
 .text          0x000000000094af20      0x200 /usr/alpha-linux-gnu/lib/libc.a(divq.o)
                0x000000000094af20                __divq
 .text          0x000000000094b120      0x1b0 /usr/alpha-linux-gnu/lib/libc.a(divqu.o)
                0x000000000094b120                __divqu
 .text          0x000000000094b2d0       0x90 /usr/alpha-linux-gnu/lib/libc.a(reml.o)
                0x000000000094b2d0                __reml
 .text          0x000000000094b360       0x90 /usr/alpha-linux-gnu/lib/libc.a(remlu.o)
                0x000000000094b360                __remlu
 .text          0x000000000094b3f0      0x1f0 /usr/alpha-linux-gnu/lib/libc.a(remq.o)
                0x000000000094b3f0                __remq
 .text          0x000000000094b5e0      0x200 /usr/alpha-linux-gnu/lib/libc.a(remqu.o)
                0x000000000094b5e0                __remqu
 .text          0x000000000094b7e0       0x60 /usr/alpha-linux-gnu/lib/libc.a(strnlen.o)
                0x000000000094b7e0                __strnlen
                0x000000000094b7e0                strnlen

.fini           0x000000000094b840        0x4
 *(SORT_NONE(.fini))
 .fini          0x000000000094b840        0x4 /home/janne/ebsdk/ebfw/obj/lx164//dbmentry.o
                0x000000000094b840                _exit
                [!provide]                        PROVIDE (__etext = .)
                [!provide]                        PROVIDE (_etext = .)
                [!provide]                        PROVIDE (etext = .)

.rodata         0x000000000094b850     0xdda8
 *(.rodata .rodata.*)
 .rodata.str1.1
                0x000000000094b850     0x6dc2 /home/janne/ebsdk/ebfw/obj/lx164/main.o
                                        0x237 (size before relaxing)
 .rodata.str1.1
                0x0000000000952612      0xf90 /home/janne/ebsdk/ebfw/obj/lx164/dis.o
 *fill*         0x0000000000952612        0x6 
 .rodata        0x0000000000952618     0x20f0 /home/janne/ebsdk/ebfw/obj/lx164/dis.o
 .rodata.str1.1
                0x0000000000954708      0x1a1 /home/janne/ebsdk/ebfw/obj/lx164/ffexec.o
 .rodata        0x0000000000954708       0x40 /home/janne/ebsdk/ebfw/obj/lx164/ffexec.o
 .rodata.str1.1
                0x0000000000954748     0x20b3 /home/janne/ebsdk/ebfw/obj/lx164/cmd.o
 .rodata        0x0000000000954748     0x1690 /home/janne/ebsdk/ebfw/obj/lx164/cmd.o
                0x0000000000954758                keyarray
 .rodata.str1.1
                0x0000000000955dd8       0x78 /home/janne/ebsdk/ebfw/obj/lx164/console.o
 .rodata        0x0000000000955dd8       0xc4 /home/janne/ebsdk/ebfw/obj/lx164/console.o
 .rodata        0x0000000000955e9c       0x10 /home/janne/ebsdk/ebfw/obj/lx164/uart.o
                0x0000000000955e9c                UartPortBaseTable
 .rodata.str1.1
                0x0000000000955eac       0x59 /home/janne/ebsdk/ebfw/obj/lx164/sromport.o
 .rodata        0x0000000000955eac       0x24 /home/janne/ebsdk/ebfw/obj/lx164/io_port.o
 .rodata.str1.1
                0x0000000000955ed0      0x1c3 /home/janne/ebsdk/ebfw/obj/lx164/io_port.o
 .rodata.str1.1
                0x0000000000955ed0      0x1fc /home/janne/ebsdk/ebfw/obj/lx164/file.o
 .rodata.str1.1
                0x0000000000955ed0       0x68 /home/janne/ebsdk/ebfw/obj/lx164/malloc.o
 .rodata.str1.1
                0x0000000000955ed0       0x52 /home/janne/ebsdk/ebfw/obj/lx164/rtc.o
 .rodata.str1.1
                0x0000000000955ed0       0x7c /home/janne/ebsdk/ebfw/obj/lx164/xmodem.o
 .rodata.str1.1
                0x0000000000955ed0      0x370 /home/janne/ebsdk/ebfw/obj/lx164/lx164mck.o
 .rodata.cst8   0x0000000000955ed0       0x48 /home/janne/ebsdk/ebfw/obj/lx164/lx164mck.o
                                          0x8 (size before relaxing)
 .rodata.str1.1
                0x0000000000955f18       0x3a /home/janne/ebsdk/ebfw/obj/lx164/dpml.o
 .rodata.str1.1
                0x0000000000955f18       0x6c /home/janne/ebsdk/ebfw/obj/lx164//ether.a(arp.o)
 .rodata.str1.1
                0x0000000000955f18      0x29a /home/janne/ebsdk/ebfw/obj/lx164//ether.a(edevice.o)
 .rodata.str1.1
                0x0000000000955f18       0x69 /home/janne/ebsdk/ebfw/obj/lx164//ether.a(ethernet.o)
 .rodata.str1.1
                0x0000000000955f18        0xc /home/janne/ebsdk/ebfw/obj/lx164//ether.a(ip.o)
 .rodata.str1.1
                0x0000000000955f18       0x8e /home/janne/ebsdk/ebfw/obj/lx164//ether.a(netboot.o)
 .rodata.str1.1
                0x0000000000955f18        0x2 /home/janne/ebsdk/ebfw/obj/lx164//ether.a(netman.o)
 .rodata.str1.1
                0x0000000000955f18      0x116 /home/janne/ebsdk/ebfw/obj/lx164//ether.a(tftp.o)
 .rodata        0x0000000000955f18       0x68 /home/janne/ebsdk/ebfw/obj/lx164//ether.a(DEC21040.o)
 .rodata.str1.1
                0x0000000000955f80      0x77d /home/janne/ebsdk/ebfw/obj/lx164//ether.a(DEC21040.o)
 .rodata.str1.1
                0x0000000000955f80      0x4c7 /home/janne/ebsdk/ebfw/obj/lx164//ether.a(am79c960.o)
 .rodata        0x0000000000955f80       0xb8 /home/janne/ebsdk/ebfw/obj/lx164//ether.a(am79c960.o)
 .rodata.str1.1
                0x0000000000956038       0x66 /home/janne/ebsdk/ebfw/obj/lx164//ether.a(bootp.o)
 .rodata.str1.1
                0x0000000000956038      0x36a /home/janne/ebsdk/ebfw/obj/lx164//ladebug.a(kernel.o)
 .rodata        0x0000000000956038       0x3c /home/janne/ebsdk/ebfw/obj/lx164//ladebug.a(kernel.o)
 .rodata.str1.1
                0x0000000000956074       0xbc /home/janne/ebsdk/ebfw/obj/lx164//ladebug.a(readloop.o)
 .rodata.str1.1
                0x0000000000956074       0x5e /home/janne/ebsdk/ebfw/obj/lx164//ladebug.a(pkthandl.o)
 .rodata        0x0000000000956074       0x20 /home/janne/ebsdk/ebfw/obj/lx164//ladebug.a(pkthandl.o)
 .rodata.cst8   0x0000000000956094       0x18 /home/janne/ebsdk/ebfw/obj/lx164//lib.a(lx164_io.o)
 .rodata.str1.1
                0x0000000000956094       0x56 /home/janne/ebsdk/ebfw/obj/lx164//lib.a(lx164mem.o)
 .rodata.str1.1
                0x0000000000956094       0xc8 /home/janne/ebsdk/ebfw/obj/lx164//lib.a(initdata.o)
 .rodata.str1.1
                0x0000000000956094       0x5f /home/janne/ebsdk/ebfw/obj/lx164//lib.a(fsboot.o)
 *fill*         0x0000000000956094        0x4 
 .rodata        0x0000000000956098       0xa8 /home/janne/ebsdk/ebfw/obj/lx164//lib.a(fsboot.o)
 .rodata.str1.1
                0x0000000000956140       0xd9 /home/janne/ebsdk/ebfw/obj/lx164//lib.a(fileio.o)
 .rodata        0x0000000000956140       0x28 /home/janne/ebsdk/ebfw/obj/lx164//lib.a(fileio.o)
 .rodata.str1.1
                0x0000000000956168      0x349 /home/janne/ebsdk/ebfw/obj/lx164//lib.a(fatdrv.o)
 .rodata.str1.1
                0x0000000000956168       0x60 /home/janne/ebsdk/ebfw/obj/lx164//lib.a(ident.o)
 .rodata.str1.1
                0x0000000000956168       0x24 /home/janne/ebsdk/ebfw/obj/lx164//lib.a(int.o)
 .rodata.str1.1
                0x0000000000956168       0x22 /home/janne/ebsdk/ebfw/obj/lx164//lib.a(kbd.o)
 .rodata        0x0000000000956168       0xbc /home/janne/ebsdk/ebfw/obj/lx164//lib.a(kbd.o)
 .rodata.str1.1
                0x0000000000956224      0x208 /home/janne/ebsdk/ebfw/obj/lx164//lib.a(memtest.o)
 *fill*         0x0000000000956224        0x4 
 .rodata        0x0000000000956228     0x1008 /home/janne/ebsdk/ebfw/obj/lx164//lib.a(memtest.o)
 .rodata.cst8   0x0000000000957230       0x18 /home/janne/ebsdk/ebfw/obj/lx164//lib.a(memtest.o)
 .rodata.str1.1
                0x0000000000957230       0x1b /home/janne/ebsdk/ebfw/obj/lx164//lib.a(pr.o)
 .rodata.str1.1
                0x0000000000957230       0x73 /home/janne/ebsdk/ebfw/obj/lx164//lib.a(printf.o)
 .rodata        0x0000000000957230       0xac /home/janne/ebsdk/ebfw/obj/lx164//lib.a(printf.o)
 .rodata.cst4   0x00000000009572dc       0x20 /home/janne/ebsdk/ebfw/obj/lx164//lib.a(printf.o)
                                         0x10 (size before relaxing)
 .rodata.str1.1
                0x00000000009572fc      0x290 /home/janne/ebsdk/ebfw/obj/lx164//lib.a(rom.o)
 .rodata.str1.1
                0x00000000009572fc      0x384 /home/janne/ebsdk/ebfw/obj/lx164//lib.a(romhead.o)
 .rodata.str1.1
                0x00000000009572fc       0x55 /home/janne/ebsdk/ebfw/obj/lx164//lib.a(search.o)
 .rodata.str1.1
                0x00000000009572fc       0x39 /home/janne/ebsdk/ebfw/obj/lx164//lib.a(vga.o)
 .rodata.str1.1
                0x00000000009572fc      0x349 /home/janne/ebsdk/ebfw/obj/lx164//lib.a(pci.o)
 *fill*         0x00000000009572fc        0x4 
 .rodata        0x0000000000957300       0x70 /home/janne/ebsdk/ebfw/obj/lx164//lib.a(pci.o)
 .rodata.str1.1
                0x0000000000957370      0x4ed /home/janne/ebsdk/ebfw/obj/lx164//lib.a(mflash.o)
 .rodata.str1.1
                0x0000000000957370        0xf /home/janne/ebsdk/ebfw/obj/lx164//lib.a(28f008sa.o)
 .rodata.str1.1
                0x0000000000957370       0x1a /home/janne/ebsdk/ebfw/obj/lx164//lib.a(29f040.o)
 .rodata.str1.1
                0x0000000000957370       0x5c /home/janne/ebsdk/ebfw/obj/lx164//lib.a(tga.o)
 .rodata        0x0000000000957370       0x70 /home/janne/ebsdk/ebfw/obj/lx164//lib.a(tga.o)
                0x0000000000957370                FBPixelDataConvert
                0x00000000009573b0                VGADefaultPalette
 .rodata        0x00000000009573e0      0x100 /home/janne/ebsdk/ebfw/obj/lx164//lib.a(ctype.o)
                0x00000000009573e0                ctypeArray
 .rodata.cst8   0x00000000009574e0        0x8 /home/janne/ebsdk/ebfw/obj/lx164//lib.a(rand.o)
 .rodata.str1.1
                0x00000000009574e0      0x1fd /home/janne/ebsdk/ebfw/obj/lx164//lib.a(mcheck.o)
 .rodata.str1.1
                0x00000000009574e0      0x25a /home/janne/ebsdk/ebfw/obj/lx164//lib.a(memt.o)
 .rodata.cst4   0x00000000009574e0        0x4 /home/janne/ebsdk/ebfw/obj/lx164//lib.a(memt.o)
 .rodata.cst8   0x00000000009574e0        0x8 /home/janne/ebsdk/ebfw/obj/lx164//lib.a(memt.o)
 .rodata.str1.1
                0x00000000009574e0       0xcb /home/janne/ebsdk/ebfw/obj/lx164//lib.a(floppy.o)
 .rodata.cst8   0x00000000009574e0        0x8 /home/janne/ebsdk/ebfw/obj/lx164//lib.a(scanf.o)
 .rodata.cst4   0x00000000009574e0        0xc /home/janne/ebsdk/ebfw/obj/lx164//lib.a(atof.o)
 .rodata.str1.1
                0x00000000009574e0       0x4c /home/janne/ebsdk/ebfw/obj/lx164//stubs.a(cxx.o)
 .rodata        0x00000000009574e0       0x40 /usr/alpha-linux-gnu/lib/libc.a(wordcopy.o)
 *(.rdata)
 .rdata         0x0000000000957520       0x80 /home/janne/ebsdk/ebfw/library/unix/release/biosem.a(hw.o)
 .rdata         0x00000000009575a0      0x1c0 /home/janne/ebsdk/ebfw/library/unix/release/biosem.a(bios.o)
 .rdata         0x0000000000957760       0x10 /home/janne/ebsdk/ebfw/library/unix/release/biosem.a(oper_cpp.o)
 .rdata         0x0000000000957770      0x2e0 /home/janne/ebsdk/ebfw/library/unix/release/biosem.a(cpu.o)
 .rdata         0x0000000000957a50       0xb0 /home/janne/ebsdk/ebfw/library/unix/release/biosem.a(instr.o)
 *(.rconst)
                0x0000000000957b00                PROVIDE (_fpdata = .)
 *(.pdata)
 .pdata         0x0000000000957b00      0x100 /home/janne/ebsdk/ebfw/library/unix/release/biosem.a(target.o)
 .pdata         0x0000000000957c00       0x48 /home/janne/ebsdk/ebfw/library/unix/release/biosem.a(control.o)
 *fill*         0x0000000000957c48        0x8 
 .pdata         0x0000000000957c50       0xc0 /home/janne/ebsdk/ebfw/library/unix/release/biosem.a(hw.o)
 .pdata         0x0000000000957d10      0x550 /home/janne/ebsdk/ebfw/library/unix/release/biosem.a(iface.o)
 .pdata         0x0000000000958260       0x18 /home/janne/ebsdk/ebfw/library/unix/release/biosem.a(cpp.o)
 *fill*         0x0000000000958278        0x8 
 .pdata         0x0000000000958280       0xe8 /home/janne/ebsdk/ebfw/library/unix/release/biosem.a(bios.o)
 *fill*         0x0000000000958368        0x8 
 .pdata         0x0000000000958370      0x4d0 /home/janne/ebsdk/ebfw/library/unix/release/biosem.a(oper_cpp.o)
 .pdata         0x0000000000958840      0x750 /home/janne/ebsdk/ebfw/library/unix/release/biosem.a(cpu.o)
 .pdata         0x0000000000958f90      0x668 /home/janne/ebsdk/ebfw/library/unix/release/biosem.a(instr.o)

.eh_frame
 *(.eh_frame)
 *(.xdata)

.eh_frame       0x0000000000959600     0x7940
 *(.eh_frame)
 .eh_frame      0x0000000000959600       0xb0 /home/janne/ebsdk/ebfw/obj/lx164/main.o
 .eh_frame      0x00000000009596b0       0xd0 /home/janne/ebsdk/ebfw/obj/lx164/dis.o
                                         0xe0 (size before relaxing)
 .eh_frame      0x0000000000959780      0x170 /home/janne/ebsdk/ebfw/obj/lx164/ffexec.o
                                        0x188 (size before relaxing)
 .eh_frame      0x00000000009598f0      0xab0 /home/janne/ebsdk/ebfw/obj/lx164/cmd.o
                                        0xac8 (size before relaxing)
 .eh_frame      0x000000000095a3a0       0xc0 /home/janne/ebsdk/ebfw/obj/lx164/console.o
                                         0xd0 (size before relaxing)
 .eh_frame      0x000000000095a460      0x110 /home/janne/ebsdk/ebfw/obj/lx164/uart.o
                                        0x120 (size before relaxing)
 .eh_frame      0x000000000095a570       0x80 /home/janne/ebsdk/ebfw/obj/lx164/sromport.o
                                         0x88 (size before relaxing)
 .eh_frame      0x000000000095a5f0      0x280 /home/janne/ebsdk/ebfw/obj/lx164/io_port.o
                                        0x290 (size before relaxing)
 .eh_frame      0x000000000095a870       0xb0 /home/janne/ebsdk/ebfw/obj/lx164/file.o
                                         0xc0 (size before relaxing)
 .eh_frame      0x000000000095a920       0x90 /home/janne/ebsdk/ebfw/obj/lx164/malloc.o
                                         0xa8 (size before relaxing)
 .eh_frame      0x000000000095a9b0      0x110 /home/janne/ebsdk/ebfw/obj/lx164/rtc.o
                                        0x120 (size before relaxing)
 .eh_frame      0x000000000095aac0       0x40 /home/janne/ebsdk/ebfw/obj/lx164/mouse.o
                                         0x50 (size before relaxing)
 .eh_frame      0x000000000095ab00       0xb0 /home/janne/ebsdk/ebfw/obj/lx164/xmodem.o
                                         0xc0 (size before relaxing)
 .eh_frame      0x000000000095abb0       0xa0 /home/janne/ebsdk/ebfw/obj/lx164/lx164mck.o
                                         0xb8 (size before relaxing)
 .eh_frame      0x000000000095ac50       0x20 /home/janne/ebsdk/ebfw/obj/lx164/ladbxusr.o
                                         0x30 (size before relaxing)
 .eh_frame      0x000000000095ac70       0x40 /home/janne/ebsdk/ebfw/obj/lx164/dpml.o
                                         0x50 (size before relaxing)
 .eh_frame      0x000000000095acb0      0x130 /home/janne/ebsdk/ebfw/obj/lx164//ether.a(arp.o)
                                        0x140 (size before relaxing)
 .eh_frame      0x000000000095ade0      0x170 /home/janne/ebsdk/ebfw/obj/lx164//ether.a(edevice.o)
                                        0x180 (size before relaxing)
 .eh_frame      0x000000000095af50      0x160 /home/janne/ebsdk/ebfw/obj/lx164//ether.a(ethernet.o)
                                        0x170 (size before relaxing)
 .eh_frame      0x000000000095b0b0      0x130 /home/janne/ebsdk/ebfw/obj/lx164//ether.a(ip.o)
                                        0x138 (size before relaxing)
 .eh_frame      0x000000000095b1e0       0x30 /home/janne/ebsdk/ebfw/obj/lx164//ether.a(net_buff.o)
                                         0x40 (size before relaxing)
 .eh_frame      0x000000000095b210       0x40 /home/janne/ebsdk/ebfw/obj/lx164//ether.a(netboot.o)
                                         0x48 (size before relaxing)
 .eh_frame      0x000000000095b250       0xc0 /home/janne/ebsdk/ebfw/obj/lx164//ether.a(netman.o)
                                         0xd0 (size before relaxing)
 .eh_frame      0x000000000095b310      0x110 /home/janne/ebsdk/ebfw/obj/lx164//ether.a(tftp.o)
                                        0x118 (size before relaxing)
 .eh_frame      0x000000000095b420      0x150 /home/janne/ebsdk/ebfw/obj/lx164//ether.a(udp.o)
                                        0x160 (size before relaxing)
 .eh_frame      0x000000000095b570      0x2f0 /home/janne/ebsdk/ebfw/obj/lx164//ether.a(DEC21040.o)
                                        0x300 (size before relaxing)
 .eh_frame      0x000000000095b860      0x290 /home/janne/ebsdk/ebfw/obj/lx164//ether.a(am79c960.o)
                                        0x2a0 (size before relaxing)
 .eh_frame      0x000000000095baf0       0x80 /home/janne/ebsdk/ebfw/obj/lx164//ether.a(bootp.o)
                                         0x98 (size before relaxing)
 .eh_frame      0x000000000095bb70      0x480 /home/janne/ebsdk/ebfw/obj/lx164//ladebug.a(kernel.o)
                                        0x490 (size before relaxing)
 .eh_frame      0x000000000095bff0      0x180 /home/janne/ebsdk/ebfw/obj/lx164//ladebug.a(readloop.o)
                                        0x198 (size before relaxing)
 .eh_frame      0x000000000095c170       0x50 /home/janne/ebsdk/ebfw/obj/lx164//ladebug.a(kutil.o)
                                         0x58 (size before relaxing)
 .eh_frame      0x000000000095c1c0       0xa0 /home/janne/ebsdk/ebfw/obj/lx164//ladebug.a(bptable.o)
                                         0xb8 (size before relaxing)
 .eh_frame      0x000000000095c260       0x40 /home/janne/ebsdk/ebfw/obj/lx164//ladebug.a(pkthandl.o)
                                         0x58 (size before relaxing)
 .eh_frame      0x000000000095c2a0       0xa0 /home/janne/ebsdk/ebfw/obj/lx164//ladebug.a(pktutil.o)
                                         0xb8 (size before relaxing)
 .eh_frame      0x000000000095c340      0x3c0 /home/janne/ebsdk/ebfw/obj/lx164//lib.a(lx164_io.o)
                                        0x3d8 (size before relaxing)
 .eh_frame      0x000000000095c700       0x90 /home/janne/ebsdk/ebfw/obj/lx164//lib.a(lx164mem.o)
                                         0xa0 (size before relaxing)
 .eh_frame      0x000000000095c790       0x20 /home/janne/ebsdk/ebfw/obj/lx164//lib.a(iobusini.o)
                                         0x30 (size before relaxing)
 .eh_frame      0x000000000095c7b0       0x80 /home/janne/ebsdk/ebfw/obj/lx164//lib.a(beep.o)
                                         0x90 (size before relaxing)
 .eh_frame      0x000000000095c830       0xa0 /home/janne/ebsdk/ebfw/obj/lx164//lib.a(time.o)
                                         0xb8 (size before relaxing)
 .eh_frame      0x000000000095c8d0       0x50 /home/janne/ebsdk/ebfw/obj/lx164//lib.a(initdata.o)
                                         0x58 (size before relaxing)
 .eh_frame      0x000000000095c920       0x30 /home/janne/ebsdk/ebfw/obj/lx164//lib.a(fsboot.o)
                                         0x48 (size before relaxing)
 .eh_frame      0x000000000095c950      0x1f0 /home/janne/ebsdk/ebfw/obj/lx164//lib.a(fileio.o)
                                        0x1f8 (size before relaxing)
 .eh_frame      0x000000000095cb40      0x4b0 /home/janne/ebsdk/ebfw/obj/lx164//lib.a(fatdrv.o)
                                        0x4c0 (size before relaxing)
 .eh_frame      0x000000000095cff0       0x40 /home/janne/ebsdk/ebfw/obj/lx164//lib.a(ident.o)
                                         0x50 (size before relaxing)
 .eh_frame      0x000000000095d030       0x30 /home/janne/ebsdk/ebfw/obj/lx164//lib.a(int.o)
                                         0x40 (size before relaxing)
 .eh_frame      0x000000000095d060      0x130 /home/janne/ebsdk/ebfw/obj/lx164//lib.a(kbd.o)
                                        0x148 (size before relaxing)
 .eh_frame      0x000000000095d190      0x100 /home/janne/ebsdk/ebfw/obj/lx164//lib.a(memtest.o)
                                        0x108 (size before relaxing)
 .eh_frame      0x000000000095d290       0xb0 /home/janne/ebsdk/ebfw/obj/lx164//lib.a(pr.o)
                                         0xc0 (size before relaxing)
 .eh_frame      0x000000000095d340      0x240 /home/janne/ebsdk/ebfw/obj/lx164//lib.a(printf.o)
                                        0x248 (size before relaxing)
 .eh_frame      0x000000000095d580       0x30 /home/janne/ebsdk/ebfw/obj/lx164//lib.a(puts.o)
                                         0x40 (size before relaxing)
 .eh_frame      0x000000000095d5b0       0x90 /home/janne/ebsdk/ebfw/obj/lx164//lib.a(strtoul.o)
                                         0xa8 (size before relaxing)
 .eh_frame      0x000000000095d640      0x160 /home/janne/ebsdk/ebfw/obj/lx164//lib.a(rom.o)
                                        0x170 (size before relaxing)
 .eh_frame      0x000000000095d7a0      0x190 /home/janne/ebsdk/ebfw/obj/lx164//lib.a(romhead.o)
                                        0x1a0 (size before relaxing)
 .eh_frame      0x000000000095d930       0x80 /home/janne/ebsdk/ebfw/obj/lx164//lib.a(search.o)
                                         0x88 (size before relaxing)
 .eh_frame      0x000000000095d9b0      0x1c0 /home/janne/ebsdk/ebfw/obj/lx164//lib.a(vga.o)
                                        0x1d8 (size before relaxing)
 .eh_frame      0x000000000095db70      0x360 /home/janne/ebsdk/ebfw/obj/lx164//lib.a(pci.o)
                                        0x378 (size before relaxing)
 .eh_frame      0x000000000095ded0       0xb0 /home/janne/ebsdk/ebfw/obj/lx164//lib.a(mflash.o)
                                         0xc8 (size before relaxing)
 .eh_frame      0x000000000095df80      0x140 /home/janne/ebsdk/ebfw/obj/lx164//lib.a(28f008sa.o)
                                        0x150 (size before relaxing)
 .eh_frame      0x000000000095e0c0      0x160 /home/janne/ebsdk/ebfw/obj/lx164//lib.a(29f040.o)
                                        0x178 (size before relaxing)
 .eh_frame      0x000000000095e220       0xf0 /home/janne/ebsdk/ebfw/obj/lx164//lib.a(tga.o)
                                        0x100 (size before relaxing)
 .eh_frame      0x000000000095e310       0x80 /home/janne/ebsdk/ebfw/obj/lx164//lib.a(string.o)
                                         0x90 (size before relaxing)
 .eh_frame      0x000000000095e390      0x120 /home/janne/ebsdk/ebfw/obj/lx164//lib.a(ctype.o)
                                        0x130 (size before relaxing)
 .eh_frame      0x000000000095e4b0       0xa0 /home/janne/ebsdk/ebfw/obj/lx164//lib.a(ftype.o)
                                         0xb0 (size before relaxing)
 .eh_frame      0x000000000095e550       0x50 /home/janne/ebsdk/ebfw/obj/lx164//lib.a(rand.o)
                                         0x68 (size before relaxing)
 .eh_frame      0x000000000095e5a0       0xa0 /home/janne/ebsdk/ebfw/obj/lx164//lib.a(smc.o)
                                         0xa8 (size before relaxing)
 .eh_frame      0x000000000095e640       0x20 /home/janne/ebsdk/ebfw/obj/lx164//lib.a(sum.o)
                                         0x28 (size before relaxing)
 .eh_frame      0x000000000095e660       0x90 /home/janne/ebsdk/ebfw/obj/lx164//lib.a(mcheck.o)
                                         0xa0 (size before relaxing)
 .eh_frame      0x000000000095e6f0       0x30 /home/janne/ebsdk/ebfw/obj/lx164//lib.a(isa_dma.o)
                                         0x38 (size before relaxing)
 .eh_frame      0x000000000095e720      0x330 /home/janne/ebsdk/ebfw/obj/lx164//lib.a(memt.o)
                                        0x340 (size before relaxing)
 .eh_frame      0x000000000095ea50      0x1b0 /home/janne/ebsdk/ebfw/obj/lx164//lib.a(floppy.o)
                                        0x1b8 (size before relaxing)
 .eh_frame      0x000000000095ec00      0x190 /home/janne/ebsdk/ebfw/obj/lx164//lib.a(scanf.o)
                                        0x1a0 (size before relaxing)
 .eh_frame      0x000000000095ed90       0x70 /home/janne/ebsdk/ebfw/obj/lx164//lib.a(atof.o)
                                         0x78 (size before relaxing)
 .eh_frame      0x000000000095ee00       0xa0 /home/janne/ebsdk/ebfw/obj/lx164//lib.a(halp.o)
                                         0xb0 (size before relaxing)
 .eh_frame      0x000000000095eea0       0xf0 /home/janne/ebsdk/ebfw/obj/lx164//lib.a(flash.o)
                                         0xf8 (size before relaxing)
 .eh_frame      0x000000000095ef90       0x30 /home/janne/ebsdk/ebfw/obj/lx164//lib.a(exit.o)
                                         0x48 (size before relaxing)
 .eh_frame      0x000000000095efc0       0x30 /home/janne/ebsdk/ebfw/obj/lx164//lib.a(setjmp.o)
                                         0x40 (size before relaxing)
 .eh_frame      0x000000000095eff0       0x70 /home/janne/ebsdk/ebfw/obj/lx164//stubs.a(cxx.o)
                                         0x80 (size before relaxing)
 .eh_frame      0x000000000095f060       0x20 /home/janne/ebsdk/ebfw/obj/lx164//stubs.a(fflush.o)
                                         0x28 (size before relaxing)
 .eh_frame      0x000000000095f080       0x20 /home/janne/ebsdk/ebfw/obj/lx164//stubs.a(sflash.o)
                                         0x28 (size before relaxing)
 .eh_frame      0x000000000095f0a0       0x40 /usr/alpha-linux-gnu/lib/libc.a(memmove.o)
                                         0x50 (size before relaxing)
 .eh_frame      0x000000000095f0e0       0x20 /usr/alpha-linux-gnu/lib/libc.a(strcat.o)
                                         0x28 (size before relaxing)
 .eh_frame      0x000000000095f100       0x20 /usr/alpha-linux-gnu/lib/libc.a(strchr.o)
                                         0x28 (size before relaxing)
 .eh_frame      0x000000000095f120       0x20 /usr/alpha-linux-gnu/lib/libc.a(strcmp.o)
                                         0x28 (size before relaxing)
 .eh_frame      0x000000000095f140       0x20 /usr/alpha-linux-gnu/lib/libc.a(strcpy.o)
                                         0x28 (size before relaxing)
 .eh_frame      0x000000000095f160       0x20 /usr/alpha-linux-gnu/lib/libc.a(strncat.o)
                                         0x28 (size before relaxing)
 .eh_frame      0x000000000095f180       0x20 /usr/alpha-linux-gnu/lib/libc.a(strncmp.o)
                                         0x28 (size before relaxing)
 .eh_frame      0x000000000095f1a0       0x20 /usr/alpha-linux-gnu/lib/libc.a(strncpy.o)
                                         0x28 (size before relaxing)
 .eh_frame      0x000000000095f1c0       0x20 /usr/alpha-linux-gnu/lib/libc.a(strrchr.o)
                                         0x28 (size before relaxing)
 .eh_frame      0x000000000095f1e0       0x90 /usr/alpha-linux-gnu/lib/libc.a(strstr.o)
                                         0x98 (size before relaxing)
 .eh_frame      0x000000000095f270       0x50 /usr/alpha-linux-gnu/lib/libc.a(wordcopy.o)
                                         0x68 (size before relaxing)
 .eh_frame      0x000000000095f2c0       0x30 /usr/alpha-linux-gnu/lib/libc.a(stxcpy.o)
                                         0x28 (size before relaxing)
 .eh_frame      0x000000000095f2f0       0x20 /usr/alpha-linux-gnu/lib/libc.a(stxncpy.o)
                                         0x28 (size before relaxing)
 .eh_frame      0x000000000095f310       0x40 /usr/alpha-linux-gnu/lib/libc.a(divl.o)
                                         0x50 (size before relaxing)
 .eh_frame      0x000000000095f350       0x40 /usr/alpha-linux-gnu/lib/libc.a(divlu.o)
                                         0x50 (size before relaxing)
 .eh_frame      0x000000000095f390       0x60 /usr/alpha-linux-gnu/lib/libc.a(divq.o)
                                         0x70 (size before relaxing)
 .eh_frame      0x000000000095f3f0       0x70 /usr/alpha-linux-gnu/lib/libc.a(divqu.o)
                                         0x78 (size before relaxing)
 .eh_frame      0x000000000095f460       0x40 /usr/alpha-linux-gnu/lib/libc.a(reml.o)
                                         0x50 (size before relaxing)
 .eh_frame      0x000000000095f4a0       0x40 /usr/alpha-linux-gnu/lib/libc.a(remlu.o)
                                         0x50 (size before relaxing)
 .eh_frame      0x000000000095f4e0       0x60 /usr/alpha-linux-gnu/lib/libc.a(remq.o)
                                         0x70 (size before relaxing)
 .eh_frame      0x000000000095f540       0x70 /usr/alpha-linux-gnu/lib/libc.a(remqu.o)
                                         0x80 (size before relaxing)
 .eh_frame      0x000000000095f5b0       0x30 /usr/alpha-linux-gnu/lib/libc.a(strnlen.o)
                                         0x38 (size before relaxing)
 *(.eh_frame.*)
 *(.xdata)
 .xdata         0x000000000095f5e0       0xf0 /home/janne/ebsdk/ebfw/library/unix/release/biosem.a(target.o)
 .xdata         0x000000000095f6d0       0x50 /home/janne/ebsdk/ebfw/library/unix/release/biosem.a(control.o)
 .xdata         0x000000000095f720       0xc0 /home/janne/ebsdk/ebfw/library/unix/release/biosem.a(hw.o)
 .xdata         0x000000000095f7e0      0x440 /home/janne/ebsdk/ebfw/library/unix/release/biosem.a(iface.o)
 .xdata         0x000000000095fc20       0x10 /home/janne/ebsdk/ebfw/library/unix/release/biosem.a(cpp.o)
 .xdata         0x000000000095fc30       0xf0 /home/janne/ebsdk/ebfw/library/unix/release/biosem.a(bios.o)
 .xdata         0x000000000095fd20      0x3c0 /home/janne/ebsdk/ebfw/library/unix/release/biosem.a(oper_cpp.o)
 .xdata         0x00000000009600e0      0x9a0 /home/janne/ebsdk/ebfw/library/unix/release/biosem.a(cpu.o)
 .xdata         0x0000000000960a80      0x4c0 /home/janne/ebsdk/ebfw/library/unix/release/biosem.a(instr.o)

.data.rel.ro    0x0000000000960f40       0x60
 *(.data.rel.ro.local*)
 *(.data.rel.ro)
 .data.rel.ro   0x0000000000960f40       0x60 /home/janne/ebsdk/ebfw/obj/lx164/cmd.o

.data           0x0000000000960fa0     0xa0aa
                [!provide]                        PROVIDE (_fdata = .)
 *(.data .data.*)
 .data          0x0000000000960fa0       0x37 /home/janne/ebsdk/ebfw/obj/lx164//dbmentry.o
 .data          0x0000000000960fd7        0x0 /home/janne/ebsdk/ebfw/obj/lx164/main.o
 .data          0x0000000000960fd7        0x0 /home/janne/ebsdk/ebfw/obj/lx164/dis.o
 .data          0x0000000000960fd7        0x0 /home/janne/ebsdk/ebfw/obj/lx164/ffexec.o
 .data          0x0000000000960fd7       0x31 /home/janne/ebsdk/ebfw/obj/lx164/cmd.o
 .data          0x0000000000961008        0x0 /home/janne/ebsdk/ebfw/obj/lx164/console.o
 .data          0x0000000000961008        0x0 /home/janne/ebsdk/ebfw/obj/lx164/uart.o
 .data          0x0000000000961008        0x0 /home/janne/ebsdk/ebfw/obj/lx164/sromport.o
 .data          0x0000000000961008       0xe0 /home/janne/ebsdk/ebfw/obj/lx164/io_port.o
                0x0000000000961008                PortArray
 .data          0x00000000009610e8        0x0 /home/janne/ebsdk/ebfw/obj/lx164/file.o
 .data          0x00000000009610e8        0x0 /home/janne/ebsdk/ebfw/obj/lx164/malloc.o
 .data          0x00000000009610e8       0x30 /home/janne/ebsdk/ebfw/obj/lx164/rtc.o
 .data          0x0000000000961118        0x0 /home/janne/ebsdk/ebfw/obj/lx164/mouse.o
 .data          0x0000000000961118        0x0 /home/janne/ebsdk/ebfw/obj/lx164/xmodem.o
 .data          0x0000000000961118      0x1f0 /home/janne/ebsdk/ebfw/obj/lx164/lx164mck.o
                0x0000000000961118                LafSysData
                0x00000000009611d8                LafCpuData
 .data          0x0000000000961308       0x48 /home/janne/ebsdk/ebfw/obj/lx164/ladbxusr.o
 .data          0x0000000000961350        0x0 /home/janne/ebsdk/ebfw/obj/lx164/dpml.o
 .data          0x0000000000961350       0x15 /home/janne/ebsdk/ebfw/obj/lx164/dbmver.o
                0x0000000000961350                compile_time
                0x0000000000961359                compile_date
 .data          0x0000000000961365        0x0 /home/janne/ebsdk/ebfw/obj/lx164//ether.a(arp.o)
 .data          0x0000000000961365        0x0 /home/janne/ebsdk/ebfw/obj/lx164//ether.a(edevice.o)
 .data          0x0000000000961365        0x0 /home/janne/ebsdk/ebfw/obj/lx164//ether.a(ethernet.o)
 .data          0x0000000000961365        0x0 /home/janne/ebsdk/ebfw/obj/lx164//ether.a(ip.o)
 .data          0x0000000000961365        0x0 /home/janne/ebsdk/ebfw/obj/lx164//ether.a(net_buff.o)
 .data          0x0000000000961365        0x0 /home/janne/ebsdk/ebfw/obj/lx164//ether.a(netboot.o)
 .data          0x0000000000961365        0x0 /home/janne/ebsdk/ebfw/obj/lx164//ether.a(netman.o)
 .data          0x0000000000961365        0x0 /home/janne/ebsdk/ebfw/obj/lx164//ether.a(tftp.o)
 .data          0x0000000000961365        0x0 /home/janne/ebsdk/ebfw/obj/lx164//ether.a(udp.o)
 .data          0x0000000000961365       0x19 /home/janne/ebsdk/ebfw/obj/lx164//ether.a(DEC21040.o)
                0x0000000000961365                DECChip21x4x_description
 .data          0x000000000096137e        0x0 /home/janne/ebsdk/ebfw/obj/lx164//ether.a(am79c960.o)
 .data          0x000000000096137e        0x0 /home/janne/ebsdk/ebfw/obj/lx164//ether.a(bootp.o)
 .data          0x000000000096137e        0x0 /home/janne/ebsdk/ebfw/obj/lx164//ladebug.a(kernel.o)
 .data          0x000000000096137e        0x0 /home/janne/ebsdk/ebfw/obj/lx164//ladebug.a(readloop.o)
 .data          0x000000000096137e       0x39 /home/janne/ebsdk/ebfw/obj/lx164//ladebug.a(kutil.o)
 .data          0x00000000009613b7        0x0 /home/janne/ebsdk/ebfw/obj/lx164//ladebug.a(bptable.o)
 .data          0x00000000009613b7        0x0 /home/janne/ebsdk/ebfw/obj/lx164//ladebug.a(pkthandl.o)
 .data          0x00000000009613b7        0x0 /home/janne/ebsdk/ebfw/obj/lx164//ladebug.a(pktutil.o)
 *fill*         0x00000000009613b7        0x9 
 .data          0x00000000009613c0      0x280 /home/janne/ebsdk/ebfw/library/unix/release/biosem.a(target.o)
                0x0000000000961408                StaticMemRegions
                0x0000000000961570                IoRegions
                0x0000000000961630                ETAPciMaxBusNumber
                0x0000000000961638                PciTempMapLocation
 .data          0x0000000000961640       0xc0 /home/janne/ebsdk/ebfw/library/unix/release/biosem.a(hw.o)
                0x0000000000961678                HwToSwInterruptMap
 .data          0x0000000000961700      0xa80 /home/janne/ebsdk/ebfw/library/unix/release/biosem.a(iface.o)
 .data          0x0000000000962180      0x800 /home/janne/ebsdk/ebfw/library/unix/release/biosem.a(cpp.o)
                0x0000000000962180                AXPHandleTable
 .data          0x0000000000962980      0x140 /home/janne/ebsdk/ebfw/library/unix/release/biosem.a(bios.o)
 .data          0x0000000000962ac0      0xb60 /home/janne/ebsdk/ebfw/library/unix/release/biosem.a(oper_cpp.o)
                0x00000000009631a0                __vtbl_13MemoryOperand
 .data          0x0000000000963620     0x1100 /home/janne/ebsdk/ebfw/library/unix/release/biosem.a(cpu.o)
 .data          0x0000000000964720      0xbd0 /home/janne/ebsdk/ebfw/library/unix/release/biosem.a(instr.o)
                0x0000000000964858                float_value_table
 .data          0x00000000009652f0     0x4630 /home/janne/ebsdk/ebfw/library/unix/release/biosem.a(x86tbl.o)
                0x0000000000965328                operand_selector
                0x0000000000965430                internal_operands
                0x0000000000965f50                operand_name
                0x00000000009663c8                instruction_templates
                0x00000000009669e8                template_name
                0x0000000000967008                operand_indexes
                0x0000000000967200                instruction_descriptors
 .data          0x0000000000969920       0x3c /home/janne/ebsdk/ebfw/obj/lx164//lib.a(asmstuff.o)
 .data          0x000000000096995c        0x0 /home/janne/ebsdk/ebfw/obj/lx164//lib.a(lx164_io.o)
 .data          0x000000000096995c        0x0 /home/janne/ebsdk/ebfw/obj/lx164//lib.a(lx164mem.o)
 .data          0x000000000096995c        0x0 /home/janne/ebsdk/ebfw/obj/lx164//lib.a(iobusini.o)
 .data          0x000000000096995c        0x0 /home/janne/ebsdk/ebfw/obj/lx164//lib.a(beep.o)
 .data          0x000000000096995c        0x0 /home/janne/ebsdk/ebfw/obj/lx164//lib.a(time.o)
 .data          0x000000000096995c        0x0 /home/janne/ebsdk/ebfw/obj/lx164//lib.a(initdata.o)
 *fill*         0x000000000096995c        0x4 
 .data          0x0000000000969960       0x88 /home/janne/ebsdk/ebfw/obj/lx164//lib.a(fsboot.o)
 .data          0x00000000009699e8        0x0 /home/janne/ebsdk/ebfw/obj/lx164//lib.a(fileio.o)
 .data          0x00000000009699e8       0x78 /home/janne/ebsdk/ebfw/obj/lx164//lib.a(fatdrv.o)
                0x00000000009699e8                Error3Strings
 .data          0x0000000000969a60       0x48 /home/janne/ebsdk/ebfw/obj/lx164//lib.a(ident.o)
                0x0000000000969a60                rcsidkeyarray
 .data          0x0000000000969aa8        0x0 /home/janne/ebsdk/ebfw/obj/lx164//lib.a(int.o)
 .data          0x0000000000969aa8        0x0 /home/janne/ebsdk/ebfw/obj/lx164//lib.a(kbd.o)
 .data          0x0000000000969aa8        0x0 /home/janne/ebsdk/ebfw/obj/lx164//lib.a(memtest.o)
 .data          0x0000000000969aa8        0x0 /home/janne/ebsdk/ebfw/obj/lx164//lib.a(pr.o)
 .data          0x0000000000969aa8       0xc8 /home/janne/ebsdk/ebfw/obj/lx164//lib.a(printf.o)
 .data          0x0000000000969b70        0x0 /home/janne/ebsdk/ebfw/obj/lx164//lib.a(puts.o)
 .data          0x0000000000969b70        0x0 /home/janne/ebsdk/ebfw/obj/lx164//lib.a(strtoul.o)
 .data          0x0000000000969b70        0x0 /home/janne/ebsdk/ebfw/obj/lx164//lib.a(rom.o)
 .data          0x0000000000969b70      0x318 /home/janne/ebsdk/ebfw/obj/lx164//lib.a(romhead.o)
                0x0000000000969b70                ostype_array
                0x0000000000969c10                ostype_smc
                0x0000000000969c20                ostype__sr
                0x0000000000969c30                ostype_vxw
                0x0000000000969c40                ostype_lnx
                0x0000000000969c50                ostype_fsb
                0x0000000000969c60                ostype_osf
                0x0000000000969c70                ostype_vms
                0x0000000000969c80                ostype_wnt
                0x0000000000969c90                ostype_dbm
                0x0000000000969ca0                fwid_array
                0x0000000000969d78                fw_smc_id
                0x0000000000969d90                fw__sr_id
                0x0000000000969da8                fw_vxw_id
                0x0000000000969dc0                fw_lnx_id
                0x0000000000969de0                fw_fsb_id
                0x0000000000969e00                fw_srm_id
                0x0000000000969e30                fw_wnt_id
                0x0000000000969e60                fw_dbm_id
 .data          0x0000000000969e88        0x0 /home/janne/ebsdk/ebfw/obj/lx164//lib.a(search.o)
 .data          0x0000000000969e88       0x88 /home/janne/ebsdk/ebfw/obj/lx164//lib.a(vga.o)
                0x0000000000969e88                MAPSEL
                0x0000000000969ea8                vgadac
                0x0000000000969ed8                vgaainit
                0x0000000000969eed                vgaginit
                0x0000000000969ef6                vgacinit
 .data          0x0000000000969f10      0xd00 /home/janne/ebsdk/ebfw/obj/lx164//lib.a(vgafont.o)
                0x0000000000969f10                vga8x16gr
                0x000000000096a600                vga8x16gl
                0x000000000096ac00                vga8x16xx
 .data          0x000000000096ac10      0x18f /home/janne/ebsdk/ebfw/obj/lx164//lib.a(xlate.o)
                0x000000000096ac10                xlate
 .data          0x000000000096ad9f        0x0 /home/janne/ebsdk/ebfw/obj/lx164//lib.a(pci.o)
 .data          0x000000000096ad9f        0x0 /home/janne/ebsdk/ebfw/obj/lx164//lib.a(mflash.o)
 *fill*         0x000000000096ad9f        0x1 
 .data.rel      0x000000000096ada0       0x18 /home/janne/ebsdk/ebfw/obj/lx164//lib.a(mflash.o)
                0x000000000096ada0                FwUpdateFlashDriverList
 .data          0x000000000096adb8       0x50 /home/janne/ebsdk/ebfw/obj/lx164//lib.a(28f008sa.o)
                0x000000000096adb8                I28F008SA_DriverInformation
 .data          0x000000000096ae08       0xa0 /home/janne/ebsdk/ebfw/obj/lx164//lib.a(29f040.o)
                0x000000000096ae08                Am29F080_DriverInformation
                0x000000000096ae58                Am29F040_DriverInformation
 .data          0x000000000096aea8        0x0 /home/janne/ebsdk/ebfw/obj/lx164//lib.a(tga.o)
 .data          0x000000000096aea8        0x0 /home/janne/ebsdk/ebfw/obj/lx164//lib.a(string.o)
 .data          0x000000000096aea8        0x0 /home/janne/ebsdk/ebfw/obj/lx164//lib.a(ctype.o)
 .data          0x000000000096aea8        0x0 /home/janne/ebsdk/ebfw/obj/lx164//lib.a(ftype.o)
 .data          0x000000000096aea8        0x0 /home/janne/ebsdk/ebfw/obj/lx164//lib.a(rand.o)
 .data          0x000000000096aea8        0x0 /home/janne/ebsdk/ebfw/obj/lx164//lib.a(smc.o)
 .data          0x000000000096aea8        0x0 /home/janne/ebsdk/ebfw/obj/lx164//lib.a(sum.o)
 .data          0x000000000096aea8        0x0 /home/janne/ebsdk/ebfw/obj/lx164//lib.a(mcheck.o)
 .data          0x000000000096aea8        0x0 /home/janne/ebsdk/ebfw/obj/lx164//lib.a(isa_dma.o)
 .data          0x000000000096aea8        0x0 /home/janne/ebsdk/ebfw/obj/lx164//lib.a(memt.o)
 .data          0x000000000096aea8       0xa0 /home/janne/ebsdk/ebfw/obj/lx164//lib.a(floppy.o)
                0x000000000096aea8                FloppyDriveTypes
                0x000000000096aee4                FloppyDiskTypes
                0x000000000096af18                Error4Strings
 .data          0x000000000096af48        0x0 /home/janne/ebsdk/ebfw/obj/lx164//lib.a(scanf.o)
 .data          0x000000000096af48       0xc8 /home/janne/ebsdk/ebfw/obj/lx164//lib.a(atof.o)
 .data          0x000000000096b010        0x0 /home/janne/ebsdk/ebfw/obj/lx164//lib.a(halp.o)
 .data          0x000000000096b010        0x0 /home/janne/ebsdk/ebfw/obj/lx164//lib.a(flash.o)
 .data          0x000000000096b010        0x0 /home/janne/ebsdk/ebfw/obj/lx164//lib.a(exit.o)
 .data          0x000000000096b010       0x3a /home/janne/ebsdk/ebfw/obj/lx164//lib.a(setjmp.o)
 .data          0x000000000096b04a        0x0 /home/janne/ebsdk/ebfw/obj/lx164//stubs.a(cxx.o)
 .data          0x000000000096b04a        0x0 /home/janne/ebsdk/ebfw/obj/lx164//stubs.a(fflush.o)
 .data          0x000000000096b04a        0x0 /home/janne/ebsdk/ebfw/obj/lx164//stubs.a(stdlib.o)
 .data          0x000000000096b04a        0x0 /home/janne/ebsdk/ebfw/obj/lx164//stubs.a(sflash.o)
 .data          0x000000000096b04a        0x0 /usr/alpha-linux-gnu/lib/libc.a(memmove.o)
 .data          0x000000000096b04a        0x0 /usr/alpha-linux-gnu/lib/libc.a(strcat.o)
 .data          0x000000000096b04a        0x0 /usr/alpha-linux-gnu/lib/libc.a(strchr.o)
 .data          0x000000000096b04a        0x0 /usr/alpha-linux-gnu/lib/libc.a(strcmp.o)
 .data          0x000000000096b04a        0x0 /usr/alpha-linux-gnu/lib/libc.a(strcpy.o)
 .data          0x000000000096b04a        0x0 /usr/alpha-linux-gnu/lib/libc.a(strncat.o)
 .data          0x000000000096b04a        0x0 /usr/alpha-linux-gnu/lib/libc.a(strncmp.o)
 .data          0x000000000096b04a        0x0 /usr/alpha-linux-gnu/lib/libc.a(strncpy.o)
 .data          0x000000000096b04a        0x0 /usr/alpha-linux-gnu/lib/libc.a(strrchr.o)
 .data          0x000000000096b04a        0x0 /usr/alpha-linux-gnu/lib/libc.a(strstr.o)
 .data          0x000000000096b04a        0x0 /usr/alpha-linux-gnu/lib/libc.a(wordcopy.o)
 .data          0x000000000096b04a        0x0 /usr/alpha-linux-gnu/lib/libc.a(stxcpy.o)